TAP version 13
# Subtest: entire registry is initially laid out including disconnected/status/duplicate display IDs
ok 1 - entire registry is initially laid out including disconnected/status/duplicate display IDs
  ---
  duration_ms: 4.245459
  type: 'test'
  ...
# Subtest: zero-edge model is complete and supplied cycle components are grouped
ok 2 - zero-edge model is complete and supplied cycle components are grouped
  ---
  duration_ms: 1.547417
  type: 'test'
  ...
# Subtest: visibility is silent induced-edge projection; matches only dim; hidden selection/minimap remain explicit
ok 3 - visibility is silent induced-edge projection; matches only dim; hidden selection/minimap remain explicit
  ---
  duration_ms: 1.407125
  type: 'test'
  ...
# Subtest: empty projection does not discard complete model or auto-fit
ok 4 - empty projection does not discard complete model or auto-fit
  ---
  duration_ms: 0.884709
  type: 'test'
  ...
# Subtest: pan threshold distinguishes blank click from drag; node drag is layout only
ok 5 - pan threshold distinguishes blank click from drag; node drag is layout only
  ---
  duration_ms: 4.014541
  type: 'test'
  ...
# Subtest: wheel/pinch keep gesture anchor fixed and have finite positive scale
ok 6 - wheel/pinch keep gesture anchor fixed and have finite positive scale
  ---
  duration_ms: 2.213333
  type: 'test'
  ...
# Subtest: provided-host keyboard fallback pans; node arrows rove/Enter selects; input shortcuts ignored
ok 7 - provided-host keyboard fallback pans; node arrows rove/Enter selects; input shortcuts ignored
  ---
  duration_ms: 1.354084
  type: 'test'
  ...
# Subtest: queued resize after explicit Back viewport restore cannot translate or notify
ok 8 - queued resize after explicit Back viewport restore cannot translate or notify
  ---
  duration_ms: 1.102709
  type: 'test'
  ...
# Subtest: edge callback uses host CSS anchor and full stable edge ID
ok 9 - edge callback uses host CSS anchor and full stable edge ID
  ---
  duration_ms: 2.595875
  type: 'test'
  ...
# Subtest: layout captures cannot restore into another generation with coincident IDs
ok 10 - layout captures cannot restore into another generation with coincident IDs
  ---
  duration_ms: 1.618584
  type: 'test'
  ...
# Subtest: same-generation updates/layout restores preserve view; generation/null clears filters and old gestures
ok 11 - same-generation updates/layout restores preserve view; generation/null clears filters and old gestures
  ---
  duration_ms: 1.629333
  type: 'test'
  ...
# Subtest: 300/301/350/1000 registries and parameter fanout retain last object without caps
ok 12 - 300/301/350/1000 registries and parameter fanout retain last object without caps
  ---
  duration_ms: 109.692667
  type: 'test'
  ...
# Subtest: search and focus dim independently without hiding membership or mutating registry
ok 13 - search and focus dim independently without hiding membership or mutating registry
  ---
  duration_ms: 1.250334
  type: 'test'
  ...
# Subtest: explicit Arrange touches only visible requested positions and is silent, registry preserving and undoable
ok 14 - explicit Arrange touches only visible requested positions and is silent, registry preserving and undoable
  ---
  duration_ms: 0.723625
  type: 'test'
  ...
# Subtest: minimap nodes, induced edges and bounds use only rendered IDs; empty stays honest and registry survives
ok 15 - minimap nodes, induced edges and bounds use only rendered IDs; empty stays honest and registry survives
  ---
  duration_ms: 0.809
  type: 'test'
  ...
# Subtest: Center genuinely centers already-visible nodes at pan/zoom and side/below/resized host bounds
ok 16 - Center genuinely centers already-visible nodes at pan/zoom and side/below/resized host bounds
  ---
  duration_ms: 0.788084
  type: 'test'
  ...
# Subtest: blank/add repositions far-away new members near current view collision-free, preserves other manual positions and Undo
ok 17 - blank/add repositions far-away new members near current view collision-free, preserves other manual positions and Undo
  ---
  duration_ms: 0.823042
  type: 'test'
  ...
# Subtest: narrow side canvas prefers a visible vertical neighbor; collisions preserve the manual anchor
ok 18 - narrow side canvas prefers a visible vertical neighbor; collisions preserve the manual anchor
  ---
  duration_ms: 0.664833
  type: 'test'
  ...
# Subtest: exact CRLF/quoted/repeated/non-BMP source slices are separate from numbered gutter; Copy original source
ok 19 - exact CRLF/quoted/repeated/non-BMP source slices are separate from numbered gutter; Copy original source
  ---
  duration_ms: 7.036292
  type: 'test'
  ...
# Subtest: invalid/overlapping/missing-target spans never create guessed links
ok 20 - invalid/overlapping/missing-target spans never create guessed links
  ---
  duration_ms: 2.275792
  type: 'test'
  ...
# Subtest: opaque uncertainty is neutral disclosure; presentation diagnostics are review; no regex classification
ok 21 - opaque uncertainty is neutral disclosure; presentation diagnostics are review; no regex classification
  ---
  duration_ms: 2.743542
  type: 'test'
  ...
# Subtest: duplicate graph IDs select exactly supplied rows; status rows have no invented M
ok 22 - duplicate graph IDs select exactly supplied rows; status rows have no invented M
  ---
  duration_ms: 1.019375
  type: 'test'
  ...
# Subtest: capture/restore contains both scroll axes, wrap and stable occurrence descriptor
ok 23 - capture/restore contains both scroll axes, wrap and stable occurrence descriptor
  ---
  duration_ms: 2.540125
  type: 'test'
  ...
# Subtest: new selection, same-ID select, close, suspend, reset and destroy cancel queued restores
ok 24 - new selection, same-ID select, close, suspend, reset and destroy cancel queued restores
  ---
  duration_ms: 5.600583
  type: 'test'
  ...
# Subtest: newer restore/direct focus wins within same generation
ok 25 - newer restore/direct focus wins within same generation
  ---
  duration_ms: 0.714
  type: 'test'
  ...
# Subtest: same-generation context and hide/reopen preserve view; generation reset clears hidden source and callbacks
ok 26 - same-generation context and hide/reopen preserve view; generation reset clears hidden source and callbacks
  ---
  duration_ms: 0.552541
  type: 'test'
  ...
# Subtest: clipboard completion after close/reopen or reset cannot repaint code/status
ok 27 - clipboard completion after close/reopen or reset cannot repaint code/status
  ---
  duration_ms: 1.181417
  type: 'test'
  ...
# Subtest: focus controls emit only generation/selected-ID actions; Infinity serializes without changing source/view
ok 28 - focus controls emit only generation/selected-ID actions; Infinity serializes without changing source/view
  ---
  duration_ms: 1.129667
  type: 'test'
  ...
# Subtest: history restores focused controls by descriptor and never keeps old control DOM
ok 29 - history restores focused controls by descriptor and never keeps old control DOM
  ---
  duration_ms: 0.732333
  type: 'test'
  ...
# Subtest: Back retains strict 325px scroll with always-visible options; unrelated disclosures stay closed
ok 30 - Back retains strict 325px scroll with always-visible options; unrelated disclosures stay closed
  ---
  duration_ms: 1.833792
  type: 'test'
  ...
# Subtest: all four optional disclosure combinations restore exact scroll and booleans across source selection
ok 31 - all four optional disclosure combinations restore exact scroll and booleans across source selection
  ---
  duration_ms: 7.131875
  type: 'test'
  ...
# Subtest: legacy and partial disclosure state leave absent, invalid and unknown sections untouched
ok 32 - legacy and partial disclosure state leave absent, invalid and unknown sections untouched
  ---
  duration_ms: 1.795458
  type: 'test'
  ...
# Subtest: restored primary focus preserves scroll, and focus-triggered navigation cannot receive old scroll
ok 33 - restored primary focus preserves scroll, and focus-triggered navigation cannot receive old scroll
  ---
  duration_ms: 1.238167
  type: 'test'
  ...
# Subtest: stale disclosure restores cannot reopen prior or current source after any lifecycle cancellation
ok 34 - stale disclosure restores cannot reopen prior or current source after any lifecycle cancellation
  ---
  duration_ms: 5.473792
  type: 'test'
  ...
# Subtest: primary neighborhood controls stay visible, default wrap is true and explicit saved false survives history
ok 35 - primary neighborhood controls stay visible, default wrap is true and explicit saved false survives history
  ---
  duration_ms: 1.568416
  type: 'test'
  ...
# Subtest: expanded reader moves exact code DOM, copies original CRLF/UTF16 source, Escape closes reader first and returns focus
ok 36 - expanded reader moves exact code DOM, copies original CRLF/UTF16 source, Escape closes reader first and returns focus
  ---
  duration_ms: 1.021708
  type: 'test'
  ...
# Subtest: expanded history restores source focus/scroll and cannot reopen after stale lifecycle work
ok 37 - expanded history restores source focus/scroll and cannot reopen after stale lifecycle work
  ---
  duration_ms: 8.17125
  type: 'test'
  ...
# Subtest: reader keyboard boundary stays inside, and native-dialog autofocus navigation cancels old view restore
ok 38 - reader keyboard boundary stays inside, and native-dialog autofocus navigation cancels old view restore
  ---
  duration_ms: 1.336666
  type: 'test'
  ...
1..38
# tests 38
# suites 0
# pass 38
# fail 0
# cancelled 0
# skipped 0
# todo 0
# duration_ms 181.510584
