{
  "out": "/Users/przemek.harazny/.t3/worktrees/Semantic-Model-Viewer/test-pq-redesign-independent-20261008/docs/verification/pq-redesign/runtime-d3d8360/browser-after-helper-fix",
  "passed": 12,
  "failures": [
    {
      "name": "inventory/category a1-disconnected",
      "error": "Error: Timed out import input\n    at Object.until (/Users/przemek.harazny/.t3/worktrees/Semantic-Model-Viewer/test-pq-redesign-independent-20261008/tests/pq-redesign-independent-runtime-transport.cjs:15:176)\n    at async importCase (/Users/przemek.harazny/.t3/worktrees/Semantic-Model-Viewer/test-pq-redesign-independent-20261008/tests/pq-redesign-independent-d3d8360.browser.cjs:19:39)\n    at async /Users/przemek.harazny/.t3/worktrees/Semantic-Model-Viewer/test-pq-redesign-independent-20261008/tests/pq-redesign-independent-d3d8360.browser.cjs:36:19\n    at async check (/Users/przemek.harazny/.t3/worktrees/Semantic-Model-Viewer/test-pq-redesign-independent-20261008/tests/pq-redesign-independent-d3d8360.browser.cjs:14:36)\n    at async /Users/przemek.harazny/.t3/worktrees/Semantic-Model-Viewer/test-pq-redesign-independent-20261008/tests/pq-redesign-independent-d3d8360.browser.cjs:35:48"
    },
    {
      "name": "inventory/category a6-disconnected-1000",
      "error": "Error: Hidden click target\n    at Object.click (/Users/przemek.harazny/.t3/worktrees/Semantic-Model-Viewer/test-pq-redesign-independent-20261008/tests/pq-redesign-independent-runtime-transport.cjs:18:28)\n    at async /Users/przemek.harazny/.t3/worktrees/Semantic-Model-Viewer/test-pq-redesign-independent-20261008/tests/pq-redesign-independent-d3d8360.browser.cjs:55:117\n    at async check (/Users/przemek.harazny/.t3/worktrees/Semantic-Model-Viewer/test-pq-redesign-independent-20261008/tests/pq-redesign-independent-d3d8360.browser.cjs:14:36)\n    at async /Users/przemek.harazny/.t3/worktrees/Semantic-Model-Viewer/test-pq-redesign-independent-20261008/tests/pq-redesign-independent-d3d8360.browser.cjs:35:48"
    },
    {
      "name": "inventory/category a6-fanout-250",
      "error": "Error: Hidden click target\n    at Object.click (/Users/przemek.harazny/.t3/worktrees/Semantic-Model-Viewer/test-pq-redesign-independent-20261008/tests/pq-redesign-independent-runtime-transport.cjs:18:28)\n    at async /Users/przemek.harazny/.t3/worktrees/Semantic-Model-Viewer/test-pq-redesign-independent-20261008/tests/pq-redesign-independent-d3d8360.browser.cjs:55:117\n    at async check (/Users/przemek.harazny/.t3/worktrees/Semantic-Model-Viewer/test-pq-redesign-independent-20261008/tests/pq-redesign-independent-d3d8360.browser.cjs:14:36)\n    at async /Users/przemek.harazny/.t3/worktrees/Semantic-Model-Viewer/test-pq-redesign-independent-20261008/tests/pq-redesign-independent-d3d8360.browser.cjs:35:48"
    },
    {
      "name": "inventory/category a7-uncertainty",
      "error": "Error: Hidden click target\n    at Object.click (/Users/przemek.harazny/.t3/worktrees/Semantic-Model-Viewer/test-pq-redesign-independent-20261008/tests/pq-redesign-independent-runtime-transport.cjs:18:28)\n    at async /Users/przemek.harazny/.t3/worktrees/Semantic-Model-Viewer/test-pq-redesign-independent-20261008/tests/pq-redesign-independent-d3d8360.browser.cjs:55:117\n    at async check (/Users/przemek.harazny/.t3/worktrees/Semantic-Model-Viewer/test-pq-redesign-independent-20261008/tests/pq-redesign-independent-d3d8360.browser.cjs:14:36)\n    at async /Users/przemek.harazny/.t3/worktrees/Semantic-Model-Viewer/test-pq-redesign-independent-20261008/tests/pq-redesign-independent-d3d8360.browser.cjs:35:48"
    },
    {
      "name": "A3 frozen hidden-selection/reference/Back/reset workflow",
      "error": "Error: {\"exceptionId\":1,\"text\":\"Uncaught\",\"lineNumber\":0,\"columnNumber\":105,\"scriptId\":\"31\",\"stackTrace\":{\"callFrames\":[{\"functionName\":\"\",\"scriptId\":\"31\",\"url\":\"\",\"lineNumber\":0,\"columnNumber\":111},{\"functionName\":\"\",\"scriptId\":\"31\",\"url\":\"\",\"lineNumber\":0,\"columnNumber\":276}]},\"exception\":{\"type\":\"object\",\"subtype\":\"error\",\"className\":\"Error\",\"description\":\"Error: Missing click target\\n    at <anonymous>:1:112\\n    at <anonymous>:1:277\",\"objectId\":\"-1230289413322634201.2.2\"}}\n    at evaluate (/Users/przemek.harazny/.t3/worktrees/Semantic-Model-Viewer/test-pq-redesign-independent-20261008/tests/pq-redesign-independent-runtime-transport.cjs:14:153)\n    at async Object.click (/Users/przemek.harazny/.t3/worktrees/Semantic-Model-Viewer/test-pq-redesign-independent-20261008/tests/pq-redesign-independent-runtime-transport.cjs:17:12)\n    at async importCase (/Users/przemek.harazny/.t3/worktrees/Semantic-Model-Viewer/test-pq-redesign-independent-20261008/tests/pq-redesign-independent-d3d8360.browser.cjs:22:3)\n    at async /Users/przemek.harazny/.t3/worktrees/Semantic-Model-Viewer/test-pq-redesign-independent-20261008/tests/pq-redesign-independent-d3d8360.browser.cjs:58:5\n    at async check (/Users/przemek.harazny/.t3/worktrees/Semantic-Model-Viewer/test-pq-redesign-independent-20261008/tests/pq-redesign-independent-d3d8360.browser.cjs:14:36)\n    at async /Users/przemek.harazny/.t3/worktrees/Semantic-Model-Viewer/test-pq-redesign-independent-20261008/tests/pq-redesign-independent-d3d8360.browser.cjs:57:3"
    },
    {
      "name": "A4 exact source, all five occurrence links, trusted Enter and Back",
      "error": "Error: Timed out import input\n    at Object.until (/Users/przemek.harazny/.t3/worktrees/Semantic-Model-Viewer/test-pq-redesign-independent-20261008/tests/pq-redesign-independent-runtime-transport.cjs:15:176)\n    at async importCase (/Users/przemek.harazny/.t3/worktrees/Semantic-Model-Viewer/test-pq-redesign-independent-20261008/tests/pq-redesign-independent-d3d8360.browser.cjs:19:39)\n    at async /Users/przemek.harazny/.t3/worktrees/Semantic-Model-Viewer/test-pq-redesign-independent-20261008/tests/pq-redesign-independent-d3d8360.browser.cjs:74:5\n    at async check (/Users/przemek.harazny/.t3/worktrees/Semantic-Model-Viewer/test-pq-redesign-independent-20261008/tests/pq-redesign-independent-d3d8360.browser.cjs:14:36)\n    at async /Users/przemek.harazny/.t3/worktrees/Semantic-Model-Viewer/test-pq-redesign-independent-20261008/tests/pq-redesign-independent-d3d8360.browser.cjs:73:3"
    }
  ]
}
