{
  "out": "/Users/przemek.harazny/.t3/worktrees/Semantic-Model-Viewer/test-pq-redesign-independent-20261008/docs/verification/pq-redesign/runtime-d3d8360/browser-additional",
  "passed": 2,
  "failures": [
    {
      "name": "A2 parameter five consumer highlighting and input-to-result geometry",
      "error": "Error: {\"exceptionId\":1,\"text\":\"Uncaught\",\"lineNumber\":0,\"columnNumber\":123,\"scriptId\":\"41\",\"stackTrace\":{\"callFrames\":[{\"functionName\":\"\",\"scriptId\":\"41\",\"url\":\"\",\"lineNumber\":0,\"columnNumber\":129},{\"functionName\":\"\",\"scriptId\":\"41\",\"url\":\"\",\"lineNumber\":0,\"columnNumber\":294}]},\"exception\":{\"type\":\"object\",\"subtype\":\"error\",\"className\":\"Error\",\"description\":\"Error: Missing click target\\n    at <anonymous>:1:130\\n    at <anonymous>:1:295\",\"objectId\":\"1960272870980712080.2.2\"}}\n    at evaluate (/Users/przemek.harazny/.t3/worktrees/Semantic-Model-Viewer/test-pq-redesign-independent-20261008/tests/pq-redesign-independent-runtime-transport.cjs:14:153)\n    at async Object.click (/Users/przemek.harazny/.t3/worktrees/Semantic-Model-Viewer/test-pq-redesign-independent-20261008/tests/pq-redesign-independent-runtime-transport.cjs:18:12)\n    at async select (/Users/przemek.harazny/.t3/worktrees/Semantic-Model-Viewer/test-pq-redesign-independent-20261008/tests/pq-redesign-independent-d3d8360-additional.browser.cjs:29:31)\n    at async /Users/przemek.harazny/.t3/worktrees/Semantic-Model-Viewer/test-pq-redesign-independent-20261008/tests/pq-redesign-independent-runtime-scenarios.cjs:8:64\n    at async check (/Users/przemek.harazny/.t3/worktrees/Semantic-Model-Viewer/test-pq-redesign-independent-20261008/tests/pq-redesign-independent-d3d8360-additional.browser.cjs:14:36)\n    at async module.exports (/Users/przemek.harazny/.t3/worktrees/Semantic-Model-Viewer/test-pq-redesign-independent-20261008/tests/pq-redesign-independent-runtime-scenarios.cjs:7:1)\n    at async /Users/przemek.harazny/.t3/worktrees/Semantic-Model-Viewer/test-pq-redesign-independent-20261008/tests/pq-redesign-independent-d3d8360-additional.browser.cjs:36:3"
    },
    {
      "name": "Reset filters narrow viewport/layout regression diagnosis",
      "error": "AssertionError [ERR_ASSERTION]: Frozen reset oracle preserves viewport\n+ actual - expected\n\n  {\n    k: 1.3,\n    x: 123,\n+   y: 126\n-   y: 87\n  }\n\n    at /Users/przemek.harazny/.t3/worktrees/Semantic-Model-Viewer/test-pq-redesign-independent-20261008/tests/pq-redesign-independent-runtime-scenarios.cjs:18:318\n    at async check (/Users/przemek.harazny/.t3/worktrees/Semantic-Model-Viewer/test-pq-redesign-independent-20261008/tests/pq-redesign-independent-d3d8360-additional.browser.cjs:14:36)\n    at async module.exports (/Users/przemek.harazny/.t3/worktrees/Semantic-Model-Viewer/test-pq-redesign-independent-20261008/tests/pq-redesign-independent-runtime-scenarios.cjs:14:1)\n    at async /Users/przemek.harazny/.t3/worktrees/Semantic-Model-Viewer/test-pq-redesign-independent-20261008/tests/pq-redesign-independent-d3d8360-additional.browser.cjs:36:3"
    },
    {
      "name": "A5 keyboard pan zoom fit search keys Escape focus Tab exit and inspector resize",
      "error": "AssertionError [ERR_ASSERTION]: Expected values to be strictly equal:\n\n0 !== 1\n\n    at /Users/przemek.harazny/.t3/worktrees/Semantic-Model-Viewer/test-pq-redesign-independent-20261008/tests/pq-redesign-independent-runtime-scenarios.cjs:24:36\n    at async check (/Users/przemek.harazny/.t3/worktrees/Semantic-Model-Viewer/test-pq-redesign-independent-20261008/tests/pq-redesign-independent-d3d8360-additional.browser.cjs:14:36)\n    at async module.exports (/Users/przemek.harazny/.t3/worktrees/Semantic-Model-Viewer/test-pq-redesign-independent-20261008/tests/pq-redesign-independent-runtime-scenarios.cjs:20:1)\n    at async /Users/przemek.harazny/.t3/worktrees/Semantic-Model-Viewer/test-pq-redesign-independent-20261008/tests/pq-redesign-independent-d3d8360-additional.browser.cjs:36:3"
    },
    {
      "name": "A7 exact multipartition duplicate and uncertainty inspectors",
      "error": "AssertionError [ERR_ASSERTION]: The expression evaluated to a falsy value:\n\n  assert.ok(/Static|analysis|Cycle/i.test(s.presentation.body))\n\n    at /Users/przemek.harazny/.t3/worktrees/Semantic-Model-Viewer/test-pq-redesign-independent-20261008/tests/pq-redesign-independent-runtime-scenarios.cjs:40:71\n    at async check (/Users/przemek.harazny/.t3/worktrees/Semantic-Model-Viewer/test-pq-redesign-independent-20261008/tests/pq-redesign-independent-d3d8360-additional.browser.cjs:14:36)\n    at async module.exports (/Users/przemek.harazny/.t3/worktrees/Semantic-Model-Viewer/test-pq-redesign-independent-20261008/tests/pq-redesign-independent-runtime-scenarios.cjs:31:1)\n    at async /Users/przemek.harazny/.t3/worktrees/Semantic-Model-Viewer/test-pq-redesign-independent-20261008/tests/pq-redesign-independent-d3d8360-additional.browser.cjs:36:3"
    },
    {
      "name": "A8 model metadata generation reset suspended state and stale callback rejection",
      "error": "AssertionError [ERR_ASSERTION]: The expression evaluated to a falsy value:\n\n  assert.ok((await inspect()).code.includes('PQ_REDESIGN_B'))\n\n    at /Users/przemek.harazny/.t3/worktrees/Semantic-Model-Viewer/test-pq-redesign-independent-20261008/tests/pq-redesign-independent-runtime-scenarios.cjs:63:35\n    at async check (/Users/przemek.harazny/.t3/worktrees/Semantic-Model-Viewer/test-pq-redesign-independent-20261008/tests/pq-redesign-independent-d3d8360-additional.browser.cjs:14:36)\n    at async module.exports (/Users/przemek.harazny/.t3/worktrees/Semantic-Model-Viewer/test-pq-redesign-independent-20261008/tests/pq-redesign-independent-runtime-scenarios.cjs:60:1)\n    at async /Users/przemek.harazny/.t3/worktrees/Semantic-Model-Viewer/test-pq-redesign-independent-20261008/tests/pq-redesign-independent-d3d8360-additional.browser.cjs:36:3"
    }
  ]
}
