
> semantic-model-viewer@0.3.3 test
> npm run sync-viewer && npm run check-viewer && node --test --test-concurrency=1 ../tests/*.test.cjs ../tests/extension.test.js ../tests/usage-adapter.test.js ../Models/tools/viewer/tests/*.test.js


> semantic-model-viewer@0.3.3 sync-viewer
> node scripts/sync-viewer.js

synced 24 viewer runtime assets from Models/tools/viewer into media/

> semantic-model-viewer@0.3.3 check-viewer
> node scripts/sync-viewer.js --check

verified 24 viewer runtime assets; no model or report data bundled
✔ blank canvas and table membership persist separately for each model (5.490792ms)
✔ Explore all keeps laying the model out until the reader actually arranges it (1.207ms)
✔ saved membership ignores deleted table names (0.591209ms)
✔ remove clears focus and membership and undo restores the table (0.762542ms)
✔ removeMany drops several tables, their marks and focus in one undoable step (0.672584ms)
✔ removeMany with nothing on the canvas is a no-op that leaves undo untouched (0.764916ms)
✔ blank layout can be undone with positions and viewport restored (0.571041ms)
✔ dragging a table converts screen coordinates and persists the placement (0.56975ms)
✔ dragging over the empty-state sibling bubbles to main and adds the first table (0.554459ms)
✔ table drops outside every edge of the canvas are rejected (2.653792ms)
✔ table drops in other views are rejected even inside the canvas rectangle (1.471ms)
✔ file drags remain available to model import without changing canvas membership (0.484417ms)
✔ undo persists restored positions so reload cannot resurrect an undone arrangement (1.288042ms)
✔ adding another table preserves positions already arranged by the user (0.709375ms)
✔ a no-op add leaves undo history unchanged (0.689042ms)
✔ restoring membership clears selected, locked and pinned tables outside that layout (0.660667ms)
✔ blank layout closes a previously selected relationship popover (0.556041ms)
✔ removing a relationship endpoint closes its popover (0.608125ms)
✔ relationship expansion respects direct/incoming/all settings (0.674041ms)
✔ minimap navigation centers its chosen world point without changing zoom (0.548291ms)
✔ canvas visibility honors blank and partial membership even for connected tables (0.525833ms)
✔ named presets restore membership, positions and viewport, including an empty canvas (0.900625ms)
✔ named views restore focus and hide unrelated without losing hidden table membership (1.533583ms)
✔ hide unrelated follows distance but never adds related tables outside membership (1.267583ms)
✔ legacy presets clear prior focus even if the formerly selected table remains a member (0.857875ms)
✔ undo after restoring a named view restores the prior focus, hidden state and viewport (0.741333ms)
✔ restoring an empty named view clears focus and leaves every card hidden (0.685459ms)
✔ restore ignores removed tables and malformed geometry while keeping valid positions (0.656667ms)
✔ saved views preserve the minimum zoom produced by fitView for large diagrams (0.812625ms)
✔ save and delete report storage failure without replacing previously saved views (0.73725ms)
✔ generated default view names fill gaps without overwriting another saved view (0.642542ms)
✔ dropping a library table preserves selection and pins the new table to keep it visible in focus (0.612333ms)
✔ restoring and undoing a named view restores display settings and expansion controls (0.781875ms)
✔ dropping a connected table does not expand direct focus through an unnecessary pin (1.007875ms)
✔ arranging focused tables leaves hidden table positions and membership unchanged (1.789791ms)
✔ filter paths drive canvas highlighting and hiding in the selected direction (1.911708ms)
✔ canvas paths honor indirect, inactive and bidirectional relationships (0.836333ms)
✔ saved views restore filter path direction, distance and inactive setting (0.788917ms)
✔ the table library filters by domain and by source, alongside search and the canvas filter (0.680625ms)
✔ incoming and outgoing preserve TOM direction and direct/transitive distances (0.64475ms)
✔ a common fact table does not make one dimension filter another (0.081375ms)
✔ bidirectional relationships add the reverse filter arc only on that edge (0.063958ms)
✔ inactive relationships are opt-in for every traversal direction (0.385292ms)
✔ single-direction many-to-many is still to -> from (0.086833ms)
✔ cycles and parallel relationships terminate with unique shortest distances (0.056625ms)
✔ disconnected, absent and dangling tables are safe (0.049666ms)
✔ multiple roots keep zero distance and find the nearest root (0.03775ms)
✔ zero depth returns roots and rejects invalid depth or direction (0.20275ms)
✔ prototype names, Unicode and apostrophes are ordinary identifiers (0.08225ms)
✔ path evidence references original edges without mutating model data (0.098959ms)
✔ raw crossFilteringBehavior is honored and automatic direction stays unresolved (0.063542ms)
✔ dependency index resolves qualified measures and preserves real column references (3.751125ms)
✔ strings, comments, escaped identifiers and case-insensitive names do not lose or invent edges (1.168667ms)
✔ late built-in report usage cannot leak into a subsequently selected imported model (2.922833ms)
✔ report usage still loads for the active built-in model (1.284875ms)
✔ a late model fetch cannot replace a newer model selection (1.158083ms)
✔ storage failure preserves the import preview and current model, then allows retry (0.805125ms)
✔ multi-model import failure does not close the dialog or open a fallback model (1.228209ms)
✔ repo cache storage failure does not silently reopen the stale cached model (0.821666ms)
✔ repo refresh cannot reopen an old selection after the user switches model (0.932958ms)
✔ a drop handled by the import modal stops bubbling to the root import listener (0.684375ms)
✔ root import listener ignores internal table drags and text-only drops (0.822875ms)
✔ switching models after expanding cards cannot restore the previous model positions (1.1865ms)
✔ forced render refreshes an already-open layout list after saving and deleting a preset (0.905417ms)
✔ a genuinely fresh browser boots with no model selected, not the bundled sample (0.720375ms)
✔ a fresh boot never persists a current-model choice the user did not make (0.71275ms)
✔ a returning user (smv_current_v1 already set) still boots straight into their model (1.133583ms)
✔ model switches restore lane zoom with positions and discard the previous model size cache (0.98925ms)
✔ invalid saved lane zoom falls back to a finite supported value (0.692083ms)
✔ role annotation patch preserves DAX, child annotations, and CRLF; Auto removes only table annotation (1.065917ms)
✔ repo role writes TMDL and is visible in a fresh parser without browser overrides (1.740083ms)
✔ denied or failed repo writes leave classification and file unchanged (1.698583ms)
✔ cached disconnected repo does not silently save a browser-only override (1.326667ms)
✔ importing a model with an existing name updates it in place and keeps its id (0.826208ms)
✔ refresh re-reads the open model, reports new tables, and remembers the folder (1.134208ms)
✔ a folder import remembers its folder, so refresh never shows the picker (2.639583ms)
✔ refresh with an unchanged source makes no change (1.366375ms)
✔ refresh cancelled at the folder picker or failing to read changes nothing (1.142166ms)
✔ refresh is unavailable for the built-in model, hosts, and browsers without folder access (0.878042ms)
✔ local app: the folder chooser resolves to the chosen folder and remembers it (2.726417ms)
✔ local app: connecting a repo scans through the server and opens its single model, no browser picker (1.940292ms)
✔ local app: Refresh re-reads a repo model and an imported model without any prompt (1.054541ms)
✔ local app: the hosted page is the demo and opens the sample; the local app does not (0.895959ms)
✔ an explicit focus keeps the viewport it aimed at; an ordinary selection still refits (2.211125ms)
✔ panning preserves selected table, pins, lock, relationship and isolate visibility (1.041792ms)
✔ an out-and-back pan remains a drag when released at its starting point (0.565542ms)
✔ a background click clears selection and pins only after release while retaining its lock (0.471041ms)
✔ pointer jitter stays a click and never moves the viewport (0.437583ms)
✔ pan threshold uses screen pixels at every zoom (1.417458ms)
✔ right and middle gestures cannot pan or clear selection (0.722333ms)
✔ moving another card preserves existing selection, pins and locked roots (0.469958ms)
✔ a card click selects that card without becoming a background click (0.369292ms)
✔ right and middle gestures cannot move or select a card (0.854417ms)
✔ canvas controls and their descendants cannot initiate a pan (1.806167ms)
✔ blur cancels a pending background click without clearing selection (0.376791ms)
✔ blur ends a pan until a fresh gesture starts (0.41425ms)
✔ blur ends a card drag, persists its position once and ignores later pointer movement (0.402ms)
✔ shift+drag on the background marks the tables the box touches without panning or clearing focus (0.599625ms)
✔ alt+click toggles a table in the marked set and a background click clears it (0.438667ms)
✔ webview packages canonical CSS and hashed scripts with a fresh nonce and adapter first (12.572917ms)
✔ snapshotAssets returns complete portable assets and pristine template without the host adapter (3.278708ms)
✔ saveSnapshot uses the user-selected destination, preserves UTF-8, and strips paths from the suggested name (2.334584ms)
✔ snapshot cancellation writes nothing and failures return a request error (2.203584ms)
✔ malformed messages, unsupported requests and storage keys cannot call privileged APIs (1.67925ms)
✔ openFile accepts model source paths and blocks traversal, absolute paths, and outside symlinks (3.078917ms)
✔ a standalone BIM only permits opening the selected model file (1.400583ms)
✔ untrusted workspaces may browse and load analysis files but never execute the cleaner (2.186792ms)
✔ cleaner uses an executable and argument array without a shell, unique outputs and cleanup on every outcome (1.441542ms)
✔ ready initialization follows the latest requested model while an older read is pending (3.238167ms)
✔ a slower openModel request cannot replace the newer model or watcher (2.867292ms)
✔ a refresh cannot push stale data after switching models and refreshModel acknowledges its push (1.745125ms)
✔ analysis picked for a previous model is cancelled and cannot be pushed by the command (2.351292ms)
✔ automatic cleaner usage is tied to the model revision and includes the model identity (2.717834ms)
✔ disposing the panel clears pending watcher refresh and prevents old reads reaching a new panel (453.126166ms)
✔ VS Code boot seeds shared preferences before constructing and has an actionable empty model picker (11.608417ms)
✔ host default model retains the shared parser, dependency graph, table canvas and all four views (7.295083ms)
✔ choosing models uses host requests and keeps table membership, coordinates and usage isolated (5.196084ms)
✔ late open and analysis responses cannot replace a more recently selected model (6.251875ms)
✔ same-model refresh preserves selected measures and the existing table workspace and viewport (4.856ms)
✔ host request errors remain actionable and file drops do not enter browser import (2.083375ms)
✔ VS Code snapshot save uses host assets and save bridge, yields ordinary offline HTML, and supports cancellation (14.065375ms)
✔ optional Cleaner status pills render in library, selected measure, comparison DAX and table columns (14.289917ms)
✔ analysis mismatch is rejected and status maps are cleared when selecting a different model (9.103291ms)
✔ host initialization errors produce an accessible failure instead of a blank or sample viewer (3.839292ms)
✔ host model switching restores each model lane zoom before layout and fit (5.7385ms)
extension.test.js: ok
✔ ../tests/extension.test.js (56.06575ms)
✔ star, constellation and layered place every card clear of the others (bundled model) (167.2805ms)
✔ a single-hub subset keeps the per-hub ring (bundled model) (6.529917ms)
✔ the whole model star puts the conformed dims inside the ring of facts (bundled model) (19.342417ms)
✔ the tray of relationship-free tables sits under the picture (bundled model) (17.222667ms)
✔ layered puts every fact below every dimension (bundled model) (30.62875ms)
✔ layouts are deterministic (bundled model) (112.533334ms)
✔ star, constellation and layered place every card clear of the others (synthetic star) (5.130417ms)
✔ a single-hub subset keeps the per-hub ring (synthetic star) (0.98325ms)
✔ the whole model star puts the conformed dims inside the ring of facts (synthetic star) (0.937167ms)
✔ the tray of relationship-free tables sits under the picture (synthetic star) (0.878208ms)
✔ layered puts every fact below every dimension (synthetic star) (0.915125ms)
✔ layouts are deterministic (synthetic star) (3.993208ms)
✔ star beats the galaxy rows on edge crossings for the bundled model (58.510042ms)
✔ the converging arrange lands the whole model at or above the floor with nothing stacked (280.9215ms)
✔ chip titles scale with the zoom so a table name is never smaller than 11px on screen (1.2195ms)
✔ cellFor(k) always clears the chip drawn at k (0.851416ms)
✔ full-card lanes leave room for the relationship pill, chip lanes keep the 12px gutter (0.915375ms)
✔ an arrange whose fit lands on full cards lays out again for that zoom (0.741625ms)
✔ a focused star at card zoom seats its cards a pill apart (0.976ms)
✔ detail mode decides the chip treatment, zoom only decides it on Auto (1.138875ms)
✔ the filter arrow is a fixed size on screen and doubles up for bidirectional edges (0.759958ms)
✔ the combined pill puts each cardinality on the side its table lies, arrow in between (1.344708ms)
✔ the pill is a fixed size on screen and its seat box follows it (0.994584ms)
✔ a label that would land on a card or on another label takes the next free seat (1.021708ms)
✔ a subset arrange never moves a table that is not on the canvas (4.812125ms)
✔ Arrange applies the layout chosen in Display, not a hard-coded grid (9.398791ms)
✔ Arrange leaves the tables that are hidden by focus where they were (18.623166ms)
✔ the grid option lays tables out in plain rows, on the same lanes as every other layout (1.220833ms)
✔ the grid option seats the selected table ahead of the tables it connects to (0.882917ms)
✔ a big model arranges in well under a second instead of grinding on the refinement pass (58.126958ms)
✔ a table related only to something off the canvas keeps its place beside the picture (1.211ms)
✔ an arrange over tables with no relationships between them falls back to the grid (0.737667ms)
✔ fit aims at the unobstructed canvas: the drawer and the overview map are cut away, with 24px of padding (0.66875ms)
✔ an obstruction that misses the canvas costs nothing, and one that swallows it falls back to the padded host (0.574125ms)
✔ Escape closes the Display popover first, then Saved views, and returns focus to the button (0.655583ms)
✔ Mac launcher reopens Google Chrome when its profile process survives without a viewer window (10.713625ms)
✔ Mac launcher reopens Microsoft Edge when its profile process survives without a viewer window (10.96075ms)
✔ Mac launcher cold start uses the same dedicated-profile window launch as reopening (19.766458ms)
✔ Mac launcher retains the default-browser fallback without Chrome or Edge (9.614625ms)
✔ library search finds names, folders, home tables and DAX, expanding matching folders (2.558333ms)
✔ visibility and home-table filters combine and stale table filters recover after model switching (0.500875ms)
✔ folder paths do not inflate the matching-measure count (4.16625ms)
✔ DAX highlighting preserves source spelling and resolves qualified references and escaped identifiers (0.946834ms)
✔ DAX render cache is invalidated whenever the selected main panel is rebuilt (0.44825ms)
✔ Fit contains a large graph and Center uses scaled node coordinates (0.443792ms)
✔ graph orientation preserves dependencies and reflects vertical layers without rotating labels (0.983542ms)
✔ branching and cyclic graphs stay inside bounds in every orientation (0.547459ms)
✔ workspace preferences round-trip and invalid stored values receive safe defaults (0.957791ms)
✔ zoom preserves the viewport center when moving between a fitted stage and scrolling (0.532333ms)
✔ measure snapshot is JSON-safe and preserves comparison, library state, preferences and viewport (0.592208ms)
✔ snapshot restore sanitizes model references and numeric values without changing the app view or saved preferences (0.491917ms)
✔ viewport restoration waits for visible layout and ignores superseded model state (0.439875ms)
✔ invalid selections clear comparison and expansions, and auto-fit restores responsively (0.364041ms)
✔ a hidden graph viewport is not reused for a different expansion context (0.351458ms)
✔ dependents are grouped by home table then display folder, and the grouping is deterministic (1.37375ms)
✔ the group expander reveals every member and collapsing puts them back (1.034584ms)
✔ group expansion is remembered per analyzed measure and never leaks between them (1.469458ms)
✔ the graph opens on the analyzed measure at a readable zoom, in every orientation (1.1305ms)
✔ a small dependency graph is not grouped (0.426959ms)
✔ collapsed measures retain semantic roles and Expand all draws every included path (1.574125ms)
✔ plus six reveals six downstream neighbours and minus removes exactly those six (2.231167ms)
✔ legacy extras cannot offer to remove mandatory upstream or downstream measures (0.875583ms)
✔ Expand all reports the display limit and does not hide additional groups at the cap (25.535542ms)
✔ library search lists name matches before measures that only mention the text in DAX (0.663458ms)
✔ DAX code block resets the host <code> styling so tokens stay readable in VS Code themes (0.171292ms)
✔ quoted identifiers decode escapes; strings and comments never create edges (4.079625ms)
✔ let forward references, nested sibling scopes and quoted shadowing (0.747917ms)
✔ exclusive initialization is explicit, inclusive recursive references are local (1.371667ms)
✔ typed functions and each do not shadow sibling arguments or branches (1.195667ms)
✔ record generalized fields, projection, item access and type names (0.827583ms)
✔ dynamic, unresolved, library and malformed inputs remain explicit (1.993292ms)
✔ table names resolve rather than partition names; ambiguous identities never resolve (0.320209ms)
✔ graph exposes direct edges, cycle components and disconnected nodes without mutation (0.598542ms)
✔ depth limits are explicit and do not throw to consumers (0.835417ms)
✔ render provides safe clickable code navigation and visible uncertainty in its host (0.626458ms)
✔ missing/non-M targets remain navigable and every result retains partial status (0.314292ms)
✔ render exposes cycles and replaces the old host contents on navigation (0.370542ms)
✔ progressive expansion and exact code navigation preserve partition root, expansion and scroll (4.067ms)
✔ partition state is isolated and app model/metadata replacement clears expansion (1.050208ms)
✔ SCC and self cycles terminate; dynamic/missing references stay visible as uncertainty (0.589667ms)
✔ duplicate, missing, wrong-table, non-M and no-root states never open arbitrary code (1.578625ms)
✔ optional analyzer unavailable is explicit (0.437834ms)
✔ hostile labels are text, keyboard navigation moves focus and edge navigation targets upstream code (0.466083ms)
✔ large graph uses complete metadata resolution but caps visible nodes with explicit limits (4.855541ms)
✔ large-model duplicate names never become resolved edges (0.654959ms)
✔ branch expansion caps nodes and reset restores first page (2.332958ms)
✔ model replacement without a valid root still invalidates previous state (0.741417ms)
✔ bounded large-model cycle findings include only expanded visible edges (0.720333ms)
✔ BIM preserves exact string / array code, partitions, stable identities, kinds and missing states (2.682792ms)
✔ TMDL keeps decoded M indentation, quoted names, multiple partitions and shared expressions (1.496125ms)
✔ TMDL fenced code preserves trailing whitespace, blank lines and CRLF (1.03425ms)
✔ identities survive file order and no metadata does not invent code (0.884875ms)
✔ snapshot export allowlist excludes raw M and metadata (including hostile markers) (0.587541ms)
✔ stale hook code navigation cannot close or change a newer model inspector (0.991125ms)
✔ BIM independently authored inventory, exact text and states (2.040834ms)
✔ TMDL independently authored inventory, exact text and states (2.295625ms)
✔ independent scope/lexical/dynamic oracle and cycles (3.470625ms)
✔ snapshot analytical allowlist excludes all acceptance raw-code sentinels (0.266625ms)
✔ replacement metadata contains no previous query identities (0.38025ms)
✔ serve.py answers the page: ping, browse, find, model, static files (93.191292ms)
✔ serve.py preserves raw fenced TMDL newlines and whitespace through metadata parsing (58.355875ms)
✔ serve.py refuses requests from other websites and never writes (59.301ms)
✔ serve.py starts again on the same port right after it stopped (209.708ms)
✔ offline startup restores graph without normal model, usage, repo or IDB access (7.831375ms)
✔ offline startup restores measures without normal model, usage, repo or IDB access (1.890667ms)
✔ offline startup restores clusters without normal model, usage, repo or IDB access (2.277167ms)
✔ offline startup restores matrix without normal model, usage, repo or IDB access (2.439916ms)
✔ offline startup preserves intentionally empty canvas membership and discards invalid focus (1.864625ms)
✔ switching snapshot Domains and Tables retains each viewport and domain expansion positions (4.758958ms)
✔ an invalid embedded snapshot reports failure instead of falling back to fetch or repositories (2.535833ms)
✔ snapshot export reports progress, prevents duplicate saves and permits retry after failure (1.858292ms)
✔ recipient UI keeps four analysis modes and Save snapshot but has no model switcher, import or PNG (12.930583ms)
✔ Domains then Measures preserves table focus, expanded display, positions and camera for export (3.687917ms)
✔ new table changes after returning from Domains replace the previously cached table view (2.067333ms)
✔ Matrix snapshot restores both scroll axes and caches them before leaving the view (1.370208ms)
✔ malformed Matrix scroll values are sanitized without affecting table state (1.205542ms)
✔ direct measure navigation captures the latest table changes before changing modes (2.532125ms)
✔ model serialization preserves analytical schema and exact DAX while excluding source secrets and unknown fields (1.153583ms)
✔ blank workspace exports every table and measure, independent of visible membership and search (2.103166ms)
✔ HTML embeds hostile DAX and Unicode losslessly without creating executable data scripts (16.948209ms)
✔ dollar replacement sequences remain literal in names, DAX, and the saved template (4.756625ms)
✔ HTML is self-contained and denies network requests through its content security policy (3.572458ms)
✔ an exported snapshot can package its inline assets again without fetch or local asset paths (8.283125ms)
✔ unsupported versions and malformed embedded model data are rejected explicitly (0.643167ms)
✔ missing runtime assets abort export rather than creating an incomplete HTML file (1.764625ms)
✔ memory storage never touches native storage and replaces all preferences between snapshots (1.140333ms)
✔ embedded payload switches to memory before application constructors read preferences (0.854ms)
✔ invalid embedded payload remains isolated instead of falling back to recipient storage (0.704666ms)
✔ a bare `database` line (no inline name) does not read its own compatibilityLevel property as the name (6.618042ms)
✔ an inline `database <Name>` line still parses correctly (older/common TMDL style) (1.69975ms)
✔ the repo fixture (inline database name) still parses to its real name (12.074042ms)
✔ names with an escaped apostrophe keep their measures and columns (1.2045ms)
usage-adapter.test.js: ok
✔ ../tests/usage-adapter.test.js (34.986583ms)
✔ matrix updates immediately when table roles change without a model or count change (10.752125ms)
✔ a model with no fact tables has a covering empty state and working next actions (0.950208ms)
✔ matrix is a semantic table and empty relationships are not focusable controls (1.24575ms)
✔ table relationship tooltip escapes all model-supplied names (0.884875ms)
✔ aggregated domain relationship tooltip escapes model-supplied names on hover (0.840333ms)
✔ switching away from Tables closes the inspector, and coming back reopens it on the same table (0.63625ms)
ℹ tests 265
ℹ suites 0
ℹ pass 265
ℹ fail 0
ℹ cancelled 0
ℹ skipped 0
ℹ todo 0
ℹ duration_ms 12669.988958
