
> semantic-model-viewer@0.3.3 test
> npm run sync-viewer && npm run check-viewer && node --test --test-concurrency=1 ../tests/*.test.cjs ../tests/extension.test.js ../tests/usage-adapter.test.js ../Models/tools/viewer/tests/*.test.js


> semantic-model-viewer@0.3.3 sync-viewer
> node scripts/sync-viewer.js

synced 24 viewer runtime assets from Models/tools/viewer into media/

> semantic-model-viewer@0.3.3 check-viewer
> node scripts/sync-viewer.js --check

verified 24 viewer runtime assets; no model or report data bundled
✔ blank canvas and table membership persist separately for each model (5.414791ms)
✔ Explore all keeps laying the model out until the reader actually arranges it (3.100625ms)
✔ saved membership ignores deleted table names (0.627042ms)
✔ remove clears focus and membership and undo restores the table (0.6625ms)
✔ removeMany drops several tables, their marks and focus in one undoable step (0.632208ms)
✔ removeMany with nothing on the canvas is a no-op that leaves undo untouched (1.029ms)
✔ blank layout can be undone with positions and viewport restored (0.686667ms)
✔ dragging a table converts screen coordinates and persists the placement (0.623583ms)
✔ dragging over the empty-state sibling bubbles to main and adds the first table (0.627916ms)
✔ table drops outside every edge of the canvas are rejected (2.214584ms)
✔ table drops in other views are rejected even inside the canvas rectangle (1.303167ms)
✔ file drags remain available to model import without changing canvas membership (0.478334ms)
✔ undo persists restored positions so reload cannot resurrect an undone arrangement (1.393583ms)
✔ adding another table preserves positions already arranged by the user (0.659916ms)
✔ a no-op add leaves undo history unchanged (0.558792ms)
✔ restoring membership clears selected, locked and pinned tables outside that layout (0.59875ms)
✔ blank layout closes a previously selected relationship popover (0.676459ms)
✔ removing a relationship endpoint closes its popover (0.678709ms)
✔ relationship expansion respects direct/incoming/all settings (4.020625ms)
✔ minimap navigation centers its chosen world point without changing zoom (0.714917ms)
✔ canvas visibility honors blank and partial membership even for connected tables (0.661875ms)
✔ named presets restore membership, positions and viewport, including an empty canvas (0.919125ms)
✔ named views restore focus and hide unrelated without losing hidden table membership (1.59475ms)
✔ hide unrelated follows distance but never adds related tables outside membership (1.318583ms)
✔ legacy presets clear prior focus even if the formerly selected table remains a member (1.137458ms)
✔ undo after restoring a named view restores the prior focus, hidden state and viewport (0.855708ms)
✔ restoring an empty named view clears focus and leaves every card hidden (0.6965ms)
✔ restore ignores removed tables and malformed geometry while keeping valid positions (0.664375ms)
✔ saved views preserve the minimum zoom produced by fitView for large diagrams (0.653875ms)
✔ save and delete report storage failure without replacing previously saved views (0.716583ms)
✔ generated default view names fill gaps without overwriting another saved view (3.559083ms)
✔ dropping a library table preserves selection and pins the new table to keep it visible in focus (0.722708ms)
✔ restoring and undoing a named view restores display settings and expansion controls (0.900333ms)
✔ dropping a connected table does not expand direct focus through an unnecessary pin (0.586834ms)
✔ arranging focused tables leaves hidden table positions and membership unchanged (0.927167ms)
✔ filter paths drive canvas highlighting and hiding in the selected direction (1.644917ms)
✔ canvas paths honor indirect, inactive and bidirectional relationships (0.703083ms)
✔ saved views restore filter path direction, distance and inactive setting (0.630375ms)
✔ the table library filters by domain and by source, alongside search and the canvas filter (0.598292ms)
✔ incoming and outgoing preserve TOM direction and direct/transitive distances (0.656042ms)
✔ a common fact table does not make one dimension filter another (0.079625ms)
✔ bidirectional relationships add the reverse filter arc only on that edge (0.0675ms)
✔ inactive relationships are opt-in for every traversal direction (0.543167ms)
✔ single-direction many-to-many is still to -> from (0.08875ms)
✔ cycles and parallel relationships terminate with unique shortest distances (0.058958ms)
✔ disconnected, absent and dangling tables are safe (0.0535ms)
✔ multiple roots keep zero distance and find the nearest root (0.039708ms)
✔ zero depth returns roots and rejects invalid depth or direction (0.211792ms)
✔ prototype names, Unicode and apostrophes are ordinary identifiers (0.088041ms)
✔ path evidence references original edges without mutating model data (0.0915ms)
✔ raw crossFilteringBehavior is honored and automatic direction stays unresolved (0.057083ms)
✔ dependency index resolves qualified measures and preserves real column references (4.301125ms)
✔ strings, comments, escaped identifiers and case-insensitive names do not lose or invent edges (1.464459ms)
✔ late built-in report usage cannot leak into a subsequently selected imported model (3.053208ms)
✔ report usage still loads for the active built-in model (1.169209ms)
✔ a late model fetch cannot replace a newer model selection (1.144958ms)
✔ storage failure preserves the import preview and current model, then allows retry (0.872417ms)
✔ multi-model import failure does not close the dialog or open a fallback model (1.486667ms)
✔ repo cache storage failure does not silently reopen the stale cached model (0.947667ms)
✔ repo refresh cannot reopen an old selection after the user switches model (0.990542ms)
✔ a drop handled by the import modal stops bubbling to the root import listener (0.728041ms)
✔ root import listener ignores internal table drags and text-only drops (0.827542ms)
✔ switching models after expanding cards cannot restore the previous model positions (2.886417ms)
✔ forced render refreshes an already-open layout list after saving and deleting a preset (1.140625ms)
✔ a genuinely fresh browser boots with no model selected, not the bundled sample (1.050833ms)
✔ a fresh boot never persists a current-model choice the user did not make (0.812875ms)
✔ a returning user (smv_current_v1 already set) still boots straight into their model (1.211ms)
✔ model switches restore lane zoom with positions and discard the previous model size cache (0.904292ms)
✔ invalid saved lane zoom falls back to a finite supported value (0.651667ms)
✔ role annotation patch preserves DAX, child annotations, and CRLF; Auto removes only table annotation (0.936791ms)
✔ repo role writes TMDL and is visible in a fresh parser without browser overrides (1.685792ms)
✔ denied or failed repo writes leave classification and file unchanged (1.486333ms)
✔ cached disconnected repo does not silently save a browser-only override (1.192666ms)
✔ importing a model with an existing name updates it in place and keeps its id (0.785333ms)
✔ refresh re-reads the open model, reports new tables, and remembers the folder (1.06125ms)
✔ a folder import remembers its folder, so refresh never shows the picker (2.803875ms)
✔ refresh with an unchanged source makes no change (1.285667ms)
✔ refresh cancelled at the folder picker or failing to read changes nothing (1.1015ms)
✔ refresh is unavailable for the built-in model, hosts, and browsers without folder access (0.890125ms)
✔ local app: the folder chooser resolves to the chosen folder and remembers it (2.719875ms)
✔ local app: connecting a repo scans through the server and opens its single model, no browser picker (1.94075ms)
✔ local app: Refresh re-reads a repo model and an imported model without any prompt (1.304584ms)
✔ local app: the hosted page is the demo and opens the sample; the local app does not (0.747375ms)
✔ an explicit focus keeps the viewport it aimed at; an ordinary selection still refits (2.32675ms)
✔ panning preserves selected table, pins, lock, relationship and isolate visibility (0.851917ms)
✔ an out-and-back pan remains a drag when released at its starting point (0.622917ms)
✔ a background click clears selection and pins only after release while retaining its lock (0.539167ms)
✔ pointer jitter stays a click and never moves the viewport (0.42025ms)
✔ pan threshold uses screen pixels at every zoom (1.40725ms)
✔ right and middle gestures cannot pan or clear selection (0.976833ms)
✔ moving another card preserves existing selection, pins and locked roots (0.757959ms)
✔ a card click selects that card without becoming a background click (0.519625ms)
✔ right and middle gestures cannot move or select a card (0.79375ms)
✔ canvas controls and their descendants cannot initiate a pan (1.7305ms)
✔ blur cancels a pending background click without clearing selection (0.39125ms)
✔ blur ends a pan until a fresh gesture starts (0.394959ms)
✔ blur ends a card drag, persists its position once and ignores later pointer movement (0.418625ms)
✔ shift+drag on the background marks the tables the box touches without panning or clearing focus (0.539167ms)
✔ alt+click toggles a table in the marked set and a background click clears it (0.4595ms)
✔ webview packages canonical CSS and hashed scripts with a fresh nonce and adapter first (15.1755ms)
✔ snapshotAssets returns complete portable assets and pristine template without the host adapter (3.559291ms)
✔ saveSnapshot uses the user-selected destination, preserves UTF-8, and strips paths from the suggested name (2.348375ms)
✔ snapshot cancellation writes nothing and failures return a request error (2.035167ms)
✔ malformed messages, unsupported requests and storage keys cannot call privileged APIs (2.03ms)
✔ openFile accepts model source paths and blocks traversal, absolute paths, and outside symlinks (2.693542ms)
✔ a standalone BIM only permits opening the selected model file (0.992459ms)
✔ untrusted workspaces may browse and load analysis files but never execute the cleaner (2.415291ms)
✔ cleaner uses an executable and argument array without a shell, unique outputs and cleanup on every outcome (1.618584ms)
✔ ready initialization follows the latest requested model while an older read is pending (7.697916ms)
✔ a slower openModel request cannot replace the newer model or watcher (2.796167ms)
✔ a refresh cannot push stale data after switching models and refreshModel acknowledges its push (2.0395ms)
✔ analysis picked for a previous model is cancelled and cannot be pushed by the command (1.992125ms)
✔ automatic cleaner usage is tied to the model revision and includes the model identity (2.3835ms)
✔ disposing the panel clears pending watcher refresh and prevents old reads reaching a new panel (453.563208ms)
✔ VS Code boot seeds shared preferences before constructing and has an actionable empty model picker (9.253583ms)
✔ host default model retains the shared parser, dependency graph, table canvas and all four views (5.747125ms)
✔ choosing models uses host requests and keeps table membership, coordinates and usage isolated (8.874291ms)
✔ late open and analysis responses cannot replace a more recently selected model (5.456125ms)
✔ same-model refresh preserves selected measures and the existing table workspace and viewport (3.835125ms)
✔ host request errors remain actionable and file drops do not enter browser import (2.086834ms)
✔ VS Code snapshot save uses host assets and save bridge, yields ordinary offline HTML, and supports cancellation (18.377834ms)
✔ optional Cleaner status pills render in library, selected measure, comparison DAX and table columns (6.9215ms)
✔ analysis mismatch is rejected and status maps are cleared when selecting a different model (3.904542ms)
✔ host initialization errors produce an accessible failure instead of a blank or sample viewer (1.416791ms)
✔ host model switching restores each model lane zoom before layout and fit (3.774708ms)
extension.test.js: ok
✔ ../tests/extension.test.js (47.33125ms)
✔ star, constellation and layered place every card clear of the others (bundled model) (150.578792ms)
✔ a single-hub subset keeps the per-hub ring (bundled model) (5.4395ms)
✔ the whole model star puts the conformed dims inside the ring of facts (bundled model) (18.209584ms)
✔ the tray of relationship-free tables sits under the picture (bundled model) (17.782625ms)
✔ layered puts every fact below every dimension (bundled model) (27.021875ms)
✔ layouts are deterministic (bundled model) (111.768334ms)
✔ star, constellation and layered place every card clear of the others (synthetic star) (4.924583ms)
✔ a single-hub subset keeps the per-hub ring (synthetic star) (2.200042ms)
✔ the whole model star puts the conformed dims inside the ring of facts (synthetic star) (1.020042ms)
✔ the tray of relationship-free tables sits under the picture (synthetic star) (1.16125ms)
✔ layered puts every fact below every dimension (synthetic star) (1.110792ms)
✔ layouts are deterministic (synthetic star) (3.768334ms)
✔ star beats the galaxy rows on edge crossings for the bundled model (59.278458ms)
✔ the converging arrange lands the whole model at or above the floor with nothing stacked (290.929709ms)
✔ chip titles scale with the zoom so a table name is never smaller than 11px on screen (1.153375ms)
✔ cellFor(k) always clears the chip drawn at k (0.854ms)
✔ full-card lanes leave room for the relationship pill, chip lanes keep the 12px gutter (0.805625ms)
✔ an arrange whose fit lands on full cards lays out again for that zoom (0.709042ms)
✔ a focused star at card zoom seats its cards a pill apart (0.967083ms)
✔ detail mode decides the chip treatment, zoom only decides it on Auto (0.834334ms)
✔ the filter arrow is a fixed size on screen and doubles up for bidirectional edges (0.978333ms)
✔ the combined pill puts each cardinality on the side its table lies, arrow in between (1.81275ms)
✔ the pill is a fixed size on screen and its seat box follows it (0.947125ms)
✔ a label that would land on a card or on another label takes the next free seat (1.034625ms)
✔ a subset arrange never moves a table that is not on the canvas (5.11475ms)
✔ Arrange applies the layout chosen in Display, not a hard-coded grid (13.778917ms)
✔ Arrange leaves the tables that are hidden by focus where they were (19.177917ms)
✔ the grid option lays tables out in plain rows, on the same lanes as every other layout (1.343709ms)
✔ the grid option seats the selected table ahead of the tables it connects to (1.055208ms)
✔ a big model arranges in well under a second instead of grinding on the refinement pass (59.782792ms)
✔ a table related only to something off the canvas keeps its place beside the picture (1.316792ms)
✔ an arrange over tables with no relationships between them falls back to the grid (0.782959ms)
✔ fit aims at the unobstructed canvas: the drawer and the overview map are cut away, with 24px of padding (0.698541ms)
✔ an obstruction that misses the canvas costs nothing, and one that swallows it falls back to the padded host (0.717ms)
✔ Escape closes the Display popover first, then Saved views, and returns focus to the button (0.719459ms)
✔ Mac launcher reopens Google Chrome when its profile process survives without a viewer window (17.854ms)
✔ Mac launcher reopens Microsoft Edge when its profile process survives without a viewer window (14.291209ms)
✔ Mac launcher cold start uses the same dedicated-profile window launch as reopening (33.55075ms)
✔ Mac launcher retains the default-browser fallback without Chrome or Edge (15.13775ms)
✔ library search finds names, folders, home tables and DAX, expanding matching folders (2.454292ms)
✔ visibility and home-table filters combine and stale table filters recover after model switching (0.59825ms)
✔ folder paths do not inflate the matching-measure count (4.870917ms)
✔ DAX highlighting preserves source spelling and resolves qualified references and escaped identifiers (1.146042ms)
✔ DAX render cache is invalidated whenever the selected main panel is rebuilt (0.871542ms)
✔ Fit contains a large graph and Center uses scaled node coordinates (0.528875ms)
✔ graph orientation preserves dependencies and reflects vertical layers without rotating labels (1.056334ms)
✔ branching and cyclic graphs stay inside bounds in every orientation (0.578541ms)
✔ workspace preferences round-trip and invalid stored values receive safe defaults (1.029208ms)
✔ zoom preserves the viewport center when moving between a fitted stage and scrolling (0.456875ms)
✔ measure snapshot is JSON-safe and preserves comparison, library state, preferences and viewport (0.762875ms)
✔ snapshot restore sanitizes model references and numeric values without changing the app view or saved preferences (0.704083ms)
✔ viewport restoration waits for visible layout and ignores superseded model state (0.535375ms)
✔ invalid selections clear comparison and expansions, and auto-fit restores responsively (0.453125ms)
✔ a hidden graph viewport is not reused for a different expansion context (0.427375ms)
✔ dependents are grouped by home table then display folder, and the grouping is deterministic (1.603625ms)
✔ the group expander reveals every member and collapsing puts them back (1.055958ms)
✔ group expansion is remembered per analyzed measure and never leaks between them (1.479542ms)
✔ the graph opens on the analyzed measure at a readable zoom, in every orientation (1.222ms)
✔ a small dependency graph is not grouped (0.470667ms)
✔ collapsed measures retain semantic roles and Expand all draws every included path (1.540875ms)
✔ plus six reveals six downstream neighbours and minus removes exactly those six (2.157ms)
✔ legacy extras cannot offer to remove mandatory upstream or downstream measures (0.712875ms)
✔ Expand all reports the display limit and does not hide additional groups at the cap (29.471959ms)
✔ library search lists name matches before measures that only mention the text in DAX (0.591459ms)
✔ DAX code block resets the host <code> styling so tokens stay readable in VS Code themes (0.150625ms)
✔ quoted identifiers decode escapes; strings and comments never create edges (4.2755ms)
✔ let forward references, nested sibling scopes and quoted shadowing (3.172875ms)
✔ exclusive initialization is explicit, inclusive recursive references are local (2.378708ms)
✔ typed functions and each do not shadow sibling arguments or branches (1.274583ms)
✔ record generalized fields, projection, item access and type names (0.849666ms)
✔ dynamic, unresolved, library and malformed inputs remain explicit (5.860125ms)
✔ table names resolve rather than partition names; ambiguous identities never resolve (0.514875ms)
✔ graph exposes direct edges, cycle components and disconnected nodes without mutation (0.711166ms)
✔ depth limits are explicit and do not throw to consumers (0.916ms)
✔ render provides safe clickable code navigation and visible uncertainty in its host (0.536625ms)
✔ missing/non-M targets remain navigable and every result retains partial status (0.262791ms)
✔ render exposes cycles and replaces the old host contents on navigation (0.354583ms)
✔ progressive expansion and exact code navigation preserve partition root, expansion and scroll (7.823375ms)
✔ partition state is isolated and app model/metadata replacement clears expansion (1.19125ms)
✔ SCC and self cycles terminate; dynamic/missing references stay visible as uncertainty (0.630958ms)
✔ duplicate, missing, wrong-table, non-M and no-root states never open arbitrary code (1.816875ms)
✔ optional analyzer unavailable is explicit (0.413958ms)
✔ hostile labels are text, keyboard navigation moves focus and edge navigation targets upstream code (0.429458ms)
✔ large graph uses complete metadata resolution but caps visible nodes with explicit limits (9.734208ms)
✔ large-model duplicate names never become resolved edges (3.325375ms)
✔ branch expansion caps nodes and reset restores first page (2.878583ms)
✔ model replacement without a valid root still invalidates previous state (0.639125ms)
✔ bounded large-model cycle findings include only expanded visible edges (1.093292ms)
✔ BIM preserves exact string / array code, partitions, stable identities, kinds and missing states (2.790875ms)
✔ TMDL keeps decoded M indentation, quoted names, multiple partitions and shared expressions (1.532125ms)
✔ TMDL fenced code preserves trailing whitespace, blank lines and CRLF (1.30475ms)
✔ identities survive file order and no metadata does not invent code (0.899541ms)
✔ snapshot export allowlist excludes raw M and metadata (including hostile markers) (0.596167ms)
✔ stale hook code navigation cannot close or change a newer model inspector (1.0015ms)
✔ BIM independently authored inventory, exact text and states (6.28125ms)
✔ TMDL independently authored inventory, exact text and states (2.979ms)
✔ independent scope/lexical/dynamic oracle and cycles (3.508708ms)
✔ snapshot analytical allowlist excludes all acceptance raw-code sentinels (0.421209ms)
✔ replacement metadata contains no previous query identities (0.442375ms)
✔ serve.py answers the page: ping, browse, find, model, static files (142.59ms)
✔ serve.py refuses requests from other websites and never writes (83.583417ms)
✔ serve.py starts again on the same port right after it stopped (210.427625ms)
✔ offline startup restores graph without normal model, usage, repo or IDB access (6.458542ms)
✔ offline startup restores measures without normal model, usage, repo or IDB access (1.560125ms)
✔ offline startup restores clusters without normal model, usage, repo or IDB access (1.253833ms)
✔ offline startup restores matrix without normal model, usage, repo or IDB access (0.828708ms)
✔ offline startup preserves intentionally empty canvas membership and discards invalid focus (0.972208ms)
✔ switching snapshot Domains and Tables retains each viewport and domain expansion positions (3.515083ms)
✔ an invalid embedded snapshot reports failure instead of falling back to fetch or repositories (1.049125ms)
✔ snapshot export reports progress, prevents duplicate saves and permits retry after failure (0.901583ms)
✔ recipient UI keeps four analysis modes and Save snapshot but has no model switcher, import or PNG (8.949333ms)
✔ Domains then Measures preserves table focus, expanded display, positions and camera for export (1.521416ms)
✔ new table changes after returning from Domains replace the previously cached table view (0.883458ms)
✔ Matrix snapshot restores both scroll axes and caches them before leaving the view (0.737416ms)
✔ malformed Matrix scroll values are sanitized without affecting table state (0.733458ms)
✔ direct measure navigation captures the latest table changes before changing modes (5.644ms)
✔ model serialization preserves analytical schema and exact DAX while excluding source secrets and unknown fields (0.6645ms)
✔ blank workspace exports every table and measure, independent of visible membership and search (1.206792ms)
✔ HTML embeds hostile DAX and Unicode losslessly without creating executable data scripts (16.795334ms)
✔ dollar replacement sequences remain literal in names, DAX, and the saved template (2.4585ms)
✔ HTML is self-contained and denies network requests through its content security policy (2.698667ms)
✔ an exported snapshot can package its inline assets again without fetch or local asset paths (6.662208ms)
✔ unsupported versions and malformed embedded model data are rejected explicitly (0.391833ms)
✔ missing runtime assets abort export rather than creating an incomplete HTML file (1.296833ms)
✔ memory storage never touches native storage and replaces all preferences between snapshots (0.542625ms)
✔ embedded payload switches to memory before application constructors read preferences (3.616917ms)
✔ invalid embedded payload remains isolated instead of falling back to recipient storage (0.469ms)
✔ a bare `database` line (no inline name) does not read its own compatibilityLevel property as the name (4.209125ms)
✔ an inline `database <Name>` line still parses correctly (older/common TMDL style) (0.698208ms)
✔ the repo fixture (inline database name) still parses to its real name (7.821416ms)
✔ names with an escaped apostrophe keep their measures and columns (0.895958ms)
usage-adapter.test.js: ok
✔ ../tests/usage-adapter.test.js (30.549375ms)
✔ matrix updates immediately when table roles change without a model or count change (7.455708ms)
✔ a model with no fact tables has a covering empty state and working next actions (0.928125ms)
✔ matrix is a semantic table and empty relationships are not focusable controls (1.085959ms)
✔ table relationship tooltip escapes all model-supplied names (0.944125ms)
✔ aggregated domain relationship tooltip escapes model-supplied names on hover (0.769416ms)
✔ switching away from Tables closes the inspector, and coming back reopens it on the same table (0.55075ms)
ℹ tests 264
ℹ suites 0
ℹ pass 264
ℹ fail 0
ℹ cancelled 0
ℹ skipped 0
ℹ todo 0
ℹ duration_ms 12699.328375
