
> semantic-model-viewer@0.3.3 test
> npm run sync-viewer && npm run check-viewer && node --test --test-concurrency=1 ../tests/*.test.cjs ../tests/extension.test.js ../tests/usage-adapter.test.js ../Models/tools/viewer/tests/*.test.js


> semantic-model-viewer@0.3.3 sync-viewer
> node scripts/sync-viewer.js

synced 24 viewer runtime assets from Models/tools/viewer into media/

> semantic-model-viewer@0.3.3 check-viewer
> node scripts/sync-viewer.js --check

verified 24 viewer runtime assets; no model or report data bundled
✔ blank canvas and table membership persist separately for each model (5.476292ms)
✔ Explore all keeps laying the model out until the reader actually arranges it (1.194375ms)
✔ saved membership ignores deleted table names (0.573292ms)
✔ remove clears focus and membership and undo restores the table (0.679709ms)
✔ removeMany drops several tables, their marks and focus in one undoable step (0.615167ms)
✔ removeMany with nothing on the canvas is a no-op that leaves undo untouched (0.850958ms)
✔ blank layout can be undone with positions and viewport restored (0.684375ms)
✔ dragging a table converts screen coordinates and persists the placement (0.773709ms)
✔ dragging over the empty-state sibling bubbles to main and adds the first table (0.615167ms)
✔ table drops outside every edge of the canvas are rejected (2.459334ms)
✔ table drops in other views are rejected even inside the canvas rectangle (1.460791ms)
✔ file drags remain available to model import without changing canvas membership (0.488542ms)
✔ undo persists restored positions so reload cannot resurrect an undone arrangement (1.403042ms)
✔ adding another table preserves positions already arranged by the user (0.524417ms)
✔ a no-op add leaves undo history unchanged (0.548125ms)
✔ restoring membership clears selected, locked and pinned tables outside that layout (0.6085ms)
✔ blank layout closes a previously selected relationship popover (0.653334ms)
✔ removing a relationship endpoint closes its popover (0.558458ms)
✔ relationship expansion respects direct/incoming/all settings (0.6405ms)
✔ minimap navigation centers its chosen world point without changing zoom (0.610834ms)
✔ canvas visibility honors blank and partial membership even for connected tables (0.530834ms)
✔ named presets restore membership, positions and viewport, including an empty canvas (0.971833ms)
✔ named views restore focus and hide unrelated without losing hidden table membership (1.960333ms)
✔ hide unrelated follows distance but never adds related tables outside membership (1.185709ms)
✔ legacy presets clear prior focus even if the formerly selected table remains a member (0.78925ms)
✔ undo after restoring a named view restores the prior focus, hidden state and viewport (1.062541ms)
✔ restoring an empty named view clears focus and leaves every card hidden (0.719125ms)
✔ restore ignores removed tables and malformed geometry while keeping valid positions (0.641334ms)
✔ saved views preserve the minimum zoom produced by fitView for large diagrams (0.61875ms)
✔ save and delete report storage failure without replacing previously saved views (0.682125ms)
✔ generated default view names fill gaps without overwriting another saved view (0.672833ms)
✔ dropping a library table preserves selection and pins the new table to keep it visible in focus (0.645083ms)
✔ restoring and undoing a named view restores display settings and expansion controls (0.74675ms)
✔ dropping a connected table does not expand direct focus through an unnecessary pin (0.543167ms)
✔ arranging focused tables leaves hidden table positions and membership unchanged (0.806292ms)
✔ filter paths drive canvas highlighting and hiding in the selected direction (1.391417ms)
✔ canvas paths honor indirect, inactive and bidirectional relationships (0.773292ms)
✔ saved views restore filter path direction, distance and inactive setting (0.709916ms)
✔ the table library filters by domain and by source, alongside search and the canvas filter (1.114875ms)
✔ incoming and outgoing preserve TOM direction and direct/transitive distances (0.60525ms)
✔ a common fact table does not make one dimension filter another (0.078042ms)
✔ bidirectional relationships add the reverse filter arc only on that edge (0.067584ms)
✔ inactive relationships are opt-in for every traversal direction (0.376375ms)
✔ single-direction many-to-many is still to -> from (0.055541ms)
✔ cycles and parallel relationships terminate with unique shortest distances (0.045625ms)
✔ disconnected, absent and dangling tables are safe (0.0455ms)
✔ multiple roots keep zero distance and find the nearest root (0.0355ms)
✔ zero depth returns roots and rejects invalid depth or direction (0.177417ms)
✔ prototype names, Unicode and apostrophes are ordinary identifiers (0.080625ms)
✔ path evidence references original edges without mutating model data (0.082833ms)
✔ raw crossFilteringBehavior is honored and automatic direction stays unresolved (0.048708ms)
✔ dependency index resolves qualified measures and preserves real column references (3.671667ms)
✔ strings, comments, escaped identifiers and case-insensitive names do not lose or invent edges (1.186916ms)
✔ late built-in report usage cannot leak into a subsequently selected imported model (2.973334ms)
✔ report usage still loads for the active built-in model (1.099125ms)
✔ a late model fetch cannot replace a newer model selection (1.12ms)
✔ storage failure preserves the import preview and current model, then allows retry (0.94975ms)
✔ multi-model import failure does not close the dialog or open a fallback model (1.278667ms)
✔ repo cache storage failure does not silently reopen the stale cached model (0.912459ms)
✔ repo refresh cannot reopen an old selection after the user switches model (1.153625ms)
✔ a drop handled by the import modal stops bubbling to the root import listener (0.779208ms)
✔ root import listener ignores internal table drags and text-only drops (0.961666ms)
✔ switching models after expanding cards cannot restore the previous model positions (1.459459ms)
✔ forced render refreshes an already-open layout list after saving and deleting a preset (0.983166ms)
✔ a genuinely fresh browser boots with no model selected, not the bundled sample (0.769833ms)
✔ a fresh boot never persists a current-model choice the user did not make (0.850167ms)
✔ a returning user (smv_current_v1 already set) still boots straight into their model (1.010292ms)
✔ model switches restore lane zoom with positions and discard the previous model size cache (0.892333ms)
✔ invalid saved lane zoom falls back to a finite supported value (0.667958ms)
✔ role annotation patch preserves DAX, child annotations, and CRLF; Auto removes only table annotation (0.912416ms)
✔ repo role writes TMDL and is visible in a fresh parser without browser overrides (1.896708ms)
✔ denied or failed repo writes leave classification and file unchanged (1.454667ms)
✔ cached disconnected repo does not silently save a browser-only override (1.460792ms)
✔ importing a model with an existing name updates it in place and keeps its id (0.791125ms)
✔ refresh re-reads the open model, reports new tables, and remembers the folder (1.12275ms)
✔ a folder import remembers its folder, so refresh never shows the picker (2.872917ms)
✔ refresh with an unchanged source makes no change (1.199ms)
✔ refresh cancelled at the folder picker or failing to read changes nothing (0.989167ms)
✔ refresh is unavailable for the built-in model, hosts, and browsers without folder access (0.781667ms)
✔ local app: the folder chooser resolves to the chosen folder and remembers it (3.030084ms)
✔ local app: connecting a repo scans through the server and opens its single model, no browser picker (1.857542ms)
✔ local app: Refresh re-reads a repo model and an imported model without any prompt (0.906125ms)
✔ local app: the hosted page is the demo and opens the sample; the local app does not (0.775541ms)
✔ an explicit focus keeps the viewport it aimed at; an ordinary selection still refits (2.510666ms)
✔ panning preserves selected table, pins, lock, relationship and isolate visibility (1.097084ms)
✔ an out-and-back pan remains a drag when released at its starting point (0.6475ms)
✔ a background click clears selection and pins only after release while retaining its lock (0.564542ms)
✔ pointer jitter stays a click and never moves the viewport (0.457833ms)
✔ pan threshold uses screen pixels at every zoom (1.801666ms)
✔ right and middle gestures cannot pan or clear selection (0.9965ms)
✔ moving another card preserves existing selection, pins and locked roots (0.770166ms)
✔ a card click selects that card without becoming a background click (0.514125ms)
✔ right and middle gestures cannot move or select a card (0.811167ms)
✔ canvas controls and their descendants cannot initiate a pan (1.903542ms)
✔ blur cancels a pending background click without clearing selection (0.390666ms)
✔ blur ends a pan until a fresh gesture starts (0.396ms)
✔ blur ends a card drag, persists its position once and ignores later pointer movement (0.458958ms)
✔ shift+drag on the background marks the tables the box touches without panning or clearing focus (0.54325ms)
✔ alt+click toggles a table in the marked set and a background click clears it (0.4095ms)
✔ webview packages canonical CSS and hashed scripts with a fresh nonce and adapter first (12.848042ms)
✔ snapshotAssets returns complete portable assets and pristine template without the host adapter (4.285875ms)
✔ saveSnapshot uses the user-selected destination, preserves UTF-8, and strips paths from the suggested name (2.9815ms)
✔ snapshot cancellation writes nothing and failures return a request error (2.8445ms)
✔ malformed messages, unsupported requests and storage keys cannot call privileged APIs (3.057375ms)
✔ openFile accepts model source paths and blocks traversal, absolute paths, and outside symlinks (2.982709ms)
✔ a standalone BIM only permits opening the selected model file (1.087833ms)
✔ untrusted workspaces may browse and load analysis files but never execute the cleaner (2.900417ms)
✔ cleaner uses an executable and argument array without a shell, unique outputs and cleanup on every outcome (1.976292ms)
✔ ready initialization follows the latest requested model while an older read is pending (3.718667ms)
✔ a slower openModel request cannot replace the newer model or watcher (2.552708ms)
✔ a refresh cannot push stale data after switching models and refreshModel acknowledges its push (2.079167ms)
✔ analysis picked for a previous model is cancelled and cannot be pushed by the command (2.102042ms)
✔ automatic cleaner usage is tied to the model revision and includes the model identity (3.4435ms)
✔ disposing the panel clears pending watcher refresh and prevents old reads reaching a new panel (455.620125ms)
✔ VS Code boot seeds shared preferences before constructing and has an actionable empty model picker (9.221958ms)
✔ host default model retains the shared parser, dependency graph, table canvas and all four views (5.369834ms)
✔ choosing models uses host requests and keeps table membership, coordinates and usage isolated (4.828459ms)
✔ late open and analysis responses cannot replace a more recently selected model (5.135708ms)
✔ same-model refresh preserves selected measures and the existing table workspace and viewport (4.106125ms)
✔ host request errors remain actionable and file drops do not enter browser import (2.147375ms)
✔ VS Code snapshot save uses host assets and save bridge, yields ordinary offline HTML, and supports cancellation (11.386792ms)
✔ optional Cleaner status pills render in library, selected measure, comparison DAX and table columns (7.238333ms)
✔ analysis mismatch is rejected and status maps are cleared when selecting a different model (3.667083ms)
✔ host initialization errors produce an accessible failure instead of a blank or sample viewer (1.479833ms)
✔ host model switching restores each model lane zoom before layout and fit (3.867459ms)
AssertionError [ERR_ASSERTION]: the tree discovers both the TMDL folder and standalone BIM fixture
+ actual - expected

  [
+   'ws:pq38/bim/model.bim',
    'ws:Fixture Model.SemanticModel',
+   'ws:pq38/large-1000/model.bim',
+   'ws:pq38/large-300/model.bim',
+   'ws:pq38/large-301/model.bim',
+   'ws:pq38/large-350/model.bim',
    'ws:power-query/model.bim',
+   'ws:pq38/PQ38.SemanticModel',
+   'ws:pq38/reset/model.bim'
  ]

    at /Users/przemek.harazny/.t3/worktrees/Semantic-Model-Viewer/feat-pq-verification/tests/extension.test.js:33:10 {
  generatedMessage: false,
  code: 'ERR_ASSERTION',
  actual: [Array],
  expected: [Array],
  operator: 'deepStrictEqual',
  diff: 'simple'
}
✖ ../tests/extension.test.js (33.384375ms)
✔ star, constellation and layered place every card clear of the others (bundled model) (153.905292ms)
✔ a single-hub subset keeps the per-hub ring (bundled model) (5.357875ms)
✔ the whole model star puts the conformed dims inside the ring of facts (bundled model) (17.423917ms)
✔ the tray of relationship-free tables sits under the picture (bundled model) (17.877584ms)
✔ layered puts every fact below every dimension (bundled model) (27.291458ms)
✔ layouts are deterministic (bundled model) (105.468833ms)
✔ star, constellation and layered place every card clear of the others (synthetic star) (5.021333ms)
✔ a single-hub subset keeps the per-hub ring (synthetic star) (0.958ms)
✔ the whole model star puts the conformed dims inside the ring of facts (synthetic star) (1.021667ms)
✔ the tray of relationship-free tables sits under the picture (synthetic star) (0.900708ms)
✔ layered puts every fact below every dimension (synthetic star) (0.944333ms)
✔ layouts are deterministic (synthetic star) (3.929208ms)
✔ star beats the galaxy rows on edge crossings for the bundled model (60.366708ms)
✔ the converging arrange lands the whole model at or above the floor with nothing stacked (289.889708ms)
✔ chip titles scale with the zoom so a table name is never smaller than 11px on screen (1.158459ms)
✔ cellFor(k) always clears the chip drawn at k (0.884625ms)
✔ full-card lanes leave room for the relationship pill, chip lanes keep the 12px gutter (0.914167ms)
✔ an arrange whose fit lands on full cards lays out again for that zoom (0.793375ms)
✔ a focused star at card zoom seats its cards a pill apart (1.288834ms)
✔ detail mode decides the chip treatment, zoom only decides it on Auto (0.734417ms)
✔ the filter arrow is a fixed size on screen and doubles up for bidirectional edges (0.759209ms)
✔ the combined pill puts each cardinality on the side its table lies, arrow in between (1.048792ms)
✔ the pill is a fixed size on screen and its seat box follows it (0.835875ms)
✔ a label that would land on a card or on another label takes the next free seat (1.097625ms)
✔ a subset arrange never moves a table that is not on the canvas (5.594709ms)
✔ Arrange applies the layout chosen in Display, not a hard-coded grid (9.341541ms)
✔ Arrange leaves the tables that are hidden by focus where they were (18.149916ms)
✔ the grid option lays tables out in plain rows, on the same lanes as every other layout (1.525ms)
✔ the grid option seats the selected table ahead of the tables it connects to (1.171292ms)
✔ a big model arranges in well under a second instead of grinding on the refinement pass (57.478833ms)
✔ a table related only to something off the canvas keeps its place beside the picture (1.027667ms)
✔ an arrange over tables with no relationships between them falls back to the grid (0.692958ms)
✔ fit aims at the unobstructed canvas: the drawer and the overview map are cut away, with 24px of padding (0.722542ms)
✔ an obstruction that misses the canvas costs nothing, and one that swallows it falls back to the padded host (0.607083ms)
✔ Escape closes the Display popover first, then Saved views, and returns focus to the button (0.602291ms)
✔ Mac launcher reopens Google Chrome when its profile process survives without a viewer window (12.687834ms)
✔ Mac launcher reopens Microsoft Edge when its profile process survives without a viewer window (10.664375ms)
✔ Mac launcher cold start uses the same dedicated-profile window launch as reopening (19.405333ms)
✔ Mac launcher retains the default-browser fallback without Chrome or Edge (8.543125ms)
✔ library search finds names, folders, home tables and DAX, expanding matching folders (2.234791ms)
✔ visibility and home-table filters combine and stale table filters recover after model switching (0.518333ms)
✔ folder paths do not inflate the matching-measure count (4.88075ms)
✔ DAX highlighting preserves source spelling and resolves qualified references and escaped identifiers (1.001ms)
✔ DAX render cache is invalidated whenever the selected main panel is rebuilt (0.444083ms)
✔ Fit contains a large graph and Center uses scaled node coordinates (0.458833ms)
✔ graph orientation preserves dependencies and reflects vertical layers without rotating labels (1.004542ms)
✔ branching and cyclic graphs stay inside bounds in every orientation (0.839125ms)
✔ workspace preferences round-trip and invalid stored values receive safe defaults (1.154625ms)
✔ zoom preserves the viewport center when moving between a fitted stage and scrolling (0.396625ms)
✔ measure snapshot is JSON-safe and preserves comparison, library state, preferences and viewport (0.535291ms)
✔ snapshot restore sanitizes model references and numeric values without changing the app view or saved preferences (0.451625ms)
✔ viewport restoration waits for visible layout and ignores superseded model state (0.416041ms)
✔ invalid selections clear comparison and expansions, and auto-fit restores responsively (0.520625ms)
✔ a hidden graph viewport is not reused for a different expansion context (0.422042ms)
✔ dependents are grouped by home table then display folder, and the grouping is deterministic (1.42975ms)
✔ the group expander reveals every member and collapsing puts them back (0.997208ms)
✔ group expansion is remembered per analyzed measure and never leaks between them (1.606584ms)
✔ the graph opens on the analyzed measure at a readable zoom, in every orientation (1.291959ms)
✔ a small dependency graph is not grouped (0.504291ms)
✔ collapsed measures retain semantic roles and Expand all draws every included path (1.671208ms)
✔ plus six reveals six downstream neighbours and minus removes exactly those six (1.887125ms)
✔ legacy extras cannot offer to remove mandatory upstream or downstream measures (0.726375ms)
✔ Expand all reports the display limit and does not hide additional groups at the cap (25.300042ms)
✔ library search lists name matches before measures that only mention the text in DAX (0.617917ms)
✔ DAX code block resets the host <code> styling so tokens stay readable in VS Code themes (0.150709ms)
✔ quoted identifiers decode escapes; strings and comments never create edges (4.819583ms)
✔ let forward references, nested sibling scopes and quoted shadowing (0.881084ms)
✔ exclusive initialization is explicit, inclusive recursive references are local (1.46175ms)
✔ typed functions and each do not shadow sibling arguments or branches (1.231708ms)
✔ record generalized fields, projection, item access and type names (0.882625ms)
✔ dynamic, unresolved, library and malformed inputs remain explicit (1.802333ms)
✔ table names resolve rather than partition names; ambiguous identities never resolve (0.280709ms)
✔ graph exposes direct edges, cycle components and disconnected nodes without mutation (0.591042ms)
✔ depth limits are explicit and do not throw to consumers (0.775833ms)
✔ render provides safe clickable code navigation and visible uncertainty in its host (0.585875ms)
✔ missing/non-M targets remain navigable and every result retains partial status (0.334958ms)
✔ render exposes cycles and replaces the old host contents on navigation (0.409375ms)
✔ progressive expansion and exact code navigation preserve partition root, expansion and scroll (4.082166ms)
✔ partition state is isolated and app model/metadata replacement clears expansion (1.111875ms)
✔ SCC and self cycles terminate; dynamic/missing references stay visible as uncertainty (0.674708ms)
✔ duplicate, missing, wrong-table, non-M and no-root states never open arbitrary code (1.672625ms)
✔ optional analyzer unavailable is explicit (0.416708ms)
✔ hostile labels are text, keyboard navigation moves focus and edge navigation targets upstream code (0.451208ms)
✔ large graph uses complete metadata resolution but caps visible nodes with explicit limits (4.743291ms)
✔ large-model duplicate names never become resolved edges (0.7775ms)
✔ branch expansion caps nodes and reset restores first page (2.674667ms)
✔ model replacement without a valid root still invalidates previous state (0.650375ms)
✔ bounded large-model cycle findings include only expanded visible edges (0.7155ms)
✔ BIM preserves exact string / array code, partitions, stable identities, kinds and missing states (2.64525ms)
✔ TMDL keeps decoded M indentation, quoted names, multiple partitions and shared expressions (1.478084ms)
✔ TMDL fenced code preserves trailing whitespace, blank lines and CRLF (0.93325ms)
✔ identities survive file order and no metadata does not invent code (0.895208ms)
✔ snapshot export allowlist excludes raw M and metadata (including hostile markers) (0.567291ms)
✔ stale hook code navigation cannot close or change a newer model inspector (0.968ms)
✔ BIM independently authored inventory, exact text and states (1.725917ms)
✔ TMDL independently authored inventory, exact text and states (3.313375ms)
✔ independent scope/lexical/dynamic oracle and cycles (3.47775ms)
✔ snapshot analytical allowlist excludes all acceptance raw-code sentinels (0.248375ms)
✔ replacement metadata contains no previous query identities (0.40925ms)
✔ serve.py answers the page: ping, browse, find, model, static files (91.633625ms)
✔ serve.py refuses requests from other websites and never writes (58.775042ms)
✔ serve.py starts again on the same port right after it stopped (209.58375ms)
✔ offline startup restores graph without normal model, usage, repo or IDB access (5.621875ms)
✔ offline startup restores measures without normal model, usage, repo or IDB access (1.560625ms)
✔ offline startup restores clusters without normal model, usage, repo or IDB access (1.155833ms)
✔ offline startup restores matrix without normal model, usage, repo or IDB access (0.980167ms)
✔ offline startup preserves intentionally empty canvas membership and discards invalid focus (0.827042ms)
✔ switching snapshot Domains and Tables retains each viewport and domain expansion positions (1.415833ms)
✔ an invalid embedded snapshot reports failure instead of falling back to fetch or repositories (0.963084ms)
✔ snapshot export reports progress, prevents duplicate saves and permits retry after failure (0.895042ms)
✔ recipient UI keeps four analysis modes and Save snapshot but has no model switcher, import or PNG (26.923708ms)
✔ Domains then Measures preserves table focus, expanded display, positions and camera for export (1.633042ms)
✔ new table changes after returning from Domains replace the previously cached table view (1.059958ms)
✔ Matrix snapshot restores both scroll axes and caches them before leaving the view (0.818208ms)
✔ malformed Matrix scroll values are sanitized without affecting table state (0.806125ms)
✔ direct measure navigation captures the latest table changes before changing modes (1.179042ms)
✔ model serialization preserves analytical schema and exact DAX while excluding source secrets and unknown fields (0.62925ms)
✔ blank workspace exports every table and measure, independent of visible membership and search (1.139ms)
✔ HTML embeds hostile DAX and Unicode losslessly without creating executable data scripts (8.642416ms)
✔ dollar replacement sequences remain literal in names, DAX, and the saved template (2.2775ms)
✔ HTML is self-contained and denies network requests through its content security policy (2.359292ms)
✔ an exported snapshot can package its inline assets again without fetch or local asset paths (3.618584ms)
✔ unsupported versions and malformed embedded model data are rejected explicitly (0.404917ms)
✔ missing runtime assets abort export rather than creating an incomplete HTML file (1.335583ms)
✔ memory storage never touches native storage and replaces all preferences between snapshots (0.534875ms)
✔ embedded payload switches to memory before application constructors read preferences (0.508833ms)
✔ invalid embedded payload remains isolated instead of falling back to recipient storage (0.354125ms)
✔ a bare `database` line (no inline name) does not read its own compatibilityLevel property as the name (2.211708ms)
✔ an inline `database <Name>` line still parses correctly (older/common TMDL style) (0.709084ms)
✔ the repo fixture (inline database name) still parses to its real name (4.49575ms)
✔ names with an escaped apostrophe keep their measures and columns (0.8005ms)
usage-adapter.test.js: ok
✔ ../tests/usage-adapter.test.js (21.999ms)
✔ matrix updates immediately when table roles change without a model or count change (6.546625ms)
✔ a model with no fact tables has a covering empty state and working next actions (0.762041ms)
✔ matrix is a semantic table and empty relationships are not focusable controls (1.049333ms)
✔ table relationship tooltip escapes all model-supplied names (0.68625ms)
✔ aggregated domain relationship tooltip escapes model-supplied names on hover (0.731417ms)
✔ switching away from Tables closes the inspector, and coming back reopens it on the same table (0.560209ms)
ℹ tests 264
ℹ suites 0
ℹ pass 263
ℹ fail 1
ℹ cancelled 0
ℹ skipped 0
ℹ todo 0
ℹ duration_ms 12452.665417

✖ failing tests:

test at ../tests/extension.test.js:1:1
✖ ../tests/extension.test.js (33.384375ms)
  'test failed'
