
> semantic-model-viewer@0.3.3 package
> vsce package

Executing prepublish script 'npm run vscode:prepublish'...

> semantic-model-viewer@0.3.3 vscode:prepublish
> npm run sync-viewer


> semantic-model-viewer@0.3.3 sync-viewer
> node scripts/sync-viewer.js

synced 24 viewer runtime assets from Models/tools/viewer into media/
 WARNING  LICENSE, LICENSE.md, or LICENSE.txt not found
 INFO  Files included in the VSIX:
semantic-model-viewer-0.3.3.vsix
├─ [Content_Types].xml 
├─ extension.vsixmanifest 
└─ extension/
   ├─ changelog.md [3.13 KB]
   ├─ package.json [6.31 KB]
   ├─ readme.md [5.78 KB]
   ├─ images/
   │  ├─ activity.svg [0.31 KB]
   │  └─ icon.png [1.68 KB]
   ├─ media/
   │  ├─ explorer.css [13.98 KB]
   │  ├─ index.html [5.95 KB]
   │  ├─ measures.css [13.82 KB]
   │  ├─ power-query-lineage.css [1.7 KB]
   │  ├─ power-query.css [1.71 KB]
   │  └─ js/ (19 files) [526.28 KB]
   └─ src/
      ├─ cleaner.js [5.49 KB]
      ├─ extension.js [2.44 KB]
      ├─ panel.js [15.69 KB]
      ├─ tree.js [1.22 KB]
      └─ workspace.js [4.8 KB]

=> Run vsce ls --tree to see all included files.

 DONE  Packaged: /Users/przemek.harazny/.t3/worktrees/Semantic-Model-Viewer/feat-pq-verification/vscode-extension/semantic-model-viewer-0.3.3.vsix (36 files, 192.27 KB)
