
> semantic-model-viewer@0.3.3 test
> npm run sync-viewer && npm run check-viewer && node --test --test-concurrency=1 ../tests/*.test.cjs ../tests/extension.test.js ../tests/usage-adapter.test.js ../Models/tools/viewer/tests/*.test.js


> semantic-model-viewer@0.3.3 sync-viewer
> node scripts/sync-viewer.js

synced 24 viewer runtime assets from Models/tools/viewer into media/

> semantic-model-viewer@0.3.3 check-viewer
> node scripts/sync-viewer.js --check

verified 24 viewer runtime assets; no model or report data bundled
✔ blank canvas and table membership persist separately for each model (6.284084ms)
✔ Explore all keeps laying the model out until the reader actually arranges it (1.189292ms)
✔ saved membership ignores deleted table names (0.729833ms)
✔ remove clears focus and membership and undo restores the table (0.778833ms)
✔ removeMany drops several tables, their marks and focus in one undoable step (0.7315ms)
✔ removeMany with nothing on the canvas is a no-op that leaves undo untouched (0.98625ms)
✔ blank layout can be undone with positions and viewport restored (0.802166ms)
✔ dragging a table converts screen coordinates and persists the placement (0.969083ms)
✔ dragging over the empty-state sibling bubbles to main and adds the first table (1.023042ms)
✔ table drops outside every edge of the canvas are rejected (2.52725ms)
✔ table drops in other views are rejected even inside the canvas rectangle (1.431333ms)
✔ file drags remain available to model import without changing canvas membership (0.513417ms)
✔ undo persists restored positions so reload cannot resurrect an undone arrangement (1.722708ms)
✔ adding another table preserves positions already arranged by the user (0.657292ms)
✔ a no-op add leaves undo history unchanged (0.546917ms)
✔ restoring membership clears selected, locked and pinned tables outside that layout (0.56925ms)
✔ blank layout closes a previously selected relationship popover (0.541416ms)
✔ removing a relationship endpoint closes its popover (0.53975ms)
✔ relationship expansion respects direct/incoming/all settings (0.637916ms)
✔ minimap navigation centers its chosen world point without changing zoom (0.561416ms)
✔ canvas visibility honors blank and partial membership even for connected tables (1.321541ms)
✔ named presets restore membership, positions and viewport, including an empty canvas (1.11ms)
✔ named views restore focus and hide unrelated without losing hidden table membership (2.163625ms)
✔ hide unrelated follows distance but never adds related tables outside membership (2.714833ms)
✔ legacy presets clear prior focus even if the formerly selected table remains a member (1.049792ms)
✔ undo after restoring a named view restores the prior focus, hidden state and viewport (2.086542ms)
✔ restoring an empty named view clears focus and leaves every card hidden (0.889583ms)
✔ restore ignores removed tables and malformed geometry while keeping valid positions (0.730875ms)
✔ saved views preserve the minimum zoom produced by fitView for large diagrams (0.783875ms)
✔ save and delete report storage failure without replacing previously saved views (1.080042ms)
✔ generated default view names fill gaps without overwriting another saved view (0.941167ms)
✔ dropping a library table preserves selection and pins the new table to keep it visible in focus (0.853625ms)
✔ restoring and undoing a named view restores display settings and expansion controls (0.997459ms)
✔ dropping a connected table does not expand direct focus through an unnecessary pin (0.978125ms)
✔ arranging focused tables leaves hidden table positions and membership unchanged (1.102875ms)
✔ filter paths drive canvas highlighting and hiding in the selected direction (2.130541ms)
✔ canvas paths honor indirect, inactive and bidirectional relationships (1.01275ms)
✔ saved views restore filter path direction, distance and inactive setting (1.099583ms)
✔ the table library filters by domain and by source, alongside search and the canvas filter (0.938792ms)
✔ incoming and outgoing preserve TOM direction and direct/transitive distances (0.639375ms)
✔ a common fact table does not make one dimension filter another (0.081041ms)
✔ bidirectional relationships add the reverse filter arc only on that edge (0.066625ms)
✔ inactive relationships are opt-in for every traversal direction (0.415709ms)
✔ single-direction many-to-many is still to -> from (0.0885ms)
✔ cycles and parallel relationships terminate with unique shortest distances (0.062334ms)
✔ disconnected, absent and dangling tables are safe (0.05425ms)
✔ multiple roots keep zero distance and find the nearest root (0.040375ms)
✔ zero depth returns roots and rejects invalid depth or direction (0.204875ms)
✔ prototype names, Unicode and apostrophes are ordinary identifiers (0.084ms)
✔ path evidence references original edges without mutating model data (0.088083ms)
✔ raw crossFilteringBehavior is honored and automatic direction stays unresolved (0.055125ms)
✔ dependency index resolves qualified measures and preserves real column references (4.503916ms)
✔ strings, comments, escaped identifiers and case-insensitive names do not lose or invent edges (1.57325ms)
✔ late built-in report usage cannot leak into a subsequently selected imported model (3.968458ms)
✔ report usage still loads for the active built-in model (1.738ms)
✔ a late model fetch cannot replace a newer model selection (1.770834ms)
✔ storage failure preserves the import preview and current model, then allows retry (1.1675ms)
✔ multi-model import failure does not close the dialog or open a fallback model (1.475417ms)
✔ repo cache storage failure does not silently reopen the stale cached model (1.088875ms)
✔ repo refresh cannot reopen an old selection after the user switches model (1.598792ms)
✔ a drop handled by the import modal stops bubbling to the root import listener (0.906417ms)
✔ root import listener ignores internal table drags and text-only drops (1.008875ms)
✔ switching models after expanding cards cannot restore the previous model positions (1.509625ms)
✔ forced render refreshes an already-open layout list after saving and deleting a preset (1.037417ms)
✔ a genuinely fresh browser boots with no model selected, not the bundled sample (1.370708ms)
✔ a fresh boot never persists a current-model choice the user did not make (1.511292ms)
✔ a returning user (smv_current_v1 already set) still boots straight into their model (1.401208ms)
✔ model switches restore lane zoom with positions and discard the previous model size cache (1.007208ms)
✔ invalid saved lane zoom falls back to a finite supported value (0.699791ms)
✔ role annotation patch preserves DAX, child annotations, and CRLF; Auto removes only table annotation (1.004958ms)
✔ repo role writes TMDL and is visible in a fresh parser without browser overrides (1.676375ms)
✔ denied or failed repo writes leave classification and file unchanged (1.787417ms)
✔ cached disconnected repo does not silently save a browser-only override (1.385333ms)
✔ importing a model with an existing name updates it in place and keeps its id (0.852417ms)
✔ refresh re-reads the open model, reports new tables, and remembers the folder (1.320542ms)
✔ a folder import remembers its folder, so refresh never shows the picker (4.359334ms)
✔ refresh with an unchanged source makes no change (2.2405ms)
✔ refresh cancelled at the folder picker or failing to read changes nothing (1.252375ms)
✔ refresh is unavailable for the built-in model, hosts, and browsers without folder access (0.923708ms)
✔ local app: the folder chooser resolves to the chosen folder and remembers it (2.957834ms)
✔ local app: connecting a repo scans through the server and opens its single model, no browser picker (2.014084ms)
✔ local app: Refresh re-reads a repo model and an imported model without any prompt (1.12075ms)
✔ local app: the hosted page is the demo and opens the sample; the local app does not (0.834917ms)
✔ an explicit focus keeps the viewport it aimed at; an ordinary selection still refits (2.519ms)
✔ panning preserves selected table, pins, lock, relationship and isolate visibility (0.985584ms)
✔ an out-and-back pan remains a drag when released at its starting point (0.468833ms)
✔ a background click clears selection and pins only after release while retaining its lock (0.464625ms)
✔ pointer jitter stays a click and never moves the viewport (0.452375ms)
✔ pan threshold uses screen pixels at every zoom (1.477083ms)
✔ right and middle gestures cannot pan or clear selection (1.900709ms)
✔ moving another card preserves existing selection, pins and locked roots (0.790125ms)
✔ a card click selects that card without becoming a background click (0.48575ms)
✔ right and middle gestures cannot move or select a card (0.837917ms)
✔ canvas controls and their descendants cannot initiate a pan (1.955917ms)
✔ blur cancels a pending background click without clearing selection (0.384542ms)
✔ blur ends a pan until a fresh gesture starts (0.403125ms)
✔ blur ends a card drag, persists its position once and ignores later pointer movement (0.522625ms)
✔ shift+drag on the background marks the tables the box touches without panning or clearing focus (0.557125ms)
✔ alt+click toggles a table in the marked set and a background click clears it (0.452542ms)
✔ webview packages canonical CSS and hashed scripts with a fresh nonce and adapter first (15.626542ms)
✔ snapshotAssets returns complete portable assets and pristine template without the host adapter (3.956375ms)
✔ saveSnapshot uses the user-selected destination, preserves UTF-8, and strips paths from the suggested name (2.762458ms)
✔ snapshot cancellation writes nothing and failures return a request error (2.38575ms)
✔ malformed messages, unsupported requests and storage keys cannot call privileged APIs (1.805417ms)
✔ openFile accepts model source paths and blocks traversal, absolute paths, and outside symlinks (7.21025ms)
✔ a standalone BIM only permits opening the selected model file (1.270708ms)
✔ untrusted workspaces may browse and load analysis files but never execute the cleaner (2.450541ms)
✔ cleaner uses an executable and argument array without a shell, unique outputs and cleanup on every outcome (1.689208ms)
✔ ready initialization follows the latest requested model while an older read is pending (3.920792ms)
✔ a slower openModel request cannot replace the newer model or watcher (3.278667ms)
✔ a refresh cannot push stale data after switching models and refreshModel acknowledges its push (2.147125ms)
✔ analysis picked for a previous model is cancelled and cannot be pushed by the command (2.628959ms)
✔ automatic cleaner usage is tied to the model revision and includes the model identity (3.262792ms)
✔ disposing the panel clears pending watcher refresh and prevents old reads reaching a new panel (454.341042ms)
✔ VS Code boot seeds shared preferences before constructing and has an actionable empty model picker (8.986583ms)
✔ host default model retains the shared parser, dependency graph, table canvas and all four views (5.089375ms)
✔ choosing models uses host requests and keeps table membership, coordinates and usage isolated (4.84925ms)
✔ late open and analysis responses cannot replace a more recently selected model (5.383625ms)
✔ same-model refresh preserves selected measures and the existing table workspace and viewport (3.711791ms)
✔ host request errors remain actionable and file drops do not enter browser import (1.821708ms)
✔ VS Code snapshot save uses host assets and save bridge, yields ordinary offline HTML, and supports cancellation (11.219459ms)
✔ optional Cleaner status pills render in library, selected measure, comparison DAX and table columns (6.551375ms)
✔ analysis mismatch is rejected and status maps are cleared when selecting a different model (3.473416ms)
✔ host initialization errors produce an accessible failure instead of a blank or sample viewer (1.483625ms)
✔ host model switching restores each model lane zoom before layout and fit (4.113625ms)
extension.test.js: ok
✔ ../tests/extension.test.js (48.964292ms)
✔ star, constellation and layered place every card clear of the others (bundled model) (148.090208ms)
✔ a single-hub subset keeps the per-hub ring (bundled model) (5.7595ms)
✔ the whole model star puts the conformed dims inside the ring of facts (bundled model) (17.558333ms)
✔ the tray of relationship-free tables sits under the picture (bundled model) (17.166125ms)
✔ layered puts every fact below every dimension (bundled model) (26.862875ms)
✔ layouts are deterministic (bundled model) (103.820125ms)
✔ star, constellation and layered place every card clear of the others (synthetic star) (4.920208ms)
✔ a single-hub subset keeps the per-hub ring (synthetic star) (0.855958ms)
✔ the whole model star puts the conformed dims inside the ring of facts (synthetic star) (0.837334ms)
✔ the tray of relationship-free tables sits under the picture (synthetic star) (0.91775ms)
✔ layered puts every fact below every dimension (synthetic star) (0.861375ms)
✔ layouts are deterministic (synthetic star) (3.695333ms)
✔ star beats the galaxy rows on edge crossings for the bundled model (56.0015ms)
✔ the converging arrange lands the whole model at or above the floor with nothing stacked (296.843833ms)
✔ chip titles scale with the zoom so a table name is never smaller than 11px on screen (1.528667ms)
✔ cellFor(k) always clears the chip drawn at k (1.114208ms)
✔ full-card lanes leave room for the relationship pill, chip lanes keep the 12px gutter (1.090125ms)
✔ an arrange whose fit lands on full cards lays out again for that zoom (1.00675ms)
✔ a focused star at card zoom seats its cards a pill apart (1.265208ms)
✔ detail mode decides the chip treatment, zoom only decides it on Auto (1.068792ms)
✔ the filter arrow is a fixed size on screen and doubles up for bidirectional edges (4.207708ms)
✔ the combined pill puts each cardinality on the side its table lies, arrow in between (1.915917ms)
✔ the pill is a fixed size on screen and its seat box follows it (1.109458ms)
✔ a label that would land on a card or on another label takes the next free seat (1.258625ms)
✔ a subset arrange never moves a table that is not on the canvas (7.402833ms)
✔ Arrange applies the layout chosen in Display, not a hard-coded grid (12.146958ms)
✔ Arrange leaves the tables that are hidden by focus where they were (23.943833ms)
✔ the grid option lays tables out in plain rows, on the same lanes as every other layout (1.6635ms)
✔ the grid option seats the selected table ahead of the tables it connects to (1.018917ms)
✔ a big model arranges in well under a second instead of grinding on the refinement pass (61.075958ms)
✔ a table related only to something off the canvas keeps its place beside the picture (1.13625ms)
✔ an arrange over tables with no relationships between them falls back to the grid (0.65225ms)
✔ fit aims at the unobstructed canvas: the drawer and the overview map are cut away, with 24px of padding (0.641833ms)
✔ an obstruction that misses the canvas costs nothing, and one that swallows it falls back to the padded host (0.588ms)
✔ Escape closes the Display popover first, then Saved views, and returns focus to the button (0.592459ms)
✔ Mac launcher reopens Google Chrome when its profile process survives without a viewer window (12.4745ms)
✔ Mac launcher reopens Microsoft Edge when its profile process survives without a viewer window (10.226458ms)
✔ Mac launcher cold start uses the same dedicated-profile window launch as reopening (19.970041ms)
✔ Mac launcher retains the default-browser fallback without Chrome or Edge (9.124208ms)
✔ library search finds names, folders, home tables and DAX, expanding matching folders (2.470916ms)
✔ visibility and home-table filters combine and stale table filters recover after model switching (0.469959ms)
✔ folder paths do not inflate the matching-measure count (4.233958ms)
✔ DAX highlighting preserves source spelling and resolves qualified references and escaped identifiers (0.96ms)
✔ DAX render cache is invalidated whenever the selected main panel is rebuilt (0.833ms)
✔ Fit contains a large graph and Center uses scaled node coordinates (0.490875ms)
✔ graph orientation preserves dependencies and reflects vertical layers without rotating labels (0.987291ms)
✔ branching and cyclic graphs stay inside bounds in every orientation (0.596917ms)
✔ workspace preferences round-trip and invalid stored values receive safe defaults (0.946583ms)
✔ zoom preserves the viewport center when moving between a fitted stage and scrolling (0.699ms)
✔ measure snapshot is JSON-safe and preserves comparison, library state, preferences and viewport (0.6445ms)
✔ snapshot restore sanitizes model references and numeric values without changing the app view or saved preferences (0.517833ms)
✔ viewport restoration waits for visible layout and ignores superseded model state (0.447875ms)
✔ invalid selections clear comparison and expansions, and auto-fit restores responsively (0.430084ms)
✔ a hidden graph viewport is not reused for a different expansion context (0.379167ms)
✔ dependents are grouped by home table then display folder, and the grouping is deterministic (1.604958ms)
✔ the group expander reveals every member and collapsing puts them back (0.980875ms)
✔ group expansion is remembered per analyzed measure and never leaks between them (1.256333ms)
✔ the graph opens on the analyzed measure at a readable zoom, in every orientation (1.00325ms)
✔ a small dependency graph is not grouped (0.395042ms)
✔ collapsed measures retain semantic roles and Expand all draws every included path (1.49525ms)
✔ plus six reveals six downstream neighbours and minus removes exactly those six (2.339042ms)
✔ legacy extras cannot offer to remove mandatory upstream or downstream measures (1.007167ms)
✔ Expand all reports the display limit and does not hide additional groups at the cap (25.324167ms)
✔ library search lists name matches before measures that only mention the text in DAX (0.611625ms)
✔ DAX code block resets the host <code> styling so tokens stay readable in VS Code themes (0.151625ms)
✔ quoted identifiers decode escapes; strings and comments never create edges (4.061709ms)
✔ let forward references, nested sibling scopes and quoted shadowing (1.401792ms)
✔ exclusive initialization is explicit, inclusive recursive references are local (1.521917ms)
✔ typed functions and each do not shadow sibling arguments or branches (1.343542ms)
✔ record generalized fields, projection, item access and type names (0.845625ms)
✔ dynamic, unresolved, library and malformed inputs remain explicit (1.807333ms)
✔ table names resolve rather than partition names; ambiguous identities never resolve (0.2805ms)
✔ graph exposes direct edges, cycle components and disconnected nodes without mutation (0.616875ms)
✔ depth limits are explicit and do not throw to consumers (0.550625ms)
✔ render provides safe clickable code navigation and visible uncertainty in its host (0.595083ms)
✔ missing/non-M targets remain navigable and every result retains partial status (0.298458ms)
✔ render exposes cycles and replaces the old host contents on navigation (0.347917ms)
✔ progressive expansion and exact code navigation preserve partition root, expansion and scroll (4.067ms)
✔ partition state is isolated and app model/metadata replacement clears expansion (0.949ms)
✔ SCC and self cycles terminate; dynamic/missing references stay visible as uncertainty (0.578542ms)
✔ duplicate, missing, wrong-table, non-M and no-root states never open arbitrary code (1.571625ms)
✔ optional analyzer unavailable is explicit (0.363792ms)
✔ hostile labels are text, keyboard navigation moves focus and edge navigation targets upstream code (0.394541ms)
✔ large graph uses complete metadata resolution but caps visible nodes with explicit limits (4.5625ms)
✔ large-model duplicate names never become resolved edges (0.677917ms)
✔ branch expansion caps nodes and reset restores first page (3.153625ms)
✔ model replacement without a valid root still invalidates previous state (0.955584ms)
✔ bounded large-model cycle findings include only expanded visible edges (0.793458ms)
✔ BIM preserves exact string / array code, partitions, stable identities, kinds and missing states (3.290667ms)
✔ TMDL keeps decoded M indentation, quoted names, multiple partitions and shared expressions (1.631792ms)
✔ TMDL fenced code preserves trailing whitespace, blank lines and CRLF (1.055333ms)
✔ identities survive file order and no metadata does not invent code (0.83775ms)
✔ snapshot export allowlist excludes raw M and metadata (including hostile markers) (0.551ms)
✔ stale hook code navigation cannot close or change a newer model inspector (0.898542ms)
✔ serve.py answers the page: ping, browse, find, model, static files (90.964542ms)
✔ serve.py refuses requests from other websites and never writes (65.035042ms)
✔ serve.py starts again on the same port right after it stopped (210.75425ms)
✔ offline startup restores graph without normal model, usage, repo or IDB access (6.857792ms)
✔ offline startup restores measures without normal model, usage, repo or IDB access (1.364167ms)
✔ offline startup restores clusters without normal model, usage, repo or IDB access (0.995375ms)
✔ offline startup restores matrix without normal model, usage, repo or IDB access (1.093334ms)
✔ offline startup preserves intentionally empty canvas membership and discards invalid focus (1.235667ms)
✔ switching snapshot Domains and Tables retains each viewport and domain expansion positions (1.4805ms)
✔ an invalid embedded snapshot reports failure instead of falling back to fetch or repositories (0.97775ms)
✔ snapshot export reports progress, prevents duplicate saves and permits retry after failure (0.988542ms)
✔ recipient UI keeps four analysis modes and Save snapshot but has no model switcher, import or PNG (9.116042ms)
✔ Domains then Measures preserves table focus, expanded display, positions and camera for export (1.59925ms)
✔ new table changes after returning from Domains replace the previously cached table view (1.011333ms)
✔ Matrix snapshot restores both scroll axes and caches them before leaving the view (1.053959ms)
✔ malformed Matrix scroll values are sanitized without affecting table state (0.91ms)
✔ direct measure navigation captures the latest table changes before changing modes (1.230208ms)
✔ model serialization preserves analytical schema and exact DAX while excluding source secrets and unknown fields (0.745084ms)
✔ blank workspace exports every table and measure, independent of visible membership and search (1.482375ms)
✔ HTML embeds hostile DAX and Unicode losslessly without creating executable data scripts (11.396167ms)
✔ dollar replacement sequences remain literal in names, DAX, and the saved template (2.686917ms)
✔ HTML is self-contained and denies network requests through its content security policy (2.54725ms)
✔ an exported snapshot can package its inline assets again without fetch or local asset paths (4.069083ms)
✔ unsupported versions and malformed embedded model data are rejected explicitly (0.592792ms)
✔ missing runtime assets abort export rather than creating an incomplete HTML file (1.637292ms)
✔ memory storage never touches native storage and replaces all preferences between snapshots (0.585041ms)
✔ embedded payload switches to memory before application constructors read preferences (0.521292ms)
✔ invalid embedded payload remains isolated instead of falling back to recipient storage (0.331041ms)
✔ a bare `database` line (no inline name) does not read its own compatibilityLevel property as the name (2.569709ms)
✔ an inline `database <Name>` line still parses correctly (older/common TMDL style) (0.724333ms)
✔ the repo fixture (inline database name) still parses to its real name (4.40175ms)
✔ names with an escaped apostrophe keep their measures and columns (0.822375ms)
usage-adapter.test.js: ok
✔ ../tests/usage-adapter.test.js (24.565625ms)
✔ matrix updates immediately when table roles change without a model or count change (7.450667ms)
✔ a model with no fact tables has a covering empty state and working next actions (0.88175ms)
✔ matrix is a semantic table and empty relationships are not focusable controls (0.734041ms)
✔ table relationship tooltip escapes all model-supplied names (1.29325ms)
✔ aggregated domain relationship tooltip escapes model-supplied names on hover (0.843125ms)
✔ switching away from Tables closes the inspector, and coming back reopens it on the same table (0.564917ms)
ℹ tests 259
ℹ suites 0
ℹ pass 259
ℹ fail 0
ℹ cancelled 0
ℹ skipped 0
ℹ todo 0
ℹ duration_ms 12464.300708
