TAP version 13
# Subtest: entire registry is initially laid out including disconnected/status/duplicate display IDs
ok 1 - entire registry is initially laid out including disconnected/status/duplicate display IDs
  ---
  duration_ms: 6.843417
  type: 'test'
  ...
# Subtest: zero-edge model is complete and supplied cycle components are grouped
ok 2 - zero-edge model is complete and supplied cycle components are grouped
  ---
  duration_ms: 1.57975
  type: 'test'
  ...
# Subtest: visibility is silent induced-edge projection; matches only dim; hidden selection/minimap remain explicit
ok 3 - visibility is silent induced-edge projection; matches only dim; hidden selection/minimap remain explicit
  ---
  duration_ms: 2.074291
  type: 'test'
  ...
# Subtest: empty projection does not discard complete model or auto-fit
ok 4 - empty projection does not discard complete model or auto-fit
  ---
  duration_ms: 0.836084
  type: 'test'
  ...
# Subtest: pan threshold distinguishes blank click from drag; node drag is layout only
ok 5 - pan threshold distinguishes blank click from drag; node drag is layout only
  ---
  duration_ms: 5.265958
  type: 'test'
  ...
# Subtest: wheel/pinch keep gesture anchor fixed and have finite positive scale
ok 6 - wheel/pinch keep gesture anchor fixed and have finite positive scale
  ---
  duration_ms: 1.46225
  type: 'test'
  ...
# Subtest: provided-host keyboard fallback pans; node arrows rove/Enter selects; input shortcuts ignored
ok 7 - provided-host keyboard fallback pans; node arrows rove/Enter selects; input shortcuts ignored
  ---
  duration_ms: 1.015708
  type: 'test'
  ...
# Subtest: queued resize after explicit Back viewport restore cannot translate or notify
ok 8 - queued resize after explicit Back viewport restore cannot translate or notify
  ---
  duration_ms: 3.020917
  type: 'test'
  ...
# Subtest: edge callback uses host CSS anchor and full stable edge ID
ok 9 - edge callback uses host CSS anchor and full stable edge ID
  ---
  duration_ms: 2.015333
  type: 'test'
  ...
# Subtest: layout captures cannot restore into another generation with coincident IDs
ok 10 - layout captures cannot restore into another generation with coincident IDs
  ---
  duration_ms: 3.353542
  type: 'test'
  ...
# Subtest: same-generation updates/layout restores preserve view; generation/null clears filters and old gestures
ok 11 - same-generation updates/layout restores preserve view; generation/null clears filters and old gestures
  ---
  duration_ms: 2.04125
  type: 'test'
  ...
# Subtest: 300/301/350/1000 registries and parameter fanout retain last object without caps
ok 12 - 300/301/350/1000 registries and parameter fanout retain last object without caps
  ---
  duration_ms: 102.777625
  type: 'test'
  ...
# Subtest: search and focus dim independently without hiding membership or mutating registry
ok 13 - search and focus dim independently without hiding membership or mutating registry
  ---
  duration_ms: 2.378084
  type: 'test'
  ...
# Subtest: explicit Arrange touches only visible requested positions and is silent, registry preserving and undoable
ok 14 - explicit Arrange touches only visible requested positions and is silent, registry preserving and undoable
  ---
  duration_ms: 1.594833
  type: 'test'
  ...
# Subtest: minimap nodes, induced edges and bounds use only rendered IDs; empty stays honest and registry survives
ok 15 - minimap nodes, induced edges and bounds use only rendered IDs; empty stays honest and registry survives
  ---
  duration_ms: 2.082208
  type: 'test'
  ...
# Subtest: Center genuinely centers already-visible nodes at pan/zoom and side/below/resized host bounds
ok 16 - Center genuinely centers already-visible nodes at pan/zoom and side/below/resized host bounds
  ---
  duration_ms: 2.464792
  type: 'test'
  ...
# Subtest: blank/add repositions far-away new members near current view collision-free, preserves other manual positions and Undo
ok 17 - blank/add repositions far-away new members near current view collision-free, preserves other manual positions and Undo
  ---
  duration_ms: 2.358208
  type: 'test'
  ...
# Subtest: narrow side canvas prefers a visible vertical neighbor; collisions preserve the manual anchor
ok 18 - narrow side canvas prefers a visible vertical neighbor; collisions preserve the manual anchor
  ---
  duration_ms: 2.242667
  type: 'test'
  ...
# Subtest: straight routes retain input-to-consumer endpoints after reversal, stacking and self cycles; hit path follows geometry
ok 19 - straight routes retain input-to-consumer endpoints after reversal, stacking and self cycles; hit path follows geometry
  ---
  duration_ms: 3.267667
  type: 'test'
  ...
# Subtest: straight long links detour around visible intervening cards and simplify when the obstacle is hidden
ok 20 - straight long links detour around visible intervening cards and simplify when the obstacle is hidden
  ---
  duration_ms: 1.524041
  type: 'test'
  ...
# Subtest: reciprocal edges have independent 14px hit corridors in every orientation and after the reported drag
ok 21 - reciprocal edges have independent 14px hit corridors in every orientation and after the reported drag
  ---
  duration_ms: 2.569041
  type: 'test'
  ...
# Subtest: flow target and inspected branch are independent of selection and never mutate routes or positions
ok 22 - flow target and inspected branch are independent of selection and never mutate routes or positions
  ---
  duration_ms: 1.589375
  type: 'test'
  ...
# Subtest: positional mapping keeps duplicate rows distinct; no metadata ID overwrite
ok 23 - positional mapping keeps duplicate rows distinct; no metadata ID overwrite
  ---
  duration_ms: 7.749167
  type: 'test'
  ...
# Subtest: connectivity uses complete resolved incident edges, including parameter/status rows without relations
ok 24 - connectivity uses complete resolved incident edges, including parameter/status rows without relations
  ---
  duration_ms: 1.915708
  type: 'test'
  ...
# Subtest: ranges are authoritative UTF16 slices and invalid/overlapping spans never become links
ok 25 - ranges are authoritative UTF16 slices and invalid/overlapping spans never become links
  ---
  duration_ms: 0.758791
  type: 'test'
  ...
# Subtest: identity gates reject model/metadata replacement, revision changes and duplicate reorder
ok 26 - identity gates reject model/metadata replacement, revision changes and duplicate reorder
  ---
  duration_ms: 0.570208
  type: 'test'
  ...
# Subtest: worker executes canonical build in isolated context, emits atomic graph and job-bound progress
ok 27 - worker executes canonical build in isolated context, emits atomic graph and job-bound progress
  ---
  duration_ms: 5.946625
  type: 'test'
  ...
# Subtest: excluded reference clears filters; Back restores filters/view/scroll without Fit/reveal
ok 28 - excluded reference clears filters; Back restores filters/view/scroll without Fit/reveal
  ---
  duration_ms: 1.069167
  type: 'test'
  ...
# Subtest: matching library selection retains search; Show all preserves selected object and does not Fit
ok 29 - matching library selection retains search; Show all preserves selected object and does not Fit
  ---
  duration_ms: 0.552458
  type: 'test'
  ...
# Subtest: late navigation callbacks fail generation and source identity gates
ok 30 - late navigation callbacks fail generation and source identity gates
  ---
  duration_ms: 0.476084
  type: 'test'
  ...
# Subtest: real scheduler cancellation terminates worker and rejects queued old-generation graph messages
ok 31 - real scheduler cancellation terminates worker and rejects queued old-generation graph messages
  ---
  duration_ms: 18.065208
  type: 'test'
  ...
# Subtest: worker unavailable produces explicit error with no synchronous analysis fallback
ok 32 - worker unavailable produces explicit error with no synchronous analysis fallback
  ---
  duration_ms: 18.225833
  type: 'test'
  ...
# Subtest: model replaced while runtime assets load cannot launch or publish an old worker
ok 33 - model replaced while runtime assets load cannot launch or publish an old worker
  ---
  duration_ms: 32.207375
  type: 'test'
  ...
# Subtest: Back deferred focus cannot override a newer same-generation navigation
ok 34 - Back deferred focus cannot override a newer same-generation navigation
  ---
  duration_ms: 1.163875
  type: 'test'
  ...
# Subtest: terminal worker error invalidates queued ready publication and retained lookup
ok 35 - terminal worker error invalidates queued ready publication and retained lookup
  ---
  duration_ms: 17.288916
  type: 'test'
  ...
# Subtest: peer tab suspension happens only on transitions and preserves same-model context
ok 36 - peer tab suspension happens only on transitions and preserves same-model context
  ---
  duration_ms: 0.776834
  type: 'test'
  ...
# Subtest: Reset filters restores exact viewport after banner layout, preserving selection inspector and history
ok 37 - Reset filters restores exact viewport after banner layout, preserving selection inspector and history
  ---
  duration_ms: 0.587709
  type: 'test'
  ...
# Subtest: Reset filters does not restore an old viewport after replacement or newer navigation
ok 38 - Reset filters does not restore an old viewport after replacement or newer navigation
  ---
  duration_ms: 3.490708
  type: 'test'
  ...
# Subtest: inspector resize changes independent orientation dimensions and clamps practical bounds
ok 39 - inspector resize changes independent orientation dimensions and clamps practical bounds
  ---
  duration_ms: 0.773916
  type: 'test'
  ...
# Subtest: membership/category/focus/search stay distinct and traversals bound cycles
ok 40 - membership/category/focus/search stay distinct and traversals bound cycles
  ---
  duration_ms: 1.246667
  type: 'test'
  ...
# Subtest: remove and blank affect layout only; Undo and Back restore separate state without source mutation
ok 41 - remove and blank affect layout only; Undo and Back restore separate state without source mutation
  ---
  duration_ms: 1.473083
  type: 'test'
  ...
# Subtest: layout Undo is bounded and model replacement invalidates either restoration
ok 42 - layout Undo is bounded and model replacement invalidates either restoration
  ---
  duration_ms: 2.91775
  type: 'test'
  ...
# Subtest: table entry uses exact association and never chooses a multipartition default
ok 43 - table entry uses exact association and never chooses a multipartition default
  ---
  duration_ms: 0.998666
  type: 'test'
  ...
# Subtest: Back restores viewport after the final hidden-selection banner layout
ok 44 - Back restores viewport after the final hidden-selection banner layout
  ---
  duration_ms: 1.537459
  type: 'test'
  ...
# Subtest: Back finalizes controls before restoring disclosure and scroll state
ok 45 - Back finalizes controls before restoring disclosure and scroll state
  ---
  duration_ms: 2.458
  type: 'test'
  ...
# Subtest: group filtering uses exact metadata and persists opaquely through Back and reset
ok 46 - group filtering uses exact metadata and persists opaquely through Back and reset
  ---
  duration_ms: 1.475709
  type: 'test'
  ...
# Subtest: new membership requests placement once, preserves other members and explicit drop coordinates
ok 47 - new membership requests placement once, preserves other members and explicit drop coordinates
  ---
  duration_ms: 1.059375
  type: 'test'
  ...
# Subtest: Center selected dispatches genuine center only for a current visible selection
ok 48 - Center selected dispatches genuine center only for a current visible selection
  ---
  duration_ms: 1.034125
  type: 'test'
  ...
# Subtest: group-only metadata changes invalidate captured workspace identity
ok 49 - group-only metadata changes invalidate captured workspace identity
  ---
  duration_ms: 0.549083
  type: 'test'
  ...
# Subtest: flow branch follows only directed resolved paths, excludes merge siblings and terminates cycles
ok 50 - flow branch follows only directed resolved paths, excludes merge siblings and terminates cycles
  ---
  duration_ms: 1.135166
  type: 'test'
  ...
# Subtest: inspecting a reference retains flow root and direction; Back and layout Undo restore root independently
ok 51 - inspecting a reference retains flow root and direction; Back and layout Undo restore root independently
  ---
  duration_ms: 1.479
  type: 'test'
  ...
# Subtest: first query establishes an all-depth flow and new generation clears it
ok 52 - first query establishes an all-depth flow and new generation clears it
  ---
  duration_ms: 2.946916
  type: 'test'
  ...
# Subtest: Arrange enables Undo immediately even when it was previously disabled
ok 53 - Arrange enables Undo immediately even when it was previously disabled
  ---
  duration_ms: 2.217959
  type: 'test'
  ...
# Subtest: adding the first object to a blank layout establishes its flow target
ok 54 - adding the first object to a blank layout establishes its flow target
  ---
  duration_ms: 1.305834
  type: 'test'
  ...
# Subtest: silent restoration refreshes displayed zoom from accepted canvas state, for every shell restore path
ok 55 - silent restoration refreshes displayed zoom from accepted canvas state, for every shell restore path
  ---
  duration_ms: 1.316916
  type: 'test'
  ...
# Subtest: late Undo restoration cannot replace a newer navigation zoom or label
ok 56 - late Undo restoration cannot replace a newer navigation zoom or label
  ---
  duration_ms: 1.976083
  type: 'test'
  ...
# Subtest: long flow auto framing keeps all membership/positions and centers the selected or supplied terminal node
ok 57 - long flow auto framing keeps all membership/positions and centers the selected or supplied terminal node
  ---
  duration_ms: 1.881292
  type: 'test'
  ...
1..57
# tests 57
# suites 0
# pass 57
# fail 0
# cancelled 0
# skipped 0
# todo 0
# duration_ms 213.907042
