CASE 1280-1-right
CASE 1280-1-bottom
CASE 1280-2-right
CASE 1280-2-bottom
CASE 1440-1-right
CASE 1440-1-bottom
CASE 1440-2-right
CASE 1440-2-bottom
{
  "boundary": "T3 available; explicitly authorized true Chrome zoom and pointer resize audit; no native acceptance",
  "checks": [
    "1280-1-right",
    "1280-1-bottom",
    "1280-2-right",
    "1280-2-bottom",
    "1440-1-right",
    "1440-1-bottom",
    "1440-2-right",
    "1440-2-bottom"
  ],
  "failures": [],
  "source": {
    "index.html": "0669e26ca931439d6b0b1021f542b43b57e0c5718c31ea147bb94af12cec4c4e",
    "js/power-query-workspace.js": "c27ea4ff7b830af3b9d14cdb84929da06ae5e406f7ef1ac692d8b6198e09e995",
    "js/power-query-canvas.js": "d7d573822b21b987da6eea9d588479aae51dec46f4138c0a7b82bbd75664c28d",
    "power-query-workspace.css": "8f69cb0d2d52e998482141a4bbc65685426cf827ecd0272eeacf6a2ce400e10d"
  }
}
