{
  "candidate": "6b352ca8c85e99874ce702f51a6adad47867f922",
  "mapping": "exact 33 browser runtime assets; worktree feature files unchanged",
  "boundary": "fresh isolated authorized Chrome CDP fallback; synthetic metadata; not native",
  "startedAt": "2026-10-09T10:48:21.690Z",
  "checks": [
    {
      "name": "Default snapshot privacy and offline Measures formatter/PQ unavailable",
      "status": "pass"
    }
  ],
  "failures": [],
  "browser": {
    "protocolVersion": "1.3",
    "product": "Chrome/154.0.8037.99",
    "revision": "@45889d77830582727fe00dbfd614bcb7aac35caa",
    "userAgent": "Mozilla/5.0 (Macintosh; Intel Mac OS X 10_15_7) AppleWebKit/537.36 (KHTML, like Gecko) HeadlessChrome/154.0.0.0 Safari/537.36",
    "jsVersion": "15.4.80.20"
  },
  "assetsReverified": 33,
  "endedAt": "2026-10-09T10:48:24.293Z"
}
