TAP version 13
# Subtest: entire registry is initially laid out including disconnected/status/duplicate display IDs
ok 1 - entire registry is initially laid out including disconnected/status/duplicate display IDs
  ---
  duration_ms: 9.068375
  type: 'test'
  ...
# Subtest: zero-edge model is complete and supplied cycle components are grouped
ok 2 - zero-edge model is complete and supplied cycle components are grouped
  ---
  duration_ms: 2.854541
  type: 'test'
  ...
# Subtest: visibility is silent induced-edge projection; matches only dim; hidden selection/minimap remain explicit
ok 3 - visibility is silent induced-edge projection; matches only dim; hidden selection/minimap remain explicit
  ---
  duration_ms: 4.327
  type: 'test'
  ...
# Subtest: empty projection does not discard complete model or auto-fit
ok 4 - empty projection does not discard complete model or auto-fit
  ---
  duration_ms: 2.964166
  type: 'test'
  ...
# Subtest: pan threshold distinguishes blank click from drag; node drag is layout only
ok 5 - pan threshold distinguishes blank click from drag; node drag is layout only
  ---
  duration_ms: 4.745583
  type: 'test'
  ...
# Subtest: wheel/pinch keep gesture anchor fixed and have finite positive scale
ok 6 - wheel/pinch keep gesture anchor fixed and have finite positive scale
  ---
  duration_ms: 3.103208
  type: 'test'
  ...
# Subtest: provided-host keyboard fallback pans; node arrows rove/Enter selects; input shortcuts ignored
ok 7 - provided-host keyboard fallback pans; node arrows rove/Enter selects; input shortcuts ignored
  ---
  duration_ms: 2.135625
  type: 'test'
  ...
# Subtest: queued resize after explicit Back viewport restore cannot translate or notify
ok 8 - queued resize after explicit Back viewport restore cannot translate or notify
  ---
  duration_ms: 2.087709
  type: 'test'
  ...
# Subtest: edge callback uses host CSS anchor and full stable edge ID
ok 9 - edge callback uses host CSS anchor and full stable edge ID
  ---
  duration_ms: 2.615709
  type: 'test'
  ...
# Subtest: layout captures cannot restore into another generation with coincident IDs
ok 10 - layout captures cannot restore into another generation with coincident IDs
  ---
  duration_ms: 2.423583
  type: 'test'
  ...
# Subtest: same-generation updates/layout restores preserve view; generation/null clears filters and old gestures
ok 11 - same-generation updates/layout restores preserve view; generation/null clears filters and old gestures
  ---
  duration_ms: 3.707667
  type: 'test'
  ...
# Subtest: 300/301/350/1000 registries and parameter fanout retain last object without caps
ok 12 - 300/301/350/1000 registries and parameter fanout retain last object without caps
  ---
  duration_ms: 277.633083
  type: 'test'
  ...
# Subtest: search and focus dim independently without hiding membership or mutating registry
ok 13 - search and focus dim independently without hiding membership or mutating registry
  ---
  duration_ms: 3.889917
  type: 'test'
  ...
# Subtest: explicit Arrange touches only visible requested positions and is silent, registry preserving and undoable
ok 14 - explicit Arrange touches only visible requested positions and is silent, registry preserving and undoable
  ---
  duration_ms: 2.555125
  type: 'test'
  ...
# Subtest: minimap nodes, induced edges and bounds use only rendered IDs; empty stays honest and registry survives
ok 15 - minimap nodes, induced edges and bounds use only rendered IDs; empty stays honest and registry survives
  ---
  duration_ms: 1.643208
  type: 'test'
  ...
# Subtest: Center genuinely centers already-visible nodes at pan/zoom and side/below/resized host bounds
ok 16 - Center genuinely centers already-visible nodes at pan/zoom and side/below/resized host bounds
  ---
  duration_ms: 1.370958
  type: 'test'
  ...
# Subtest: blank/add repositions far-away new members near current view collision-free, preserves other manual positions and Undo
ok 17 - blank/add repositions far-away new members near current view collision-free, preserves other manual positions and Undo
  ---
  duration_ms: 1.261792
  type: 'test'
  ...
# Subtest: narrow side canvas prefers a visible vertical neighbor; collisions preserve the manual anchor
ok 18 - narrow side canvas prefers a visible vertical neighbor; collisions preserve the manual anchor
  ---
  duration_ms: 0.970041
  type: 'test'
  ...
# Subtest: straight routes retain input-to-consumer endpoints after reversal, stacking and self cycles; hit path follows geometry
ok 19 - straight routes retain input-to-consumer endpoints after reversal, stacking and self cycles; hit path follows geometry
  ---
  duration_ms: 1.626166
  type: 'test'
  ...
# Subtest: straight long links detour around visible intervening cards and simplify when the obstacle is hidden
ok 20 - straight long links detour around visible intervening cards and simplify when the obstacle is hidden
  ---
  duration_ms: 1.047542
  type: 'test'
  ...
# Subtest: reciprocal edges have independent 14px hit corridors in every orientation and after the reported drag
ok 21 - reciprocal edges have independent 14px hit corridors in every orientation and after the reported drag
  ---
  duration_ms: 4.032625
  type: 'test'
  ...
# Subtest: flow target and inspected branch are independent of selection and never mutate routes or positions
ok 22 - flow target and inspected branch are independent of selection and never mutate routes or positions
  ---
  duration_ms: 2.062125
  type: 'test'
  ...
# Subtest: exact CRLF/quoted/repeated/non-BMP source slices are separate from numbered gutter; Copy original source
ok 23 - exact CRLF/quoted/repeated/non-BMP source slices are separate from numbered gutter; Copy original source
  ---
  duration_ms: 12.358416
  type: 'test'
  ...
# Subtest: invalid/overlapping/missing-target spans never create guessed links
ok 24 - invalid/overlapping/missing-target spans never create guessed links
  ---
  duration_ms: 6.968834
  type: 'test'
  ...
# Subtest: opaque uncertainty is neutral disclosure; presentation diagnostics are review; no regex classification
ok 25 - opaque uncertainty is neutral disclosure; presentation diagnostics are review; no regex classification
  ---
  duration_ms: 1.633542
  type: 'test'
  ...
# Subtest: duplicate graph IDs select exactly supplied rows; status rows have no invented M
ok 26 - duplicate graph IDs select exactly supplied rows; status rows have no invented M
  ---
  duration_ms: 3.745208
  type: 'test'
  ...
# Subtest: capture/restore contains both scroll axes, wrap and stable occurrence descriptor
ok 27 - capture/restore contains both scroll axes, wrap and stable occurrence descriptor
  ---
  duration_ms: 2.569875
  type: 'test'
  ...
# Subtest: new selection, same-ID select, close, suspend, reset and destroy cancel queued restores
ok 28 - new selection, same-ID select, close, suspend, reset and destroy cancel queued restores
  ---
  duration_ms: 7.904584
  type: 'test'
  ...
# Subtest: newer restore/direct focus wins within same generation
ok 29 - newer restore/direct focus wins within same generation
  ---
  duration_ms: 2.161625
  type: 'test'
  ...
# Subtest: same-generation context and hide/reopen preserve view; generation reset clears hidden source and callbacks
ok 30 - same-generation context and hide/reopen preserve view; generation reset clears hidden source and callbacks
  ---
  duration_ms: 1.715125
  type: 'test'
  ...
# Subtest: clipboard completion after close/reopen or reset cannot repaint code/status
ok 31 - clipboard completion after close/reopen or reset cannot repaint code/status
  ---
  duration_ms: 1.840292
  type: 'test'
  ...
# Subtest: focus controls emit only generation/selected-ID actions; Infinity serializes without changing source/view
ok 32 - focus controls emit only generation/selected-ID actions; Infinity serializes without changing source/view
  ---
  duration_ms: 2.760875
  type: 'test'
  ...
# Subtest: history restores focused controls by descriptor and never keeps old control DOM
ok 33 - history restores focused controls by descriptor and never keeps old control DOM
  ---
  duration_ms: 2.035709
  type: 'test'
  ...
# Subtest: Back retains strict 325px scroll with always-visible options; unrelated disclosures stay closed
ok 34 - Back retains strict 325px scroll with always-visible options; unrelated disclosures stay closed
  ---
  duration_ms: 2.880791
  type: 'test'
  ...
# Subtest: all four optional disclosure combinations restore exact scroll and booleans across source selection
ok 35 - all four optional disclosure combinations restore exact scroll and booleans across source selection
  ---
  duration_ms: 18.568166
  type: 'test'
  ...
# Subtest: legacy and partial disclosure state leave absent, invalid and unknown sections untouched
ok 36 - legacy and partial disclosure state leave absent, invalid and unknown sections untouched
  ---
  duration_ms: 36.850833
  type: 'test'
  ...
# Subtest: restored primary focus preserves scroll, and focus-triggered navigation cannot receive old scroll
ok 37 - restored primary focus preserves scroll, and focus-triggered navigation cannot receive old scroll
  ---
  duration_ms: 9.8205
  type: 'test'
  ...
# Subtest: stale disclosure restores cannot reopen prior or current source after any lifecycle cancellation
ok 38 - stale disclosure restores cannot reopen prior or current source after any lifecycle cancellation
  ---
  duration_ms: 25.990208
  type: 'test'
  ...
# Subtest: primary neighborhood controls stay visible, default wrap is true and explicit saved false survives history
ok 39 - primary neighborhood controls stay visible, default wrap is true and explicit saved false survives history
  ---
  duration_ms: 4.367333
  type: 'test'
  ...
# Subtest: expanded reader moves exact code DOM, copies original CRLF/UTF16 source, Escape closes reader first and returns focus
ok 40 - expanded reader moves exact code DOM, copies original CRLF/UTF16 source, Escape closes reader first and returns focus
  ---
  duration_ms: 2.937792
  type: 'test'
  ...
# Subtest: expanded history restores source focus/scroll and cannot reopen after stale lifecycle work
ok 41 - expanded history restores source focus/scroll and cannot reopen after stale lifecycle work
  ---
  duration_ms: 19.437125
  type: 'test'
  ...
# Subtest: reader keyboard boundary stays inside, and native-dialog autofocus navigation cancels old view restore
ok 42 - reader keyboard boundary stays inside, and native-dialog autofocus navigation cancels old view restore
  ---
  duration_ms: 4.752
  type: 'test'
  ...
# Subtest: full-query entry precedes all focus controls and source without duplicating or reformatting code
ok 43 - full-query entry precedes all focus controls and source without duplicating or reformatting code
  ---
  duration_ms: 25.686292
  type: 'test'
  ...
# Subtest: direct input and consumer buttons emit supplied IDs without requiring or inventing source ranges
ok 44 - direct input and consumer buttons emit supplied IDs without requiring or inventing source ranges
  ---
  duration_ms: 0.942667
  type: 'test'
  ...
# Subtest: positional mapping keeps duplicate rows distinct; no metadata ID overwrite
ok 45 - positional mapping keeps duplicate rows distinct; no metadata ID overwrite
  ---
  duration_ms: 8.65925
  type: 'test'
  ...
# Subtest: connectivity uses complete resolved incident edges, including parameter/status rows without relations
ok 46 - connectivity uses complete resolved incident edges, including parameter/status rows without relations
  ---
  duration_ms: 3.027
  type: 'test'
  ...
# Subtest: ranges are authoritative UTF16 slices and invalid/overlapping spans never become links
ok 47 - ranges are authoritative UTF16 slices and invalid/overlapping spans never become links
  ---
  duration_ms: 1.736625
  type: 'test'
  ...
# Subtest: identity gates reject model/metadata replacement, revision changes and duplicate reorder
ok 48 - identity gates reject model/metadata replacement, revision changes and duplicate reorder
  ---
  duration_ms: 1.57925
  type: 'test'
  ...
# Subtest: worker executes canonical build in isolated context, emits atomic graph and job-bound progress
ok 49 - worker executes canonical build in isolated context, emits atomic graph and job-bound progress
  ---
  duration_ms: 5.513875
  type: 'test'
  ...
# Subtest: excluded reference clears filters; Back restores filters/view/scroll without Fit/reveal
ok 50 - excluded reference clears filters; Back restores filters/view/scroll without Fit/reveal
  ---
  duration_ms: 1.723459
  type: 'test'
  ...
# Subtest: matching library selection retains search; Show all preserves selected object and does not Fit
ok 51 - matching library selection retains search; Show all preserves selected object and does not Fit
  ---
  duration_ms: 1.363459
  type: 'test'
  ...
# Subtest: late navigation callbacks fail generation and source identity gates
ok 52 - late navigation callbacks fail generation and source identity gates
  ---
  duration_ms: 1.961709
  type: 'test'
  ...
# Subtest: real scheduler cancellation terminates worker and rejects queued old-generation graph messages
ok 53 - real scheduler cancellation terminates worker and rejects queued old-generation graph messages
  ---
  duration_ms: 18.312291
  type: 'test'
  ...
# Subtest: worker unavailable produces explicit error with no synchronous analysis fallback
ok 54 - worker unavailable produces explicit error with no synchronous analysis fallback
  ---
  duration_ms: 21.210291
  type: 'test'
  ...
# Subtest: model replaced while runtime assets load cannot launch or publish an old worker
ok 55 - model replaced while runtime assets load cannot launch or publish an old worker
  ---
  duration_ms: 68.98475
  type: 'test'
  ...
# Subtest: Back deferred focus cannot override a newer same-generation navigation
ok 56 - Back deferred focus cannot override a newer same-generation navigation
  ---
  duration_ms: 1.8245
  type: 'test'
  ...
# Subtest: terminal worker error invalidates queued ready publication and retained lookup
ok 57 - terminal worker error invalidates queued ready publication and retained lookup
  ---
  duration_ms: 20.339167
  type: 'test'
  ...
# Subtest: peer tab suspension happens only on transitions and preserves same-model context
ok 58 - peer tab suspension happens only on transitions and preserves same-model context
  ---
  duration_ms: 6.839666
  type: 'test'
  ...
# Subtest: Reset filters restores exact viewport after banner layout, preserving selection inspector and history
ok 59 - Reset filters restores exact viewport after banner layout, preserving selection inspector and history
  ---
  duration_ms: 2.157334
  type: 'test'
  ...
# Subtest: Reset filters does not restore an old viewport after replacement or newer navigation
ok 60 - Reset filters does not restore an old viewport after replacement or newer navigation
  ---
  duration_ms: 14.102333
  type: 'test'
  ...
# Subtest: inspector resize changes independent orientation dimensions and clamps practical bounds
ok 61 - inspector resize changes independent orientation dimensions and clamps practical bounds
  ---
  duration_ms: 14.688167
  type: 'test'
  ...
# Subtest: membership/category/focus/search stay distinct and traversals bound cycles
ok 62 - membership/category/focus/search stay distinct and traversals bound cycles
  ---
  duration_ms: 2.826083
  type: 'test'
  ...
# Subtest: remove and blank affect layout only; Undo and Back restore separate state without source mutation
ok 63 - remove and blank affect layout only; Undo and Back restore separate state without source mutation
  ---
  duration_ms: 0.870833
  type: 'test'
  ...
# Subtest: layout Undo is bounded and model replacement invalidates either restoration
ok 64 - layout Undo is bounded and model replacement invalidates either restoration
  ---
  duration_ms: 1.738542
  type: 'test'
  ...
# Subtest: table entry uses exact association and never chooses a multipartition default
ok 65 - table entry uses exact association and never chooses a multipartition default
  ---
  duration_ms: 2.04575
  type: 'test'
  ...
# Subtest: Back restores viewport after the final hidden-selection banner layout
ok 66 - Back restores viewport after the final hidden-selection banner layout
  ---
  duration_ms: 1.624667
  type: 'test'
  ...
# Subtest: Back finalizes controls before restoring disclosure and scroll state
ok 67 - Back finalizes controls before restoring disclosure and scroll state
  ---
  duration_ms: 3.86425
  type: 'test'
  ...
# Subtest: group filtering uses exact metadata and persists opaquely through Back and reset
ok 68 - group filtering uses exact metadata and persists opaquely through Back and reset
  ---
  duration_ms: 2.540625
  type: 'test'
  ...
# Subtest: new membership requests placement once, preserves other members and explicit drop coordinates
ok 69 - new membership requests placement once, preserves other members and explicit drop coordinates
  ---
  duration_ms: 2.263
  type: 'test'
  ...
# Subtest: Center selected dispatches genuine center only for a current visible selection
ok 70 - Center selected dispatches genuine center only for a current visible selection
  ---
  duration_ms: 2.445959
  type: 'test'
  ...
# Subtest: group-only metadata changes invalidate captured workspace identity
ok 71 - group-only metadata changes invalidate captured workspace identity
  ---
  duration_ms: 2.456875
  type: 'test'
  ...
# Subtest: flow branch follows only directed resolved paths, excludes merge siblings and terminates cycles
ok 72 - flow branch follows only directed resolved paths, excludes merge siblings and terminates cycles
  ---
  duration_ms: 5.581542
  type: 'test'
  ...
# Subtest: inspecting a reference retains flow root and direction; Back and layout Undo restore root independently
ok 73 - inspecting a reference retains flow root and direction; Back and layout Undo restore root independently
  ---
  duration_ms: 2.507792
  type: 'test'
  ...
# Subtest: first query establishes an all-depth flow and new generation clears it
ok 74 - first query establishes an all-depth flow and new generation clears it
  ---
  duration_ms: 27.540625
  type: 'test'
  ...
# Subtest: Arrange enables Undo immediately even when it was previously disabled
ok 75 - Arrange enables Undo immediately even when it was previously disabled
  ---
  duration_ms: 1.514667
  type: 'test'
  ...
# Subtest: adding the first object to a blank layout establishes its flow target
ok 76 - adding the first object to a blank layout establishes its flow target
  ---
  duration_ms: 3.650667
  type: 'test'
  ...
# Subtest: silent restoration refreshes displayed zoom from accepted canvas state, for every shell restore path
ok 77 - silent restoration refreshes displayed zoom from accepted canvas state, for every shell restore path
  ---
  duration_ms: 1.834
  type: 'test'
  ...
# Subtest: late Undo restoration cannot replace a newer navigation zoom or label
ok 78 - late Undo restoration cannot replace a newer navigation zoom or label
  ---
  duration_ms: 1.84425
  type: 'test'
  ...
# Subtest: long flow auto framing keeps all membership/positions and centers the selected or supplied terminal node
ok 79 - long flow auto framing keeps all membership/positions and centers the selected or supplied terminal node
  ---
  duration_ms: 4.154625
  type: 'test'
  ...
1..79
# tests 79
# suites 0
# pass 79
# fail 0
# cancelled 0
# skipped 0
# todo 0
# duration_ms 439.5775
