TAP version 13
# Subtest: entire registry is initially laid out including disconnected/status/duplicate display IDs
ok 1 - entire registry is initially laid out including disconnected/status/duplicate display IDs
  ---
  duration_ms: 6.376833
  type: 'test'
  ...
# Subtest: zero-edge model is complete and supplied cycle components are grouped
ok 2 - zero-edge model is complete and supplied cycle components are grouped
  ---
  duration_ms: 2.459583
  type: 'test'
  ...
# Subtest: visibility is silent induced-edge projection; matches only dim; hidden selection/minimap remain explicit
ok 3 - visibility is silent induced-edge projection; matches only dim; hidden selection/minimap remain explicit
  ---
  duration_ms: 2.318875
  type: 'test'
  ...
# Subtest: empty projection does not discard complete model or auto-fit
ok 4 - empty projection does not discard complete model or auto-fit
  ---
  duration_ms: 2.104166
  type: 'test'
  ...
# Subtest: pan threshold distinguishes blank click from drag; node drag is layout only
ok 5 - pan threshold distinguishes blank click from drag; node drag is layout only
  ---
  duration_ms: 1.995
  type: 'test'
  ...
# Subtest: wheel/pinch keep gesture anchor fixed and have finite positive scale
ok 6 - wheel/pinch keep gesture anchor fixed and have finite positive scale
  ---
  duration_ms: 2.724542
  type: 'test'
  ...
# Subtest: provided-host keyboard fallback pans; node arrows rove/Enter selects; input shortcuts ignored
ok 7 - provided-host keyboard fallback pans; node arrows rove/Enter selects; input shortcuts ignored
  ---
  duration_ms: 1.619709
  type: 'test'
  ...
# Subtest: queued resize after explicit Back viewport restore cannot translate or notify
ok 8 - queued resize after explicit Back viewport restore cannot translate or notify
  ---
  duration_ms: 2.255333
  type: 'test'
  ...
# Subtest: edge callback uses host CSS anchor and full stable edge ID
ok 9 - edge callback uses host CSS anchor and full stable edge ID
  ---
  duration_ms: 2.738334
  type: 'test'
  ...
# Subtest: layout captures cannot restore into another generation with coincident IDs
ok 10 - layout captures cannot restore into another generation with coincident IDs
  ---
  duration_ms: 1.010208
  type: 'test'
  ...
# Subtest: same-generation updates/layout restores preserve view; generation/null clears filters and old gestures
ok 11 - same-generation updates/layout restores preserve view; generation/null clears filters and old gestures
  ---
  duration_ms: 2.159584
  type: 'test'
  ...
# Subtest: 300/301/350/1000 registries and parameter fanout retain last object without caps
ok 12 - 300/301/350/1000 registries and parameter fanout retain last object without caps
  ---
  duration_ms: 52.801166
  type: 'test'
  ...
# Subtest: search and focus dim independently without hiding membership or mutating registry
ok 13 - search and focus dim independently without hiding membership or mutating registry
  ---
  duration_ms: 1.05775
  type: 'test'
  ...
# Subtest: explicit Arrange touches only visible requested positions and is silent, registry preserving and undoable
ok 14 - explicit Arrange touches only visible requested positions and is silent, registry preserving and undoable
  ---
  duration_ms: 0.595792
  type: 'test'
  ...
# Subtest: minimap nodes, induced edges and bounds use only rendered IDs; empty stays honest and registry survives
ok 15 - minimap nodes, induced edges and bounds use only rendered IDs; empty stays honest and registry survives
  ---
  duration_ms: 0.662542
  type: 'test'
  ...
# Subtest: Center genuinely centers already-visible nodes at pan/zoom and side/below/resized host bounds
ok 16 - Center genuinely centers already-visible nodes at pan/zoom and side/below/resized host bounds
  ---
  duration_ms: 0.726625
  type: 'test'
  ...
# Subtest: blank/add repositions far-away new members near current view collision-free, preserves other manual positions and Undo
ok 17 - blank/add repositions far-away new members near current view collision-free, preserves other manual positions and Undo
  ---
  duration_ms: 0.695792
  type: 'test'
  ...
# Subtest: narrow side canvas prefers a visible vertical neighbor; collisions preserve the manual anchor
ok 18 - narrow side canvas prefers a visible vertical neighbor; collisions preserve the manual anchor
  ---
  duration_ms: 0.557291
  type: 'test'
  ...
# Subtest: exact CRLF/quoted/repeated/non-BMP source slices are separate from numbered gutter; Copy original source
ok 19 - exact CRLF/quoted/repeated/non-BMP source slices are separate from numbered gutter; Copy original source
  ---
  duration_ms: 8.700792
  type: 'test'
  ...
# Subtest: invalid/overlapping/missing-target spans never create guessed links
ok 20 - invalid/overlapping/missing-target spans never create guessed links
  ---
  duration_ms: 5.419083
  type: 'test'
  ...
# Subtest: opaque uncertainty is neutral disclosure; presentation diagnostics are review; no regex classification
ok 21 - opaque uncertainty is neutral disclosure; presentation diagnostics are review; no regex classification
  ---
  duration_ms: 1.040208
  type: 'test'
  ...
# Subtest: duplicate graph IDs select exactly supplied rows; status rows have no invented M
ok 22 - duplicate graph IDs select exactly supplied rows; status rows have no invented M
  ---
  duration_ms: 1.306833
  type: 'test'
  ...
# Subtest: capture/restore contains both scroll axes, wrap and stable occurrence descriptor
ok 23 - capture/restore contains both scroll axes, wrap and stable occurrence descriptor
  ---
  duration_ms: 1.611959
  type: 'test'
  ...
# Subtest: new selection, same-ID select, close, suspend, reset and destroy cancel queued restores
ok 24 - new selection, same-ID select, close, suspend, reset and destroy cancel queued restores
  ---
  duration_ms: 5.389708
  type: 'test'
  ...
# Subtest: newer restore/direct focus wins within same generation
ok 25 - newer restore/direct focus wins within same generation
  ---
  duration_ms: 0.564291
  type: 'test'
  ...
# Subtest: same-generation context and hide/reopen preserve view; generation reset clears hidden source and callbacks
ok 26 - same-generation context and hide/reopen preserve view; generation reset clears hidden source and callbacks
  ---
  duration_ms: 0.670583
  type: 'test'
  ...
# Subtest: clipboard completion after close/reopen or reset cannot repaint code/status
ok 27 - clipboard completion after close/reopen or reset cannot repaint code/status
  ---
  duration_ms: 1.901416
  type: 'test'
  ...
# Subtest: focus controls emit only generation/selected-ID actions; Infinity serializes without changing source/view
ok 28 - focus controls emit only generation/selected-ID actions; Infinity serializes without changing source/view
  ---
  duration_ms: 1.045334
  type: 'test'
  ...
# Subtest: history restores focused controls by descriptor and never keeps old control DOM
ok 29 - history restores focused controls by descriptor and never keeps old control DOM
  ---
  duration_ms: 0.613583
  type: 'test'
  ...
# Subtest: Back retains strict 325px scroll with always-visible options; unrelated disclosures stay closed
ok 30 - Back retains strict 325px scroll with always-visible options; unrelated disclosures stay closed
  ---
  duration_ms: 1.380583
  type: 'test'
  ...
# Subtest: all four optional disclosure combinations restore exact scroll and booleans across source selection
ok 31 - all four optional disclosure combinations restore exact scroll and booleans across source selection
  ---
  duration_ms: 3.62325
  type: 'test'
  ...
# Subtest: legacy and partial disclosure state leave absent, invalid and unknown sections untouched
ok 32 - legacy and partial disclosure state leave absent, invalid and unknown sections untouched
  ---
  duration_ms: 0.946583
  type: 'test'
  ...
# Subtest: restored primary focus preserves scroll, and focus-triggered navigation cannot receive old scroll
ok 33 - restored primary focus preserves scroll, and focus-triggered navigation cannot receive old scroll
  ---
  duration_ms: 0.595458
  type: 'test'
  ...
# Subtest: stale disclosure restores cannot reopen prior or current source after any lifecycle cancellation
ok 34 - stale disclosure restores cannot reopen prior or current source after any lifecycle cancellation
  ---
  duration_ms: 4.3605
  type: 'test'
  ...
# Subtest: primary neighborhood controls stay visible, default wrap is true and explicit saved false survives history
ok 35 - primary neighborhood controls stay visible, default wrap is true and explicit saved false survives history
  ---
  duration_ms: 1.063834
  type: 'test'
  ...
# Subtest: expanded reader moves exact code DOM, copies original CRLF/UTF16 source, Escape closes reader first and returns focus
ok 36 - expanded reader moves exact code DOM, copies original CRLF/UTF16 source, Escape closes reader first and returns focus
  ---
  duration_ms: 0.690917
  type: 'test'
  ...
# Subtest: expanded history restores source focus/scroll and cannot reopen after stale lifecycle work
ok 37 - expanded history restores source focus/scroll and cannot reopen after stale lifecycle work
  ---
  duration_ms: 2.414667
  type: 'test'
  ...
# Subtest: reader keyboard boundary stays inside, and native-dialog autofocus navigation cancels old view restore
ok 38 - reader keyboard boundary stays inside, and native-dialog autofocus navigation cancels old view restore
  ---
  duration_ms: 0.732875
  type: 'test'
  ...
# Subtest: shared chrome is source-free text presentation with caller-owned identity and interactions
ok 39 - shared chrome is source-free text presentation with caller-owned identity and interactions
  ---
  duration_ms: 2.705708
  type: 'test'
  ...
# Subtest: positional mapping keeps duplicate rows distinct; no metadata ID overwrite
ok 40 - positional mapping keeps duplicate rows distinct; no metadata ID overwrite
  ---
  duration_ms: 6.710667
  type: 'test'
  ...
# Subtest: connectivity uses complete resolved incident edges, including parameter/status rows without relations
ok 41 - connectivity uses complete resolved incident edges, including parameter/status rows without relations
  ---
  duration_ms: 2.785709
  type: 'test'
  ...
# Subtest: ranges are authoritative UTF16 slices and invalid/overlapping spans never become links
ok 42 - ranges are authoritative UTF16 slices and invalid/overlapping spans never become links
  ---
  duration_ms: 3.037167
  type: 'test'
  ...
# Subtest: identity gates reject model/metadata replacement, revision changes and duplicate reorder
ok 43 - identity gates reject model/metadata replacement, revision changes and duplicate reorder
  ---
  duration_ms: 0.985209
  type: 'test'
  ...
# Subtest: worker executes canonical build in isolated context, emits atomic graph and job-bound progress
ok 44 - worker executes canonical build in isolated context, emits atomic graph and job-bound progress
  ---
  duration_ms: 3.59025
  type: 'test'
  ...
# Subtest: excluded reference clears filters; Back restores filters/view/scroll without Fit/reveal
ok 45 - excluded reference clears filters; Back restores filters/view/scroll without Fit/reveal
  ---
  duration_ms: 1.6
  type: 'test'
  ...
# Subtest: matching library selection retains search; Show all preserves selected object and does not Fit
ok 46 - matching library selection retains search; Show all preserves selected object and does not Fit
  ---
  duration_ms: 1.480625
  type: 'test'
  ...
# Subtest: late navigation callbacks fail generation and source identity gates
ok 47 - late navigation callbacks fail generation and source identity gates
  ---
  duration_ms: 0.815625
  type: 'test'
  ...
# Subtest: real scheduler cancellation terminates worker and rejects queued old-generation graph messages
ok 48 - real scheduler cancellation terminates worker and rejects queued old-generation graph messages
  ---
  duration_ms: 19.191583
  type: 'test'
  ...
# Subtest: worker unavailable produces explicit error with no synchronous analysis fallback
ok 49 - worker unavailable produces explicit error with no synchronous analysis fallback
  ---
  duration_ms: 15.905333
  type: 'test'
  ...
# Subtest: model replaced while runtime assets load cannot launch or publish an old worker
ok 50 - model replaced while runtime assets load cannot launch or publish an old worker
  ---
  duration_ms: 32.228917
  type: 'test'
  ...
# Subtest: Back deferred focus cannot override a newer same-generation navigation
ok 51 - Back deferred focus cannot override a newer same-generation navigation
  ---
  duration_ms: 0.729334
  type: 'test'
  ...
# Subtest: terminal worker error invalidates queued ready publication and retained lookup
ok 52 - terminal worker error invalidates queued ready publication and retained lookup
  ---
  duration_ms: 17.046459
  type: 'test'
  ...
# Subtest: peer tab suspension happens only on transitions and preserves same-model context
ok 53 - peer tab suspension happens only on transitions and preserves same-model context
  ---
  duration_ms: 0.637625
  type: 'test'
  ...
# Subtest: Reset filters restores exact viewport after banner layout, preserving selection inspector and history
ok 54 - Reset filters restores exact viewport after banner layout, preserving selection inspector and history
  ---
  duration_ms: 0.466167
  type: 'test'
  ...
# Subtest: Reset filters does not restore an old viewport after replacement or newer navigation
ok 55 - Reset filters does not restore an old viewport after replacement or newer navigation
  ---
  duration_ms: 0.792542
  type: 'test'
  ...
# Subtest: inspector resize changes independent orientation dimensions and clamps practical bounds
ok 56 - inspector resize changes independent orientation dimensions and clamps practical bounds
  ---
  duration_ms: 0.653208
  type: 'test'
  ...
# Subtest: membership/category/focus/search stay distinct and traversals bound cycles
ok 57 - membership/category/focus/search stay distinct and traversals bound cycles
  ---
  duration_ms: 0.512542
  type: 'test'
  ...
# Subtest: remove and blank affect layout only; Undo and Back restore separate state without source mutation
ok 58 - remove and blank affect layout only; Undo and Back restore separate state without source mutation
  ---
  duration_ms: 0.51525
  type: 'test'
  ...
# Subtest: layout Undo is bounded and model replacement invalidates either restoration
ok 59 - layout Undo is bounded and model replacement invalidates either restoration
  ---
  duration_ms: 0.457042
  type: 'test'
  ...
# Subtest: table entry uses exact association and never chooses a multipartition default
ok 60 - table entry uses exact association and never chooses a multipartition default
  ---
  duration_ms: 0.426125
  type: 'test'
  ...
# Subtest: Back restores viewport after the final hidden-selection banner layout
ok 61 - Back restores viewport after the final hidden-selection banner layout
  ---
  duration_ms: 0.416292
  type: 'test'
  ...
# Subtest: Back finalizes controls before restoring disclosure and scroll state
ok 62 - Back finalizes controls before restoring disclosure and scroll state
  ---
  duration_ms: 0.410166
  type: 'test'
  ...
# Subtest: group filtering uses exact metadata and persists opaquely through Back and reset
ok 63 - group filtering uses exact metadata and persists opaquely through Back and reset
  ---
  duration_ms: 0.558375
  type: 'test'
  ...
# Subtest: new membership requests placement once, preserves other members and explicit drop coordinates
ok 64 - new membership requests placement once, preserves other members and explicit drop coordinates
  ---
  duration_ms: 0.392333
  type: 'test'
  ...
# Subtest: Center selected dispatches genuine center only for a current visible selection
ok 65 - Center selected dispatches genuine center only for a current visible selection
  ---
  duration_ms: 0.343125
  type: 'test'
  ...
# Subtest: group-only metadata changes invalidate captured workspace identity
ok 66 - group-only metadata changes invalidate captured workspace identity
  ---
  duration_ms: 0.254208
  type: 'test'
  ...
# Subtest: BIM preserves exact string / array code, partitions, stable identities, kinds and missing states
ok 67 - BIM preserves exact string / array code, partitions, stable identities, kinds and missing states
  ---
  duration_ms: 4.831833
  type: 'test'
  ...
# Subtest: TMDL keeps decoded M indentation, quoted names, multiple partitions and shared expressions
ok 68 - TMDL keeps decoded M indentation, quoted names, multiple partitions and shared expressions
  ---
  duration_ms: 3.755583
  type: 'test'
  ...
# Subtest: TMDL fenced code preserves trailing whitespace, blank lines and CRLF
ok 69 - TMDL fenced code preserves trailing whitespace, blank lines and CRLF
  ---
  duration_ms: 3.306083
  type: 'test'
  ...
# Subtest: identities survive file order and no metadata does not invent code
ok 70 - identities survive file order and no metadata does not invent code
  ---
  duration_ms: 2.031458
  type: 'test'
  ...
# Subtest: snapshot export allowlist excludes raw M and metadata (including hostile markers)
ok 71 - snapshot export allowlist excludes raw M and metadata (including hostile markers)
  ---
  duration_ms: 1.595375
  type: 'test'
  ...
# Subtest: stale hook code navigation cannot close or change a newer model inspector
ok 72 - stale hook code navigation cannot close or change a newer model inspector
  ---
  duration_ms: 2.935541
  type: 'test'
  ...
# Subtest: explicit BIM query group references resolve declared nested folders without name inference or snapshot exposure
ok 73 - explicit BIM query group references resolve declared nested folders without name inference or snapshot exposure
  ---
  duration_ms: 1.798209
  type: 'test'
  ...
# Subtest: TMDL group properties before/after exact fenced expressions and partition sources stay metadata
ok 74 - TMDL group properties before/after exact fenced expressions and partition sources stay metadata
  ---
  duration_ms: 2.11575
  type: 'test'
  ...
1..74
# tests 74
# suites 0
# pass 74
# fail 0
# cancelled 0
# skipped 0
# todo 0
# duration_ms 169.666042
