
> semantic-model-viewer@0.3.3 test
> npm run sync-viewer && npm run check-viewer && node --test --test-concurrency=1 ../tests/*.test.cjs ../tests/extension.test.js ../tests/usage-adapter.test.js ../Models/tools/viewer/tests/*.test.js


> semantic-model-viewer@0.3.3 sync-viewer
> node scripts/sync-viewer.js

synced 33 viewer runtime assets from Models/tools/viewer into media/

> semantic-model-viewer@0.3.3 check-viewer
> node scripts/sync-viewer.js --check

verified 33 viewer runtime assets; no model or report data bundled
TAP version 13
# Subtest: blank canvas and table membership persist separately for each model
ok 1 - blank canvas and table membership persist separately for each model
  ---
  duration_ms: 9.575208
  type: 'test'
  ...
# Subtest: Explore all keeps laying the model out until the reader actually arranges it
ok 2 - Explore all keeps laying the model out until the reader actually arranges it
  ---
  duration_ms: 1.768291
  type: 'test'
  ...
# Subtest: saved membership ignores deleted table names
ok 3 - saved membership ignores deleted table names
  ---
  duration_ms: 0.728417
  type: 'test'
  ...
# Subtest: remove clears focus and membership and undo restores the table
ok 4 - remove clears focus and membership and undo restores the table
  ---
  duration_ms: 0.668042
  type: 'test'
  ...
# Subtest: removeMany drops several tables, their marks and focus in one undoable step
ok 5 - removeMany drops several tables, their marks and focus in one undoable step
  ---
  duration_ms: 0.629083
  type: 'test'
  ...
# Subtest: removeMany with nothing on the canvas is a no-op that leaves undo untouched
ok 6 - removeMany with nothing on the canvas is a no-op that leaves undo untouched
  ---
  duration_ms: 0.730167
  type: 'test'
  ...
# Subtest: blank layout can be undone with positions and viewport restored
ok 7 - blank layout can be undone with positions and viewport restored
  ---
  duration_ms: 0.6155
  type: 'test'
  ...
# Subtest: dragging a table converts screen coordinates and persists the placement
ok 8 - dragging a table converts screen coordinates and persists the placement
  ---
  duration_ms: 1.144417
  type: 'test'
  ...
# Subtest: dragging over the empty-state sibling bubbles to main and adds the first table
ok 9 - dragging over the empty-state sibling bubbles to main and adds the first table
  ---
  duration_ms: 0.85375
  type: 'test'
  ...
# Subtest: table drops outside every edge of the canvas are rejected
ok 10 - table drops outside every edge of the canvas are rejected
  ---
  duration_ms: 2.607
  type: 'test'
  ...
# Subtest: table drops in other views are rejected even inside the canvas rectangle
ok 11 - table drops in other views are rejected even inside the canvas rectangle
  ---
  duration_ms: 1.428583
  type: 'test'
  ...
# Subtest: file drags remain available to model import without changing canvas membership
ok 12 - file drags remain available to model import without changing canvas membership
  ---
  duration_ms: 0.466917
  type: 'test'
  ...
# Subtest: undo persists restored positions so reload cannot resurrect an undone arrangement
ok 13 - undo persists restored positions so reload cannot resurrect an undone arrangement
  ---
  duration_ms: 0.924541
  type: 'test'
  ...
# Subtest: adding another table preserves positions already arranged by the user
ok 14 - adding another table preserves positions already arranged by the user
  ---
  duration_ms: 0.898166
  type: 'test'
  ...
# Subtest: a no-op add leaves undo history unchanged
ok 15 - a no-op add leaves undo history unchanged
  ---
  duration_ms: 0.582458
  type: 'test'
  ...
# Subtest: restoring membership clears selected, locked and pinned tables outside that layout
ok 16 - restoring membership clears selected, locked and pinned tables outside that layout
  ---
  duration_ms: 0.565916
  type: 'test'
  ...
# Subtest: blank layout closes a previously selected relationship popover
ok 17 - blank layout closes a previously selected relationship popover
  ---
  duration_ms: 0.669583
  type: 'test'
  ...
# Subtest: removing a relationship endpoint closes its popover
ok 18 - removing a relationship endpoint closes its popover
  ---
  duration_ms: 0.560833
  type: 'test'
  ...
# Subtest: relationship expansion respects direct/incoming/all settings
ok 19 - relationship expansion respects direct/incoming/all settings
  ---
  duration_ms: 0.963083
  type: 'test'
  ...
# Subtest: minimap navigation centers its chosen world point without changing zoom
ok 20 - minimap navigation centers its chosen world point without changing zoom
  ---
  duration_ms: 0.554875
  type: 'test'
  ...
# Subtest: canvas visibility honors blank and partial membership even for connected tables
ok 21 - canvas visibility honors blank and partial membership even for connected tables
  ---
  duration_ms: 0.514708
  type: 'test'
  ...
# Subtest: named presets restore membership, positions and viewport, including an empty canvas
ok 22 - named presets restore membership, positions and viewport, including an empty canvas
  ---
  duration_ms: 0.877125
  type: 'test'
  ...
# Subtest: named views restore focus and hide unrelated without losing hidden table membership
ok 23 - named views restore focus and hide unrelated without losing hidden table membership
  ---
  duration_ms: 4.910833
  type: 'test'
  ...
# Subtest: hide unrelated follows distance but never adds related tables outside membership
ok 24 - hide unrelated follows distance but never adds related tables outside membership
  ---
  duration_ms: 0.976042
  type: 'test'
  ...
# Subtest: legacy presets clear prior focus even if the formerly selected table remains a member
ok 25 - legacy presets clear prior focus even if the formerly selected table remains a member
  ---
  duration_ms: 0.810125
  type: 'test'
  ...
# Subtest: undo after restoring a named view restores the prior focus, hidden state and viewport
ok 26 - undo after restoring a named view restores the prior focus, hidden state and viewport
  ---
  duration_ms: 0.813875
  type: 'test'
  ...
# Subtest: restoring an empty named view clears focus and leaves every card hidden
ok 27 - restoring an empty named view clears focus and leaves every card hidden
  ---
  duration_ms: 0.68725
  type: 'test'
  ...
# Subtest: restore ignores removed tables and malformed geometry while keeping valid positions
ok 28 - restore ignores removed tables and malformed geometry while keeping valid positions
  ---
  duration_ms: 0.67225
  type: 'test'
  ...
# Subtest: saved views preserve the minimum zoom produced by fitView for large diagrams
ok 29 - saved views preserve the minimum zoom produced by fitView for large diagrams
  ---
  duration_ms: 0.619041
  type: 'test'
  ...
# Subtest: save and delete report storage failure without replacing previously saved views
ok 30 - save and delete report storage failure without replacing previously saved views
  ---
  duration_ms: 1.041167
  type: 'test'
  ...
# Subtest: generated default view names fill gaps without overwriting another saved view
ok 31 - generated default view names fill gaps without overwriting another saved view
  ---
  duration_ms: 0.571333
  type: 'test'
  ...
# Subtest: dropping a library table preserves selection and pins the new table to keep it visible in focus
ok 32 - dropping a library table preserves selection and pins the new table to keep it visible in focus
  ---
  duration_ms: 0.60825
  type: 'test'
  ...
# Subtest: restoring and undoing a named view restores display settings and expansion controls
ok 33 - restoring and undoing a named view restores display settings and expansion controls
  ---
  duration_ms: 0.740583
  type: 'test'
  ...
# Subtest: dropping a connected table does not expand direct focus through an unnecessary pin
ok 34 - dropping a connected table does not expand direct focus through an unnecessary pin
  ---
  duration_ms: 0.568625
  type: 'test'
  ...
# Subtest: arranging focused tables leaves hidden table positions and membership unchanged
ok 35 - arranging focused tables leaves hidden table positions and membership unchanged
  ---
  duration_ms: 0.83975
  type: 'test'
  ...
# Subtest: filter paths drive canvas highlighting and hiding in the selected direction
ok 36 - filter paths drive canvas highlighting and hiding in the selected direction
  ---
  duration_ms: 0.900792
  type: 'test'
  ...
# Subtest: canvas paths honor indirect, inactive and bidirectional relationships
ok 37 - canvas paths honor indirect, inactive and bidirectional relationships
  ---
  duration_ms: 0.701375
  type: 'test'
  ...
# Subtest: saved views restore filter path direction, distance and inactive setting
ok 38 - saved views restore filter path direction, distance and inactive setting
  ---
  duration_ms: 0.655125
  type: 'test'
  ...
# Subtest: the table library filters by domain and by source, alongside search and the canvas filter
ok 39 - the table library filters by domain and by source, alongside search and the canvas filter
  ---
  duration_ms: 0.647833
  type: 'test'
  ...
# Subtest: incoming and outgoing preserve TOM direction and direct/transitive distances
ok 40 - incoming and outgoing preserve TOM direction and direct/transitive distances
  ---
  duration_ms: 0.700625
  type: 'test'
  ...
# Subtest: a common fact table does not make one dimension filter another
ok 41 - a common fact table does not make one dimension filter another
  ---
  duration_ms: 0.130542
  type: 'test'
  ...
# Subtest: bidirectional relationships add the reverse filter arc only on that edge
ok 42 - bidirectional relationships add the reverse filter arc only on that edge
  ---
  duration_ms: 0.09375
  type: 'test'
  ...
# Subtest: inactive relationships are opt-in for every traversal direction
ok 43 - inactive relationships are opt-in for every traversal direction
  ---
  duration_ms: 0.06725
  type: 'test'
  ...
# Subtest: single-direction many-to-many is still to -> from
ok 44 - single-direction many-to-many is still to -> from
  ---
  duration_ms: 0.087208
  type: 'test'
  ...
# Subtest: cycles and parallel relationships terminate with unique shortest distances
ok 45 - cycles and parallel relationships terminate with unique shortest distances
  ---
  duration_ms: 0.040833
  type: 'test'
  ...
# Subtest: disconnected, absent and dangling tables are safe
ok 46 - disconnected, absent and dangling tables are safe
  ---
  duration_ms: 0.07725
  type: 'test'
  ...
# Subtest: multiple roots keep zero distance and find the nearest root
ok 47 - multiple roots keep zero distance and find the nearest root
  ---
  duration_ms: 0.031125
  type: 'test'
  ...
# Subtest: zero depth returns roots and rejects invalid depth or direction
ok 48 - zero depth returns roots and rejects invalid depth or direction
  ---
  duration_ms: 0.280458
  type: 'test'
  ...
# Subtest: prototype names, Unicode and apostrophes are ordinary identifiers
ok 49 - prototype names, Unicode and apostrophes are ordinary identifiers
  ---
  duration_ms: 0.192625
  type: 'test'
  ...
# Subtest: path evidence references original edges without mutating model data
ok 50 - path evidence references original edges without mutating model data
  ---
  duration_ms: 0.10575
  type: 'test'
  ...
# Subtest: raw crossFilteringBehavior is honored and automatic direction stays unresolved
ok 51 - raw crossFilteringBehavior is honored and automatic direction stays unresolved
  ---
  duration_ms: 0.108875
  type: 'test'
  ...
# Subtest: dependency index resolves qualified measures and preserves real column references
ok 52 - dependency index resolves qualified measures and preserves real column references
  ---
  duration_ms: 4.456625
  type: 'test'
  ...
# Subtest: strings, comments, escaped identifiers and case-insensitive names do not lose or invent edges
ok 53 - strings, comments, escaped identifiers and case-insensitive names do not lose or invent edges
  ---
  duration_ms: 1.563875
  type: 'test'
  ...
# Subtest: late built-in report usage cannot leak into a subsequently selected imported model
ok 54 - late built-in report usage cannot leak into a subsequently selected imported model
  ---
  duration_ms: 3.42675
  type: 'test'
  ...
# Subtest: report usage still loads for the active built-in model
ok 55 - report usage still loads for the active built-in model
  ---
  duration_ms: 1.117834
  type: 'test'
  ...
# Subtest: a late model fetch cannot replace a newer model selection
ok 56 - a late model fetch cannot replace a newer model selection
  ---
  duration_ms: 0.945084
  type: 'test'
  ...
# Subtest: storage failure preserves the import preview and current model, then allows retry
ok 57 - storage failure preserves the import preview and current model, then allows retry
  ---
  duration_ms: 0.846791
  type: 'test'
  ...
# Subtest: multi-model import failure does not close the dialog or open a fallback model
ok 58 - multi-model import failure does not close the dialog or open a fallback model
  ---
  duration_ms: 1.570166
  type: 'test'
  ...
# Subtest: repo cache storage failure does not silently reopen the stale cached model
ok 59 - repo cache storage failure does not silently reopen the stale cached model
  ---
  duration_ms: 0.771667
  type: 'test'
  ...
# Subtest: repo refresh cannot reopen an old selection after the user switches model
ok 60 - repo refresh cannot reopen an old selection after the user switches model
  ---
  duration_ms: 0.949584
  type: 'test'
  ...
# Subtest: a drop handled by the import modal stops bubbling to the root import listener
ok 61 - a drop handled by the import modal stops bubbling to the root import listener
  ---
  duration_ms: 0.917583
  type: 'test'
  ...
# Subtest: root import listener ignores internal table drags and text-only drops
ok 62 - root import listener ignores internal table drags and text-only drops
  ---
  duration_ms: 1.319375
  type: 'test'
  ...
# Subtest: switching models after expanding cards cannot restore the previous model positions
ok 63 - switching models after expanding cards cannot restore the previous model positions
  ---
  duration_ms: 1.12475
  type: 'test'
  ...
# Subtest: forced render refreshes an already-open layout list after saving and deleting a preset
ok 64 - forced render refreshes an already-open layout list after saving and deleting a preset
  ---
  duration_ms: 1.021666
  type: 'test'
  ...
# Subtest: a genuinely fresh browser boots with no model selected, not the bundled sample
ok 65 - a genuinely fresh browser boots with no model selected, not the bundled sample
  ---
  duration_ms: 1.254667
  type: 'test'
  ...
# Subtest: a fresh boot never persists a current-model choice the user did not make
ok 66 - a fresh boot never persists a current-model choice the user did not make
  ---
  duration_ms: 0.819833
  type: 'test'
  ...
# Subtest: a returning user (smv_current_v1 already set) still boots straight into their model
ok 67 - a returning user (smv_current_v1 already set) still boots straight into their model
  ---
  duration_ms: 0.702375
  type: 'test'
  ...
# Subtest: model switches restore lane zoom with positions and discard the previous model size cache
ok 68 - model switches restore lane zoom with positions and discard the previous model size cache
  ---
  duration_ms: 1.247667
  type: 'test'
  ...
# Subtest: invalid saved lane zoom falls back to a finite supported value
ok 69 - invalid saved lane zoom falls back to a finite supported value
  ---
  duration_ms: 0.699167
  type: 'test'
  ...
# Subtest: role annotation patch preserves DAX, child annotations, and CRLF; Auto removes only table annotation
ok 70 - role annotation patch preserves DAX, child annotations, and CRLF; Auto removes only table annotation
  ---
  duration_ms: 0.924166
  type: 'test'
  ...
# Subtest: repo role writes TMDL and is visible in a fresh parser without browser overrides
ok 71 - repo role writes TMDL and is visible in a fresh parser without browser overrides
  ---
  duration_ms: 2.102166
  type: 'test'
  ...
# Subtest: denied or failed repo writes leave classification and file unchanged
ok 72 - denied or failed repo writes leave classification and file unchanged
  ---
  duration_ms: 1.730417
  type: 'test'
  ...
# Subtest: cached disconnected repo does not silently save a browser-only override
ok 73 - cached disconnected repo does not silently save a browser-only override
  ---
  duration_ms: 0.756167
  type: 'test'
  ...
# Subtest: importing a model with an existing name updates it in place and keeps its id
ok 74 - importing a model with an existing name updates it in place and keeps its id
  ---
  duration_ms: 0.723833
  type: 'test'
  ...
# Subtest: refresh re-reads the open model, reports new tables, and remembers the folder
ok 75 - refresh re-reads the open model, reports new tables, and remembers the folder
  ---
  duration_ms: 1.58525
  type: 'test'
  ...
# Subtest: a folder import remembers its folder, so refresh never shows the picker
ok 76 - a folder import remembers its folder, so refresh never shows the picker
  ---
  duration_ms: 2.927334
  type: 'test'
  ...
# Subtest: refresh with an unchanged source makes no change
ok 77 - refresh with an unchanged source makes no change
  ---
  duration_ms: 0.966208
  type: 'test'
  ...
# Subtest: refresh cancelled at the folder picker or failing to read changes nothing
ok 78 - refresh cancelled at the folder picker or failing to read changes nothing
  ---
  duration_ms: 0.952584
  type: 'test'
  ...
# Subtest: refresh is unavailable for the built-in model, hosts, and browsers without folder access
ok 79 - refresh is unavailable for the built-in model, hosts, and browsers without folder access
  ---
  duration_ms: 0.898083
  type: 'test'
  ...
# Subtest: local app: the folder chooser resolves to the chosen folder and remembers it
ok 80 - local app: the folder chooser resolves to the chosen folder and remembers it
  ---
  duration_ms: 1.653
  type: 'test'
  ...
# Subtest: local app: connecting a repo scans through the server and opens its single model, no browser picker
ok 81 - local app: connecting a repo scans through the server and opens its single model, no browser picker
  ---
  duration_ms: 2.860709
  type: 'test'
  ...
# Subtest: local app: Refresh re-reads a repo model and an imported model without any prompt
ok 82 - local app: Refresh re-reads a repo model and an imported model without any prompt
  ---
  duration_ms: 1.189375
  type: 'test'
  ...
# Subtest: local app: the hosted page is the demo and opens the sample; the local app does not
ok 83 - local app: the hosted page is the demo and opens the sample; the local app does not
  ---
  duration_ms: 0.829958
  type: 'test'
  ...
# Subtest: Tables to Power Query and back preserves viewport; other normal return routes still fit
ok 84 - Tables to Power Query and back preserves viewport; other normal return routes still fit
  ---
  duration_ms: 0.821416
  type: 'test'
  ...
# Subtest: an explicit focus keeps the viewport it aimed at; an ordinary selection still refits
ok 85 - an explicit focus keeps the viewport it aimed at; an ordinary selection still refits
  ---
  duration_ms: 2.808083
  type: 'test'
  ...
# Subtest: panning preserves selected table, pins, lock, relationship and isolate visibility
ok 86 - panning preserves selected table, pins, lock, relationship and isolate visibility
  ---
  duration_ms: 1.170208
  type: 'test'
  ...
# Subtest: an out-and-back pan remains a drag when released at its starting point
ok 87 - an out-and-back pan remains a drag when released at its starting point
  ---
  duration_ms: 0.620334
  type: 'test'
  ...
# Subtest: a background click clears selection and pins only after release while retaining its lock
ok 88 - a background click clears selection and pins only after release while retaining its lock
  ---
  duration_ms: 0.540459
  type: 'test'
  ...
# Subtest: pointer jitter stays a click and never moves the viewport
ok 89 - pointer jitter stays a click and never moves the viewport
  ---
  duration_ms: 0.468333
  type: 'test'
  ...
# Subtest: pan threshold uses screen pixels at every zoom
ok 90 - pan threshold uses screen pixels at every zoom
  ---
  duration_ms: 1.57875
  type: 'test'
  ...
# Subtest: right and middle gestures cannot pan or clear selection
ok 91 - right and middle gestures cannot pan or clear selection
  ---
  duration_ms: 1.117083
  type: 'test'
  ...
# Subtest: moving another card preserves existing selection, pins and locked roots
ok 92 - moving another card preserves existing selection, pins and locked roots
  ---
  duration_ms: 0.581417
  type: 'test'
  ...
# Subtest: a card click selects that card without becoming a background click
ok 93 - a card click selects that card without becoming a background click
  ---
  duration_ms: 0.574333
  type: 'test'
  ...
# Subtest: right and middle gestures cannot move or select a card
ok 94 - right and middle gestures cannot move or select a card
  ---
  duration_ms: 0.997625
  type: 'test'
  ...
# Subtest: canvas controls and their descendants cannot initiate a pan
ok 95 - canvas controls and their descendants cannot initiate a pan
  ---
  duration_ms: 1.66725
  type: 'test'
  ...
# Subtest: blur cancels a pending background click without clearing selection
ok 96 - blur cancels a pending background click without clearing selection
  ---
  duration_ms: 0.852583
  type: 'test'
  ...
# Subtest: blur ends a pan until a fresh gesture starts
ok 97 - blur ends a pan until a fresh gesture starts
  ---
  duration_ms: 0.411333
  type: 'test'
  ...
# Subtest: blur ends a card drag, persists its position once and ignores later pointer movement
ok 98 - blur ends a card drag, persists its position once and ignores later pointer movement
  ---
  duration_ms: 0.433667
  type: 'test'
  ...
# Subtest: shift+drag on the background marks the tables the box touches without panning or clearing focus
ok 99 - shift+drag on the background marks the tables the box touches without panning or clearing focus
  ---
  duration_ms: 0.4955
  type: 'test'
  ...
# Subtest: alt+click toggles a table in the marked set and a background click clears it
ok 100 - alt+click toggles a table in the marked set and a background click clears it
  ---
  duration_ms: 0.373375
  type: 'test'
  ...
# Subtest: snapshot command works outside the repo and keeps the whole model behind a focused canvas
ok 101 - snapshot command works outside the repo and keeps the whole model behind a focused canvas
  ---
  duration_ms: 55.487
  type: 'test'
  ...
# Subtest: measure snapshots preserve DAX, select the measure and fit its graph
ok 102 - measure snapshots preserve DAX, select the measure and fit its graph
  ---
  duration_ms: 69.571041
  type: 'test'
  ...
# Subtest: TMDL special characters remain data and source queries are excluded
ok 103 - TMDL special characters remain data and source queries are excluded
  ---
  duration_ms: 38.843416
  type: 'test'
  ...
# Subtest: invalid input and removed commands fail without writing or overwriting files
ok 104 - invalid input and removed commands fail without writing or overwriting files
  ---
  duration_ms: 394.530875
  type: 'test'
  ...
# Subtest: TMDL relationship validation preserves parallel edges and rejects incomplete endpoints
ok 105 - TMDL relationship validation preserves parallel edges and rejects incomplete endpoints
  ---
  duration_ms: 102.182458
  type: 'test'
  ...
# Subtest: long style keeps short calls on one line and splits long ones
ok 106 - long style keeps short calls on one line and splits long ones
  ---
  duration_ms: 1.58475
  type: 'test'
  ...
# Subtest: short style puts every argument of a multi-argument call on its own line
ok 107 - short style puts every argument of a multi-argument call on its own line
  ---
  duration_ms: 0.168791
  type: 'test'
  ...
# Subtest: operators, unary signs, comments and strings survive formatting
ok 108 - operators, unary signs, comments and strings survive formatting
  ---
  duration_ms: 0.117292
  type: 'test'
  ...
# Subtest: formatting never changes the tokens of the formula
ok 109 - formatting never changes the tokens of the formula
  ---
  duration_ms: 0.306042
  type: 'test'
  ...
# Subtest: inlining splices measure bodies in parentheses, with fold regions and ghost labels
ok 110 - inlining splices measure bodies in parentheses, with fold regions and ghost labels
  ---
  duration_ms: 0.620625
  type: 'test'
  ...
# Subtest: a measure that loops back stays a reference, and empty measures are not inlined
ok 111 - a measure that loops back stays a reference, and empty measures are not inlined
  ---
  duration_ms: 0.091083
  type: 'test'
  ...
# Subtest: a diamond of measures hits the size cap instead of exploding
ok 112 - a diamond of measures hits the size cap instead of exploding
  ---
  duration_ms: 16.032666
  type: 'test'
  ...
# Subtest: malformed DAX does not throw
ok 113 - malformed DAX does not throw
  ---
  duration_ms: 0.334417
  type: 'test'
  ...
# Subtest: an inlined measure puts its label on one line and the "(" on the next, and each level has its own depth
ok 114 - an inlined measure puts its label on one line and the "(" on the next, and each level has its own depth
  ---
  duration_ms: 0.378542
  type: 'test'
  ...
# Subtest: a block comment that spans lines is printed one line per source line
ok 115 - a block comment that spans lines is printed one line per source line
  ---
  duration_ms: 0.35475
  type: 'test'
  ...
# Subtest: deep nesting does not push short calls onto many lines
ok 116 - deep nesting does not push short calls onto many lines
  ---
  duration_ms: 1.436083
  type: 'test'
  ...
# Subtest: webview packages canonical CSS and hashed scripts with a fresh nonce and adapter first
ok 117 - webview packages canonical CSS and hashed scripts with a fresh nonce and adapter first
  ---
  duration_ms: 14.77375
  type: 'test'
  ...
# Subtest: snapshotAssets returns complete portable assets and pristine template without the host adapter
ok 118 - snapshotAssets returns complete portable assets and pristine template without the host adapter
  ---
  duration_ms: 3.680208
  type: 'test'
  ...
# Subtest: saveSnapshot uses the user-selected destination, preserves UTF-8, and strips paths from the suggested name
ok 119 - saveSnapshot uses the user-selected destination, preserves UTF-8, and strips paths from the suggested name
  ---
  duration_ms: 2.912833
  type: 'test'
  ...
# Subtest: snapshot cancellation writes nothing and failures return a request error
ok 120 - snapshot cancellation writes nothing and failures return a request error
  ---
  duration_ms: 2.006417
  type: 'test'
  ...
# Subtest: malformed messages, unsupported requests and storage keys cannot call privileged APIs
ok 121 - malformed messages, unsupported requests and storage keys cannot call privileged APIs
  ---
  duration_ms: 1.910333
  type: 'test'
  ...
# Subtest: openFile accepts model source paths and blocks traversal, absolute paths, and outside symlinks
ok 122 - openFile accepts model source paths and blocks traversal, absolute paths, and outside symlinks
  ---
  duration_ms: 3.531292
  type: 'test'
  ...
# Subtest: a standalone BIM only permits opening the selected model file
ok 123 - a standalone BIM only permits opening the selected model file
  ---
  duration_ms: 1.363375
  type: 'test'
  ...
# Subtest: untrusted workspaces may browse and load analysis files but never execute the cleaner
ok 124 - untrusted workspaces may browse and load analysis files but never execute the cleaner
  ---
  duration_ms: 2.194125
  type: 'test'
  ...
# Subtest: cleaner uses an executable and argument array without a shell, unique outputs and cleanup on every outcome
ok 125 - cleaner uses an executable and argument array without a shell, unique outputs and cleanup on every outcome
  ---
  duration_ms: 1.947917
  type: 'test'
  ...
# Subtest: ready initialization follows the latest requested model while an older read is pending
ok 126 - ready initialization follows the latest requested model while an older read is pending
  ---
  duration_ms: 5.014125
  type: 'test'
  ...
# Subtest: a slower openModel request cannot replace the newer model or watcher
ok 127 - a slower openModel request cannot replace the newer model or watcher
  ---
  duration_ms: 2.848666
  type: 'test'
  ...
# Subtest: a refresh cannot push stale data after switching models and refreshModel acknowledges its push
ok 128 - a refresh cannot push stale data after switching models and refreshModel acknowledges its push
  ---
  duration_ms: 2.094458
  type: 'test'
  ...
# Subtest: analysis picked for a previous model is cancelled and cannot be pushed by the command
ok 129 - analysis picked for a previous model is cancelled and cannot be pushed by the command
  ---
  duration_ms: 2.670334
  type: 'test'
  ...
# Subtest: automatic cleaner usage is tied to the model revision and includes the model identity
ok 130 - automatic cleaner usage is tied to the model revision and includes the model identity
  ---
  duration_ms: 2.503708
  type: 'test'
  ...
# Subtest: disposing the panel clears pending watcher refresh and prevents old reads reaching a new panel
ok 131 - disposing the panel clears pending watcher refresh and prevents old reads reaching a new panel
  ---
  duration_ms: 454.679
  type: 'test'
  ...
# Subtest: VS Code boot seeds shared preferences before constructing and has an actionable empty model picker
ok 132 - VS Code boot seeds shared preferences before constructing and has an actionable empty model picker
  ---
  duration_ms: 10.533125
  type: 'test'
  ...
# Subtest: host default model retains the shared parser, dependency graph, table canvas and all four views
ok 133 - host default model retains the shared parser, dependency graph, table canvas and all four views
  ---
  duration_ms: 5.772625
  type: 'test'
  ...
# Subtest: choosing models uses host requests and keeps table membership, coordinates and usage isolated
ok 134 - choosing models uses host requests and keeps table membership, coordinates and usage isolated
  ---
  duration_ms: 5.23025
  type: 'test'
  ...
# Subtest: late open and analysis responses cannot replace a more recently selected model
ok 135 - late open and analysis responses cannot replace a more recently selected model
  ---
  duration_ms: 5.982917
  type: 'test'
  ...
# Subtest: same-model refresh preserves selected measures and the existing table workspace and viewport
ok 136 - same-model refresh preserves selected measures and the existing table workspace and viewport
  ---
  duration_ms: 4.249583
  type: 'test'
  ...
# Subtest: host request errors remain actionable and file drops do not enter browser import
ok 137 - host request errors remain actionable and file drops do not enter browser import
  ---
  duration_ms: 2.550625
  type: 'test'
  ...
# Subtest: VS Code snapshot save uses host assets and save bridge, yields ordinary offline HTML, and supports cancellation
ok 138 - VS Code snapshot save uses host assets and save bridge, yields ordinary offline HTML, and supports cancellation
  ---
  duration_ms: 15.481375
  type: 'test'
  ...
# Subtest: optional Cleaner status pills render in library, selected measure, comparison DAX and table columns
ok 139 - optional Cleaner status pills render in library, selected measure, comparison DAX and table columns
  ---
  duration_ms: 5.16275
  type: 'test'
  ...
# Subtest: analysis mismatch is rejected and status maps are cleared when selecting a different model
ok 140 - analysis mismatch is rejected and status maps are cleared when selecting a different model
  ---
  duration_ms: 4.655291
  type: 'test'
  ...
# Subtest: host initialization errors produce an accessible failure instead of a blank or sample viewer
ok 141 - host initialization errors produce an accessible failure instead of a blank or sample viewer
  ---
  duration_ms: 1.996625
  type: 'test'
  ...
# Subtest: host model switching restores each model lane zoom before layout and fit
ok 142 - host model switching restores each model lane zoom before layout and fit
  ---
  duration_ms: 6.335042
  type: 'test'
  ...
# extension.test.js: ok
# Subtest: ../tests/extension.test.js
ok 9 - ../tests/extension.test.js
  ---
  duration_ms: 51.761458
  type: 'test'
  ...
# Subtest: star, constellation and layered place every card clear of the others (bundled model)
ok 144 - star, constellation and layered place every card clear of the others (bundled model)
  ---
  duration_ms: 170.395541
  type: 'test'
  ...
# Subtest: a single-hub subset keeps the per-hub ring (bundled model)
ok 145 - a single-hub subset keeps the per-hub ring (bundled model)
  ---
  duration_ms: 5.651708
  type: 'test'
  ...
# Subtest: the whole model star puts the conformed dims inside the ring of facts (bundled model)
ok 146 - the whole model star puts the conformed dims inside the ring of facts (bundled model)
  ---
  duration_ms: 22.251584
  type: 'test'
  ...
# Subtest: the tray of relationship-free tables sits under the picture (bundled model)
ok 147 - the tray of relationship-free tables sits under the picture (bundled model)
  ---
  duration_ms: 19.686541
  type: 'test'
  ...
# Subtest: layered puts every fact below every dimension (bundled model)
ok 148 - layered puts every fact below every dimension (bundled model)
  ---
  duration_ms: 32.824083
  type: 'test'
  ...
# Subtest: layouts are deterministic (bundled model)
ok 149 - layouts are deterministic (bundled model)
  ---
  duration_ms: 128.493541
  type: 'test'
  ...
# Subtest: star, constellation and layered place every card clear of the others (synthetic star)
ok 150 - star, constellation and layered place every card clear of the others (synthetic star)
  ---
  duration_ms: 6.694917
  type: 'test'
  ...
# Subtest: a single-hub subset keeps the per-hub ring (synthetic star)
ok 151 - a single-hub subset keeps the per-hub ring (synthetic star)
  ---
  duration_ms: 0.933208
  type: 'test'
  ...
# Subtest: the whole model star puts the conformed dims inside the ring of facts (synthetic star)
ok 152 - the whole model star puts the conformed dims inside the ring of facts (synthetic star)
  ---
  duration_ms: 1.201542
  type: 'test'
  ...
# Subtest: the tray of relationship-free tables sits under the picture (synthetic star)
ok 153 - the tray of relationship-free tables sits under the picture (synthetic star)
  ---
  duration_ms: 1.152583
  type: 'test'
  ...
# Subtest: layered puts every fact below every dimension (synthetic star)
ok 154 - layered puts every fact below every dimension (synthetic star)
  ---
  duration_ms: 1.064084
  type: 'test'
  ...
# Subtest: layouts are deterministic (synthetic star)
ok 155 - layouts are deterministic (synthetic star)
  ---
  duration_ms: 4.756417
  type: 'test'
  ...
# Subtest: star beats the galaxy rows on edge crossings for the bundled model
ok 156 - star beats the galaxy rows on edge crossings for the bundled model
  ---
  duration_ms: 65.676416
  type: 'test'
  ...
# Subtest: the converging arrange lands the whole model at or above the floor with nothing stacked
ok 157 - the converging arrange lands the whole model at or above the floor with nothing stacked
  ---
  duration_ms: 318.207458
  type: 'test'
  ...
# Subtest: chip titles scale with the zoom so a table name is never smaller than 11px on screen
ok 158 - chip titles scale with the zoom so a table name is never smaller than 11px on screen
  ---
  duration_ms: 1.25875
  type: 'test'
  ...
# Subtest: cellFor(k) always clears the chip drawn at k
ok 159 - cellFor(k) always clears the chip drawn at k
  ---
  duration_ms: 0.815042
  type: 'test'
  ...
# Subtest: full-card lanes leave room for the relationship pill, chip lanes keep the 12px gutter
ok 160 - full-card lanes leave room for the relationship pill, chip lanes keep the 12px gutter
  ---
  duration_ms: 0.877291
  type: 'test'
  ...
# Subtest: an arrange whose fit lands on full cards lays out again for that zoom
ok 161 - an arrange whose fit lands on full cards lays out again for that zoom
  ---
  duration_ms: 0.718084
  type: 'test'
  ...
# Subtest: a focused star at card zoom seats its cards a pill apart
ok 162 - a focused star at card zoom seats its cards a pill apart
  ---
  duration_ms: 1.144541
  type: 'test'
  ...
# Subtest: detail mode decides the chip treatment, zoom only decides it on Auto
ok 163 - detail mode decides the chip treatment, zoom only decides it on Auto
  ---
  duration_ms: 2.258375
  type: 'test'
  ...
# Subtest: the filter arrow is a fixed size on screen and doubles up for bidirectional edges
ok 164 - the filter arrow is a fixed size on screen and doubles up for bidirectional edges
  ---
  duration_ms: 0.834333
  type: 'test'
  ...
# Subtest: the combined pill puts each cardinality on the side its table lies, arrow in between
ok 165 - the combined pill puts each cardinality on the side its table lies, arrow in between
  ---
  duration_ms: 1.183083
  type: 'test'
  ...
# Subtest: the pill is a fixed size on screen and its seat box follows it
ok 166 - the pill is a fixed size on screen and its seat box follows it
  ---
  duration_ms: 0.917958
  type: 'test'
  ...
# Subtest: a label that would land on a card or on another label takes the next free seat
ok 167 - a label that would land on a card or on another label takes the next free seat
  ---
  duration_ms: 1.241666
  type: 'test'
  ...
# Subtest: a subset arrange never moves a table that is not on the canvas
ok 168 - a subset arrange never moves a table that is not on the canvas
  ---
  duration_ms: 13.241959
  type: 'test'
  ...
# Subtest: Arrange applies the layout chosen in Display, not a hard-coded grid
ok 169 - Arrange applies the layout chosen in Display, not a hard-coded grid
  ---
  duration_ms: 12.225083
  type: 'test'
  ...
# Subtest: Arrange leaves the tables that are hidden by focus where they were
ok 170 - Arrange leaves the tables that are hidden by focus where they were
  ---
  duration_ms: 49.760125
  type: 'test'
  ...
# Subtest: the grid option lays tables out in plain rows, on the same lanes as every other layout
ok 171 - the grid option lays tables out in plain rows, on the same lanes as every other layout
  ---
  duration_ms: 1.255209
  type: 'test'
  ...
# Subtest: the grid option seats the selected table ahead of the tables it connects to
ok 172 - the grid option seats the selected table ahead of the tables it connects to
  ---
  duration_ms: 0.926875
  type: 'test'
  ...
# Subtest: a big model arranges in well under a second instead of grinding on the refinement pass
ok 173 - a big model arranges in well under a second instead of grinding on the refinement pass
  ---
  duration_ms: 51.388792
  type: 'test'
  ...
# Subtest: a table related only to something off the canvas keeps its place beside the picture
ok 174 - a table related only to something off the canvas keeps its place beside the picture
  ---
  duration_ms: 1.111667
  type: 'test'
  ...
# Subtest: an arrange over tables with no relationships between them falls back to the grid
ok 175 - an arrange over tables with no relationships between them falls back to the grid
  ---
  duration_ms: 0.611875
  type: 'test'
  ...
# Subtest: fit aims at the unobstructed canvas: the drawer and the overview map are cut away, with 24px of padding
ok 176 - fit aims at the unobstructed canvas: the drawer and the overview map are cut away, with 24px of padding
  ---
  duration_ms: 0.613208
  type: 'test'
  ...
# Subtest: an obstruction that misses the canvas costs nothing, and one that swallows it falls back to the padded host
ok 177 - an obstruction that misses the canvas costs nothing, and one that swallows it falls back to the padded host
  ---
  duration_ms: 0.514666
  type: 'test'
  ...
# Subtest: Escape closes the Display popover first, then Saved views, and returns focus to the button
ok 178 - Escape closes the Display popover first, then Saved views, and returns focus to the button
  ---
  duration_ms: 0.629541
  type: 'test'
  ...
# Subtest: a press outside closes every open toolbar popover without stealing focus
ok 179 - a press outside closes every open toolbar popover without stealing focus
  ---
  duration_ms: 0.65125
  type: 'test'
  ...
# Subtest: Mac launcher reopens Google Chrome when its profile process survives without a viewer window
ok 180 - Mac launcher reopens Google Chrome when its profile process survives without a viewer window
  ---
  duration_ms: 13.818666
  type: 'test'
  ...
# Subtest: Mac launcher reopens Microsoft Edge when its profile process survives without a viewer window
ok 181 - Mac launcher reopens Microsoft Edge when its profile process survives without a viewer window
  ---
  duration_ms: 11.924083
  type: 'test'
  ...
# Subtest: Mac launcher cold start uses the same dedicated-profile window launch as reopening
ok 182 - Mac launcher cold start uses the same dedicated-profile window launch as reopening
  ---
  duration_ms: 23.068833
  type: 'test'
  ...
# Subtest: Mac launcher retains the default-browser fallback without Chrome or Edge
ok 183 - Mac launcher retains the default-browser fallback without Chrome or Edge
  ---
  duration_ms: 10.849959
  type: 'test'
  ...
# Subtest: library search finds names, folders, home tables and DAX, expanding matching folders
ok 184 - library search finds names, folders, home tables and DAX, expanding matching folders
  ---
  duration_ms: 2.341709
  type: 'test'
  ...
# Subtest: visibility and home-table filters combine and stale table filters recover after model switching
ok 185 - visibility and home-table filters combine and stale table filters recover after model switching
  ---
  duration_ms: 0.560875
  type: 'test'
  ...
# Subtest: folder paths do not inflate the matching-measure count
ok 186 - folder paths do not inflate the matching-measure count
  ---
  duration_ms: 4.895125
  type: 'test'
  ...
# Subtest: DAX highlighting preserves source spelling and resolves qualified references and escaped identifiers
ok 187 - DAX highlighting preserves source spelling and resolves qualified references and escaped identifiers
  ---
  duration_ms: 1.028792
  type: 'test'
  ...
# Subtest: DAX render cache is invalidated whenever the selected main panel is rebuilt
ok 188 - DAX render cache is invalidated whenever the selected main panel is rebuilt
  ---
  duration_ms: 0.798291
  type: 'test'
  ...
# Subtest: Fit contains a large graph and Center uses scaled node coordinates
ok 189 - Fit contains a large graph and Center uses scaled node coordinates
  ---
  duration_ms: 0.451667
  type: 'test'
  ...
# Subtest: graph orientation preserves dependencies and reflects vertical layers without rotating labels
ok 190 - graph orientation preserves dependencies and reflects vertical layers without rotating labels
  ---
  duration_ms: 1.217
  type: 'test'
  ...
# Subtest: branching and cyclic graphs stay inside bounds in every orientation
ok 191 - branching and cyclic graphs stay inside bounds in every orientation
  ---
  duration_ms: 0.682917
  type: 'test'
  ...
# Subtest: workspace preferences round-trip and invalid stored values receive safe defaults
ok 192 - workspace preferences round-trip and invalid stored values receive safe defaults
  ---
  duration_ms: 1.477167
  type: 'test'
  ...
# Subtest: zoom preserves the viewport center when moving between a fitted stage and scrolling
ok 193 - zoom preserves the viewport center when moving between a fitted stage and scrolling
  ---
  duration_ms: 0.529334
  type: 'test'
  ...
# Subtest: measure snapshot is JSON-safe and preserves comparison, library state, preferences and viewport
ok 194 - measure snapshot is JSON-safe and preserves comparison, library state, preferences and viewport
  ---
  duration_ms: 0.575667
  type: 'test'
  ...
# Subtest: snapshot restore sanitizes model references and numeric values without changing the app view or saved preferences
ok 195 - snapshot restore sanitizes model references and numeric values without changing the app view or saved preferences
  ---
  duration_ms: 0.452792
  type: 'test'
  ...
# Subtest: viewport restoration waits for visible layout and ignores superseded model state
ok 196 - viewport restoration waits for visible layout and ignores superseded model state
  ---
  duration_ms: 0.582084
  type: 'test'
  ...
# Subtest: invalid selections clear comparison and expansions, and auto-fit restores responsively
ok 197 - invalid selections clear comparison and expansions, and auto-fit restores responsively
  ---
  duration_ms: 0.356542
  type: 'test'
  ...
# Subtest: a hidden graph viewport is not reused for a different expansion context
ok 198 - a hidden graph viewport is not reused for a different expansion context
  ---
  duration_ms: 0.367583
  type: 'test'
  ...
# Subtest: dependents are grouped by home table then display folder, and the grouping is deterministic
ok 199 - dependents are grouped by home table then display folder, and the grouping is deterministic
  ---
  duration_ms: 1.364125
  type: 'test'
  ...
# Subtest: the group expander reveals every member and collapsing puts them back
ok 200 - the group expander reveals every member and collapsing puts them back
  ---
  duration_ms: 1.347583
  type: 'test'
  ...
# Subtest: group expansion is remembered per analyzed measure and never leaks between them
ok 201 - group expansion is remembered per analyzed measure and never leaks between them
  ---
  duration_ms: 1.2475
  type: 'test'
  ...
# Subtest: the graph opens on the analyzed measure at a readable zoom, in every orientation
ok 202 - the graph opens on the analyzed measure at a readable zoom, in every orientation
  ---
  duration_ms: 1.334
  type: 'test'
  ...
# Subtest: a small dependency graph is not grouped
ok 203 - a small dependency graph is not grouped
  ---
  duration_ms: 0.519334
  type: 'test'
  ...
# Subtest: collapsed measures retain semantic roles and Expand all draws every included path
ok 204 - collapsed measures retain semantic roles and Expand all draws every included path
  ---
  duration_ms: 1.508083
  type: 'test'
  ...
# Subtest: plus six reveals six downstream neighbours and minus removes exactly those six
ok 205 - plus six reveals six downstream neighbours and minus removes exactly those six
  ---
  duration_ms: 2.061125
  type: 'test'
  ...
# Subtest: legacy extras cannot offer to remove mandatory upstream or downstream measures
ok 206 - legacy extras cannot offer to remove mandatory upstream or downstream measures
  ---
  duration_ms: 0.766291
  type: 'test'
  ...
# Subtest: Expand all reports the display limit and does not hide additional groups at the cap
ok 207 - Expand all reports the display limit and does not hide additional groups at the cap
  ---
  duration_ms: 25.328875
  type: 'test'
  ...
# Subtest: library search lists name matches before measures that only mention the text in DAX
ok 208 - library search lists name matches before measures that only mention the text in DAX
  ---
  duration_ms: 0.598375
  type: 'test'
  ...
# Subtest: DAX code block resets the host <code> styling so tokens stay readable in VS Code themes
ok 209 - DAX code block resets the host <code> styling so tokens stay readable in VS Code themes
  ---
  duration_ms: 0.151959
  type: 'test'
  ...
# Subtest: entire registry is initially laid out including disconnected/status/duplicate display IDs
ok 210 - entire registry is initially laid out including disconnected/status/duplicate display IDs
  ---
  duration_ms: 3.384917
  type: 'test'
  ...
# Subtest: zero-edge model is complete and supplied cycle components are grouped
ok 211 - zero-edge model is complete and supplied cycle components are grouped
  ---
  duration_ms: 1.438292
  type: 'test'
  ...
# Subtest: visibility is silent induced-edge projection; matches only dim; hidden selection/minimap remain explicit
ok 212 - visibility is silent induced-edge projection; matches only dim; hidden selection/minimap remain explicit
  ---
  duration_ms: 1.519833
  type: 'test'
  ...
# Subtest: empty projection does not discard complete model or auto-fit
ok 213 - empty projection does not discard complete model or auto-fit
  ---
  duration_ms: 0.832167
  type: 'test'
  ...
# Subtest: pan threshold distinguishes blank click from drag; node drag is layout only
ok 214 - pan threshold distinguishes blank click from drag; node drag is layout only
  ---
  duration_ms: 1.264458
  type: 'test'
  ...
# Subtest: wheel/pinch keep gesture anchor fixed and have finite positive scale
ok 215 - wheel/pinch keep gesture anchor fixed and have finite positive scale
  ---
  duration_ms: 1.299333
  type: 'test'
  ...
# Subtest: provided-host keyboard fallback pans; node arrows rove/Enter selects; input shortcuts ignored
ok 216 - provided-host keyboard fallback pans; node arrows rove/Enter selects; input shortcuts ignored
  ---
  duration_ms: 1.471542
  type: 'test'
  ...
# Subtest: queued resize after explicit Back viewport restore cannot translate or notify
ok 217 - queued resize after explicit Back viewport restore cannot translate or notify
  ---
  duration_ms: 0.785167
  type: 'test'
  ...
# Subtest: edge callback uses host CSS anchor and full stable edge ID
ok 218 - edge callback uses host CSS anchor and full stable edge ID
  ---
  duration_ms: 1.205916
  type: 'test'
  ...
# Subtest: layout captures cannot restore into another generation with coincident IDs
ok 219 - layout captures cannot restore into another generation with coincident IDs
  ---
  duration_ms: 1.163083
  type: 'test'
  ...
# Subtest: same-generation updates/layout restores preserve view; generation/null clears filters and old gestures
ok 220 - same-generation updates/layout restores preserve view; generation/null clears filters and old gestures
  ---
  duration_ms: 1.520875
  type: 'test'
  ...
# Subtest: 300/301/350/1000 registries and parameter fanout retain last object without caps
ok 221 - 300/301/350/1000 registries and parameter fanout retain last object without caps
  ---
  duration_ms: 53.499541
  type: 'test'
  ...
# Subtest: search and focus dim independently without hiding membership or mutating registry
ok 222 - search and focus dim independently without hiding membership or mutating registry
  ---
  duration_ms: 1.135
  type: 'test'
  ...
# Subtest: explicit Arrange touches only visible requested positions and is silent, registry preserving and undoable
ok 223 - explicit Arrange touches only visible requested positions and is silent, registry preserving and undoable
  ---
  duration_ms: 0.670959
  type: 'test'
  ...
# Subtest: minimap nodes, induced edges and bounds use only rendered IDs; empty stays honest and registry survives
ok 224 - minimap nodes, induced edges and bounds use only rendered IDs; empty stays honest and registry survives
  ---
  duration_ms: 0.711583
  type: 'test'
  ...
# Subtest: Center genuinely centers already-visible nodes at pan/zoom and side/below/resized host bounds
ok 225 - Center genuinely centers already-visible nodes at pan/zoom and side/below/resized host bounds
  ---
  duration_ms: 0.699583
  type: 'test'
  ...
# Subtest: blank/add repositions far-away new members near current view collision-free, preserves other manual positions and Undo
ok 226 - blank/add repositions far-away new members near current view collision-free, preserves other manual positions and Undo
  ---
  duration_ms: 0.659333
  type: 'test'
  ...
# Subtest: narrow side canvas prefers a visible vertical neighbor; collisions preserve the manual anchor
ok 227 - narrow side canvas prefers a visible vertical neighbor; collisions preserve the manual anchor
  ---
  duration_ms: 0.542375
  type: 'test'
  ...
# Subtest: quoted identifiers decode escapes; strings and comments never create edges
ok 228 - quoted identifiers decode escapes; strings and comments never create edges
  ---
  duration_ms: 4.685042
  type: 'test'
  ...
# Subtest: let forward references, nested sibling scopes and quoted shadowing
ok 229 - let forward references, nested sibling scopes and quoted shadowing
  ---
  duration_ms: 0.85525
  type: 'test'
  ...
# Subtest: exclusive initialization is explicit, inclusive recursive references are local
ok 230 - exclusive initialization is explicit, inclusive recursive references are local
  ---
  duration_ms: 1.50525
  type: 'test'
  ...
# Subtest: typed functions and each do not shadow sibling arguments or branches
ok 231 - typed functions and each do not shadow sibling arguments or branches
  ---
  duration_ms: 1.434125
  type: 'test'
  ...
# Subtest: record generalized fields, projection, item access and type names
ok 232 - record generalized fields, projection, item access and type names
  ---
  duration_ms: 0.935084
  type: 'test'
  ...
# Subtest: dynamic, unresolved, library and malformed inputs remain explicit
ok 233 - dynamic, unresolved, library and malformed inputs remain explicit
  ---
  duration_ms: 2.00025
  type: 'test'
  ...
# Subtest: table names resolve rather than partition names; ambiguous identities never resolve
ok 234 - table names resolve rather than partition names; ambiguous identities never resolve
  ---
  duration_ms: 0.316167
  type: 'test'
  ...
# Subtest: graph exposes direct edges, cycle components and disconnected nodes without mutation
ok 235 - graph exposes direct edges, cycle components and disconnected nodes without mutation
  ---
  duration_ms: 0.612583
  type: 'test'
  ...
# Subtest: depth limits are explicit and do not throw to consumers
ok 236 - depth limits are explicit and do not throw to consumers
  ---
  duration_ms: 0.643292
  type: 'test'
  ...
# Subtest: render provides safe clickable code navigation and visible uncertainty in its host
ok 237 - render provides safe clickable code navigation and visible uncertainty in its host
  ---
  duration_ms: 0.668333
  type: 'test'
  ...
# Subtest: missing/non-M targets remain navigable and every result retains partial status
ok 238 - missing/non-M targets remain navigable and every result retains partial status
  ---
  duration_ms: 0.300375
  type: 'test'
  ...
# Subtest: render exposes cycles and replaces the old host contents on navigation
ok 239 - render exposes cycles and replaces the old host contents on navigation
  ---
  duration_ms: 0.334625
  type: 'test'
  ...
# Subtest: complete inventory includes disconnected objects, explicit partitions and status-only tables
ok 240 - complete inventory includes disconnected objects, explicit partitions and status-only tables
  ---
  duration_ms: 4.122875
  type: 'test'
  ...
# Subtest: merge/append static inputs reverse legacy direction exactly once with all occurrences
ok 241 - merge/append static inputs reverse legacy direction exactly once with all occurrences
  ---
  duration_ms: 0.939334
  type: 'test'
  ...
# Subtest: SQL source literals, semantic relationships and partition ownership never create edges
ok 242 - SQL source literals, semantic relationships and partition ownership never create edges
  ---
  duration_ms: 0.936208
  type: 'test'
  ...
# Subtest: complete parameter fanout and final disconnected object survive all requested thresholds
ok 243 - complete parameter fanout and final disconnected object survive all requested thresholds
  ---
  duration_ms: 182.420042
  type: 'test'
  ...
# Subtest: duplicate IDs retain every row with stable collision-safe UI identity and no guessed edges
ok 244 - duplicate IDs retain every row with stable collision-safe UI identity and no guessed edges
  ---
  duration_ms: 1.115958
  type: 'test'
  ...
# Subtest: duplicate names, multipartition names and same-named expression/table remain ambiguous
ok 245 - duplicate names, multipartition names and same-named expression/table remain ambiguous
  ---
  duration_ms: 0.822375
  type: 'test'
  ...
# Subtest: local shadowing, malformed code and placeholders never invent edges; legacy synthetic _ is reported
ok 246 - local shadowing, malformed code and placeholders never invent edges; legacy synthetic _ is reported
  ---
  duration_ms: 0.407125
  type: 'test'
  ...
# Subtest: missing/non-M referenced metadata keeps valid static name edges, but contributes no outgoing analysis
ok 247 - missing/non-M referenced metadata keeps valid static name edges, but contributes no outgoing analysis
  ---
  duration_ms: 0.380416
  type: 'test'
  ...
# Subtest: stable cycles use only emitted edges and handle long whole-model paths without legacy cycle cap
ok 248 - stable cycles use only emitted edges and handle long whole-model paths without legacy cycle cap
  ---
  duration_ms: 153.238667
  type: 'test'
  ...
# Subtest: unavailable model metadata produces status inventory without retaining earlier model state
ok 249 - unavailable model metadata produces status inventory without retaining earlier model state
  ---
  duration_ms: 0.88175
  type: 'test'
  ...
# Subtest: cancellation and model-switch/destroy generation gate suppress progress and result publication
ok 250 - cancellation and model-switch/destroy generation gate suppress progress and result publication
  ---
  duration_ms: 0.709833
  type: 'test'
  ...
# Subtest: cancellation from final progress callback still prevents completed graph return
ok 251 - cancellation from final progress callback still prevents completed graph return
  ---
  duration_ms: 0.284375
  type: 'test'
  ...
# Subtest: same-model metadata replacement during progress cancels the old graph
ok 252 - same-model metadata replacement during progress cancels the old graph
  ---
  duration_ms: 0.5365
  type: 'test'
  ...
# Subtest: exact CRLF/quoted/repeated/non-BMP source slices are separate from numbered gutter; Copy original source
ok 253 - exact CRLF/quoted/repeated/non-BMP source slices are separate from numbered gutter; Copy original source
  ---
  duration_ms: 5.408833
  type: 'test'
  ...
# Subtest: invalid/overlapping/missing-target spans never create guessed links
ok 254 - invalid/overlapping/missing-target spans never create guessed links
  ---
  duration_ms: 2.410208
  type: 'test'
  ...
# Subtest: opaque uncertainty is neutral disclosure; presentation diagnostics are review; no regex classification
ok 255 - opaque uncertainty is neutral disclosure; presentation diagnostics are review; no regex classification
  ---
  duration_ms: 0.723167
  type: 'test'
  ...
# Subtest: duplicate graph IDs select exactly supplied rows; status rows have no invented M
ok 256 - duplicate graph IDs select exactly supplied rows; status rows have no invented M
  ---
  duration_ms: 0.639875
  type: 'test'
  ...
# Subtest: capture/restore contains both scroll axes, wrap and stable occurrence descriptor
ok 257 - capture/restore contains both scroll axes, wrap and stable occurrence descriptor
  ---
  duration_ms: 1.032958
  type: 'test'
  ...
# Subtest: new selection, same-ID select, close, suspend, reset and destroy cancel queued restores
ok 258 - new selection, same-ID select, close, suspend, reset and destroy cancel queued restores
  ---
  duration_ms: 3.174042
  type: 'test'
  ...
# Subtest: newer restore/direct focus wins within same generation
ok 259 - newer restore/direct focus wins within same generation
  ---
  duration_ms: 0.595459
  type: 'test'
  ...
# Subtest: same-generation context and hide/reopen preserve view; generation reset clears hidden source and callbacks
ok 260 - same-generation context and hide/reopen preserve view; generation reset clears hidden source and callbacks
  ---
  duration_ms: 0.500125
  type: 'test'
  ...
# Subtest: clipboard completion after close/reopen or reset cannot repaint code/status
ok 261 - clipboard completion after close/reopen or reset cannot repaint code/status
  ---
  duration_ms: 0.59875
  type: 'test'
  ...
# Subtest: focus controls emit only generation/selected-ID actions; Infinity serializes without changing source/view
ok 262 - focus controls emit only generation/selected-ID actions; Infinity serializes without changing source/view
  ---
  duration_ms: 1.077875
  type: 'test'
  ...
# Subtest: history restores focused controls by descriptor and never keeps old control DOM
ok 263 - history restores focused controls by descriptor and never keeps old control DOM
  ---
  duration_ms: 0.57975
  type: 'test'
  ...
# Subtest: Back retains strict 325px scroll with always-visible options; unrelated disclosures stay closed
ok 264 - Back retains strict 325px scroll with always-visible options; unrelated disclosures stay closed
  ---
  duration_ms: 1.154125
  type: 'test'
  ...
# Subtest: all four optional disclosure combinations restore exact scroll and booleans across source selection
ok 265 - all four optional disclosure combinations restore exact scroll and booleans across source selection
  ---
  duration_ms: 3.066167
  type: 'test'
  ...
# Subtest: legacy and partial disclosure state leave absent, invalid and unknown sections untouched
ok 266 - legacy and partial disclosure state leave absent, invalid and unknown sections untouched
  ---
  duration_ms: 0.856917
  type: 'test'
  ...
# Subtest: restored primary focus preserves scroll, and focus-triggered navigation cannot receive old scroll
ok 267 - restored primary focus preserves scroll, and focus-triggered navigation cannot receive old scroll
  ---
  duration_ms: 0.561709
  type: 'test'
  ...
# Subtest: stale disclosure restores cannot reopen prior or current source after any lifecycle cancellation
ok 268 - stale disclosure restores cannot reopen prior or current source after any lifecycle cancellation
  ---
  duration_ms: 3.175167
  type: 'test'
  ...
# Subtest: primary neighborhood controls stay visible, default wrap is true and explicit saved false survives history
ok 269 - primary neighborhood controls stay visible, default wrap is true and explicit saved false survives history
  ---
  duration_ms: 0.481333
  type: 'test'
  ...
# Subtest: expanded reader moves exact code DOM, copies original CRLF/UTF16 source, Escape closes reader first and returns focus
ok 270 - expanded reader moves exact code DOM, copies original CRLF/UTF16 source, Escape closes reader first and returns focus
  ---
  duration_ms: 0.972833
  type: 'test'
  ...
# Subtest: expanded history restores source focus/scroll and cannot reopen after stale lifecycle work
ok 271 - expanded history restores source focus/scroll and cannot reopen after stale lifecycle work
  ---
  duration_ms: 2.303792
  type: 'test'
  ...
# Subtest: reader keyboard boundary stays inside, and native-dialog autofocus navigation cancels old view restore
ok 272 - reader keyboard boundary stays inside, and native-dialog autofocus navigation cancels old view restore
  ---
  duration_ms: 0.633458
  type: 'test'
  ...
# Subtest: progressive expansion and exact code navigation preserve partition root, expansion and scroll
ok 273 - progressive expansion and exact code navigation preserve partition root, expansion and scroll
  ---
  duration_ms: 4.049375
  type: 'test'
  ...
# Subtest: partition state is isolated and app model/metadata replacement clears expansion
ok 274 - partition state is isolated and app model/metadata replacement clears expansion
  ---
  duration_ms: 1.079208
  type: 'test'
  ...
# Subtest: SCC and self cycles terminate; dynamic/missing references stay visible as uncertainty
ok 275 - SCC and self cycles terminate; dynamic/missing references stay visible as uncertainty
  ---
  duration_ms: 0.568458
  type: 'test'
  ...
# Subtest: duplicate, missing, wrong-table, non-M and no-root states never open arbitrary code
ok 276 - duplicate, missing, wrong-table, non-M and no-root states never open arbitrary code
  ---
  duration_ms: 2.206709
  type: 'test'
  ...
# Subtest: optional analyzer unavailable is explicit
ok 277 - optional analyzer unavailable is explicit
  ---
  duration_ms: 0.424708
  type: 'test'
  ...
# Subtest: hostile labels are text, keyboard navigation moves focus and edge navigation targets upstream code
ok 278 - hostile labels are text, keyboard navigation moves focus and edge navigation targets upstream code
  ---
  duration_ms: 0.435458
  type: 'test'
  ...
# Subtest: large graph uses complete metadata resolution but caps visible nodes with explicit limits
ok 279 - large graph uses complete metadata resolution but caps visible nodes with explicit limits
  ---
  duration_ms: 4.699541
  type: 'test'
  ...
# Subtest: large-model duplicate names never become resolved edges
ok 280 - large-model duplicate names never become resolved edges
  ---
  duration_ms: 0.589708
  type: 'test'
  ...
# Subtest: branch expansion caps nodes and reset restores first page
ok 281 - branch expansion caps nodes and reset restores first page
  ---
  duration_ms: 3.089708
  type: 'test'
  ...
# Subtest: model replacement without a valid root still invalidates previous state
ok 282 - model replacement without a valid root still invalidates previous state
  ---
  duration_ms: 0.802541
  type: 'test'
  ...
# Subtest: bounded large-model cycle findings include only expanded visible edges
ok 283 - bounded large-model cycle findings include only expanded visible edges
  ---
  duration_ms: 0.654709
  type: 'test'
  ...
# Subtest: every repeated occurrence retains exact quoted spelling and UTF-16 end-exclusive range
ok 284 - every repeated occurrence retains exact quoted spelling and UTF-16 end-exclusive range
  ---
  duration_ms: 4.521416
  type: 'test'
  ...
# Subtest: scope walk excludes locals, parameters, fields, comments and strings while retaining sibling refs
ok 285 - scope walk excludes locals, parameters, fields, comments and strings while retaining sibling refs
  ---
  duration_ms: 1.326458
  type: 'test'
  ...
# Subtest: explicit inclusive global token range excludes the @ punctuation
ok 286 - explicit inclusive global token range excludes the @ punctuation
  ---
  duration_ms: 0.311417
  type: 'test'
  ...
# Subtest: ambiguous names, duplicate IDs and multipartition tables do not produce ranges
ok 287 - ambiguous names, duplicate IDs and multipartition tables do not produce ranges
  ---
  duration_ms: 0.37925
  type: 'test'
  ...
# Subtest: malformed and unavailable expressions clear both outputs
ok 288 - malformed and unavailable expressions clear both outputs
  ---
  duration_ms: 2.261709
  type: 'test'
  ...
# Subtest: synthetic implicit _ remains legacy-only; real _ still has a source range
ok 289 - synthetic implicit _ remains legacy-only; real _ still has a source range
  ---
  duration_ms: 0.45525
  type: 'test'
  ...
# Subtest: legacy graph edge schema, direction and dedup remain unchanged
ok 290 - legacy graph edge schema, direction and dedup remain unchanged
  ---
  duration_ms: 0.882209
  type: 'test'
  ...
# Subtest: shared chrome is source-free text presentation with caller-owned identity and interactions
ok 291 - shared chrome is source-free text presentation with caller-owned identity and interactions
  ---
  duration_ms: 1.121875
  type: 'test'
  ...
# Subtest: positional mapping keeps duplicate rows distinct; no metadata ID overwrite
ok 292 - positional mapping keeps duplicate rows distinct; no metadata ID overwrite
  ---
  duration_ms: 4.180417
  type: 'test'
  ...
# Subtest: connectivity uses complete resolved incident edges, including parameter/status rows without relations
ok 293 - connectivity uses complete resolved incident edges, including parameter/status rows without relations
  ---
  duration_ms: 1.318208
  type: 'test'
  ...
# Subtest: ranges are authoritative UTF16 slices and invalid/overlapping spans never become links
ok 294 - ranges are authoritative UTF16 slices and invalid/overlapping spans never become links
  ---
  duration_ms: 0.890125
  type: 'test'
  ...
# Subtest: identity gates reject model/metadata replacement, revision changes and duplicate reorder
ok 295 - identity gates reject model/metadata replacement, revision changes and duplicate reorder
  ---
  duration_ms: 0.436792
  type: 'test'
  ...
# Subtest: worker executes canonical build in isolated context, emits atomic graph and job-bound progress
ok 296 - worker executes canonical build in isolated context, emits atomic graph and job-bound progress
  ---
  duration_ms: 1.921708
  type: 'test'
  ...
# Subtest: excluded reference clears filters; Back restores filters/view/scroll without Fit/reveal
ok 297 - excluded reference clears filters; Back restores filters/view/scroll without Fit/reveal
  ---
  duration_ms: 0.961667
  type: 'test'
  ...
# Subtest: matching library selection retains search; Show all preserves selected object and does not Fit
ok 298 - matching library selection retains search; Show all preserves selected object and does not Fit
  ---
  duration_ms: 0.487791
  type: 'test'
  ...
# Subtest: late navigation callbacks fail generation and source identity gates
ok 299 - late navigation callbacks fail generation and source identity gates
  ---
  duration_ms: 0.398083
  type: 'test'
  ...
# Subtest: real scheduler cancellation terminates worker and rejects queued old-generation graph messages
ok 300 - real scheduler cancellation terminates worker and rejects queued old-generation graph messages
  ---
  duration_ms: 17.089167
  type: 'test'
  ...
# Subtest: worker unavailable produces explicit error with no synchronous analysis fallback
ok 301 - worker unavailable produces explicit error with no synchronous analysis fallback
  ---
  duration_ms: 17.187417
  type: 'test'
  ...
# Subtest: model replaced while runtime assets load cannot launch or publish an old worker
ok 302 - model replaced while runtime assets load cannot launch or publish an old worker
  ---
  duration_ms: 32.216375
  type: 'test'
  ...
# Subtest: Back deferred focus cannot override a newer same-generation navigation
ok 303 - Back deferred focus cannot override a newer same-generation navigation
  ---
  duration_ms: 0.941917
  type: 'test'
  ...
# Subtest: terminal worker error invalidates queued ready publication and retained lookup
ok 304 - terminal worker error invalidates queued ready publication and retained lookup
  ---
  duration_ms: 16.106125
  type: 'test'
  ...
# Subtest: peer tab suspension happens only on transitions and preserves same-model context
ok 305 - peer tab suspension happens only on transitions and preserves same-model context
  ---
  duration_ms: 0.893625
  type: 'test'
  ...
# Subtest: Reset filters restores exact viewport after banner layout, preserving selection inspector and history
ok 306 - Reset filters restores exact viewport after banner layout, preserving selection inspector and history
  ---
  duration_ms: 0.609042
  type: 'test'
  ...
# Subtest: Reset filters does not restore an old viewport after replacement or newer navigation
ok 307 - Reset filters does not restore an old viewport after replacement or newer navigation
  ---
  duration_ms: 1.411209
  type: 'test'
  ...
# Subtest: inspector resize changes independent orientation dimensions and clamps practical bounds
ok 308 - inspector resize changes independent orientation dimensions and clamps practical bounds
  ---
  duration_ms: 0.573875
  type: 'test'
  ...
# Subtest: membership/category/focus/search stay distinct and traversals bound cycles
ok 309 - membership/category/focus/search stay distinct and traversals bound cycles
  ---
  duration_ms: 0.727917
  type: 'test'
  ...
# Subtest: remove and blank affect layout only; Undo and Back restore separate state without source mutation
ok 310 - remove and blank affect layout only; Undo and Back restore separate state without source mutation
  ---
  duration_ms: 0.668875
  type: 'test'
  ...
# Subtest: layout Undo is bounded and model replacement invalidates either restoration
ok 311 - layout Undo is bounded and model replacement invalidates either restoration
  ---
  duration_ms: 0.5635
  type: 'test'
  ...
# Subtest: table entry uses exact association and never chooses a multipartition default
ok 312 - table entry uses exact association and never chooses a multipartition default
  ---
  duration_ms: 0.507208
  type: 'test'
  ...
# Subtest: Back restores viewport after the final hidden-selection banner layout
ok 313 - Back restores viewport after the final hidden-selection banner layout
  ---
  duration_ms: 0.557417
  type: 'test'
  ...
# Subtest: Back finalizes controls before restoring disclosure and scroll state
ok 314 - Back finalizes controls before restoring disclosure and scroll state
  ---
  duration_ms: 0.732583
  type: 'test'
  ...
# Subtest: group filtering uses exact metadata and persists opaquely through Back and reset
ok 315 - group filtering uses exact metadata and persists opaquely through Back and reset
  ---
  duration_ms: 0.490625
  type: 'test'
  ...
# Subtest: new membership requests placement once, preserves other members and explicit drop coordinates
ok 316 - new membership requests placement once, preserves other members and explicit drop coordinates
  ---
  duration_ms: 0.504375
  type: 'test'
  ...
# Subtest: Center selected dispatches genuine center only for a current visible selection
ok 317 - Center selected dispatches genuine center only for a current visible selection
  ---
  duration_ms: 0.452916
  type: 'test'
  ...
# Subtest: group-only metadata changes invalidate captured workspace identity
ok 318 - group-only metadata changes invalidate captured workspace identity
  ---
  duration_ms: 0.637958
  type: 'test'
  ...
# Subtest: BIM preserves exact string / array code, partitions, stable identities, kinds and missing states
ok 319 - BIM preserves exact string / array code, partitions, stable identities, kinds and missing states
  ---
  duration_ms: 3.475917
  type: 'test'
  ...
# Subtest: TMDL keeps decoded M indentation, quoted names, multiple partitions and shared expressions
ok 320 - TMDL keeps decoded M indentation, quoted names, multiple partitions and shared expressions
  ---
  duration_ms: 1.953125
  type: 'test'
  ...
# Subtest: TMDL fenced code preserves trailing whitespace, blank lines and CRLF
ok 321 - TMDL fenced code preserves trailing whitespace, blank lines and CRLF
  ---
  duration_ms: 1.150084
  type: 'test'
  ...
# Subtest: identities survive file order and no metadata does not invent code
ok 322 - identities survive file order and no metadata does not invent code
  ---
  duration_ms: 0.9135
  type: 'test'
  ...
# Subtest: snapshot export allowlist excludes raw M and metadata (including hostile markers)
ok 323 - snapshot export allowlist excludes raw M and metadata (including hostile markers)
  ---
  duration_ms: 0.611542
  type: 'test'
  ...
# Subtest: stale hook code navigation cannot close or change a newer model inspector
ok 324 - stale hook code navigation cannot close or change a newer model inspector
  ---
  duration_ms: 1.121292
  type: 'test'
  ...
# Subtest: explicit BIM query group references resolve declared nested folders without name inference or snapshot exposure
ok 325 - explicit BIM query group references resolve declared nested folders without name inference or snapshot exposure
  ---
  duration_ms: 0.544875
  type: 'test'
  ...
# Subtest: TMDL group properties before/after exact fenced expressions and partition sources stay metadata
ok 326 - TMDL group properties before/after exact fenced expressions and partition sources stay metadata
  ---
  duration_ms: 0.529625
  type: 'test'
  ...
# Subtest: filter addendum artifacts are reproducible and preserve explicit expected incidence sets
ok 327 - filter addendum artifacts are reproducible and preserve explicit expected incidence sets
  ---
  duration_ms: 2.466208
  type: 'test'
  ...
# Subtest: all-disconnected same SQL and semantic relationship is All6 Connected0 Disconnected6
ok 328 - all-disconnected same SQL and semantic relationship is All6 Connected0 Disconnected6
  ---
  duration_ms: 0.532083
  type: 'test'
  ...
# Subtest: parameter fanout counts unique incident objects, not arrow count or inbound-only dependencies
ok 329 - parameter fanout counts unique incident objects, not arrow count or inbound-only dependencies
  ---
  duration_ms: 1.219333
  type: 'test'
  ...
# Subtest: cycles, duplicate rows, unavailable inputs, status objects and unused parameter have deliberate categories
ok 330 - cycles, duplicate rows, unavailable inputs, status objects and unused parameter have deliberate categories
  ---
  duration_ms: 0.14575
  type: 'test'
  ...
# Subtest: 300/301/350/1000 category totals do not truncate; same-ID replacement changes category membership
ok 331 - 300/301/350/1000 category totals do not truncate; same-ID replacement changes category membership
  ---
  duration_ms: 0.056583
  type: 'test'
  ...
# Subtest: state oracle rejects search-derived graph, category counts after search, stale filter/search and invented independence
ok 332 - state oracle rejects search-derived graph, category counts after search, stale filter/search and invented independence
  ---
  duration_ms: 1.708833
  type: 'test'
  ...
# Subtest: hidden methods and explicit empty category are separate from empty model
ok 333 - hidden methods and explicit empty category are separate from empty model
  ---
  duration_ms: 0.282334
  type: 'test'
  ...
# Subtest: combined hidden-selection, Show all, reference/library navigation, Back and Reset workflows reject violations
ok 334 - combined hidden-selection, Show all, reference/library navigation, Back and Reset workflows reject violations
  ---
  duration_ms: 13.509208
  type: 'test'
  ...
# Subtest: atomic ready oracle accepts pending links without progressive edges, rejects early category finalization
ok 335 - atomic ready oracle accepts pending links without progressive edges, rejects early category finalization
  ---
  duration_ms: 3.202542
  type: 'test'
  ...
# Subtest: generation reset invalidates same-ID membership, filter/search/selection/code/history and late messages
ok 336 - generation reset invalidates same-ID membership, filter/search/selection/code/history and late messages
  ---
  duration_ms: 1.137125
  type: 'test'
  ...
# Subtest: new filter browser validator requires supplied exact candidate and rejects synthetic evidence before execution
ok 337 - new filter browser validator requires supplied exact candidate and rejects synthetic evidence before execution
  ---
  duration_ms: 1.891709
  type: 'test'
  ...
# Subtest: new corpus is reproducible without any production imports
ok 338 - new corpus is reproducible without any production imports
  ---
  duration_ms: 3.984125
  type: 'test'
  ...
# Subtest: every authored dependency has an exact occurrence oracle; no expected edge is inferred by scanning names
ok 339 - every authored dependency has an exact occurrence oracle; no expected edge is inferred by scanning names
  ---
  duration_ms: 1.714125
  type: 'test'
  ...
# Subtest: A1 independently has six same-source queries, a semantic relationship and zero expected edges
ok 340 - A1 independently has six same-source queries, a semantic relationship and zero expected edges
  ---
  duration_ms: 0.095667
  type: 'test'
  ...
# Subtest: A2 five parameter arrows; A3 four result arrows; A6 exact boundary totals and >200 fanout
ok 341 - A2 five parameter arrows; A3 four result arrows; A6 exact boundary totals and >200 fanout
  ---
  duration_ms: 0.334708
  type: 'test'
  ...
# Subtest: A4 literal UTF-16 oracle protects repeated/escaped refs and CRLF bytes
ok 342 - A4 literal UTF-16 oracle protects repeated/escaped refs and CRLF bytes
  ---
  duration_ms: 0.946125
  type: 'test'
  ...
# Subtest: A7 contains intentional duplicate IDs, ambiguity, cycles, unavailable metadata; A8 reuses identities
ok 343 - A7 contains intentional duplicate IDs, ambiguity, cycles, unavailable metadata; A8 reuses identities
  ---
  duration_ms: 0.116917
  type: 'test'
  ...
# Subtest: graph oracle rejects invented SQL/relationship edges, reversal, missing inventory and duplicate UI IDs
ok 344 - graph oracle rejects invented SQL/relationship edges, reversal, missing inventory and duplicate UI IDs
  ---
  duration_ms: 0.53825
  type: 'test'
  ...
# Subtest: A4/A5/A6/A8 evidence oracles fail closed on missing or stale observations
ok 345 - A4/A5/A6/A8 evidence oracles fail closed on missing or stale observations
  ---
  duration_ms: 0.413833
  type: 'test'
  ...
# Subtest: A9 privacy oracle rejects exports of M, altered raw text, XSS and source requests
ok 346 - A9 privacy oracle rejects exports of M, altered raw text, XSS and source requests
  ---
  duration_ms: 0.478875
  type: 'test'
  ...
# Subtest: candidate gate rejects absent/short/exact rejected baseline SHA
ok 347 - candidate gate rejects absent/short/exact rejected baseline SHA
  ---
  duration_ms: 0.328375
  type: 'test'
  ...
# Subtest: browser receipt validator rejects synthetic/absent provenance before any acceptance
ok 348 - browser receipt validator rejects synthetic/absent provenance before any acceptance
  ---
  duration_ms: 1.231083
  type: 'test'
  ...
# Subtest: BIM independently authored inventory, exact text and states
ok 349 - BIM independently authored inventory, exact text and states
  ---
  duration_ms: 1.775833
  type: 'test'
  ...
# Subtest: TMDL independently authored inventory, exact text and states
ok 350 - TMDL independently authored inventory, exact text and states
  ---
  duration_ms: 2.934167
  type: 'test'
  ...
# Subtest: independent scope/lexical/dynamic oracle and cycles
ok 351 - independent scope/lexical/dynamic oracle and cycles
  ---
  duration_ms: 3.721333
  type: 'test'
  ...
# Subtest: snapshot analytical allowlist excludes all acceptance raw-code sentinels
ok 352 - snapshot analytical allowlist excludes all acceptance raw-code sentinels
  ---
  duration_ms: 0.319625
  type: 'test'
  ...
# Subtest: replacement metadata contains no previous query identities
ok 353 - replacement metadata contains no previous query identities
  ---
  duration_ms: 0.400375
  type: 'test'
  ...
# Subtest: serve.py answers the page: ping, browse, find, model, static files
ok 354 - serve.py answers the page: ping, browse, find, model, static files
  ---
  duration_ms: 106.16525
  type: 'test'
  ...
# Subtest: serve.py preserves raw fenced TMDL newlines and whitespace through metadata parsing
ok 355 - serve.py preserves raw fenced TMDL newlines and whitespace through metadata parsing
  ---
  duration_ms: 55.50125
  type: 'test'
  ...
# Subtest: serve.py refuses requests from other websites and never writes
ok 356 - serve.py refuses requests from other websites and never writes
  ---
  duration_ms: 59.031167
  type: 'test'
  ...
# Subtest: serve.py starts again on the same port right after it stopped
ok 357 - serve.py starts again on the same port right after it stopped
  ---
  duration_ms: 210.87675
  type: 'test'
  ...
# Subtest: offline startup restores graph without normal model, usage, repo or IDB access
ok 358 - offline startup restores graph without normal model, usage, repo or IDB access
  ---
  duration_ms: 7.106959
  type: 'test'
  ...
# Subtest: offline startup restores measures without normal model, usage, repo or IDB access
ok 359 - offline startup restores measures without normal model, usage, repo or IDB access
  ---
  duration_ms: 1.433209
  type: 'test'
  ...
# Subtest: offline startup restores clusters without normal model, usage, repo or IDB access
ok 360 - offline startup restores clusters without normal model, usage, repo or IDB access
  ---
  duration_ms: 1.233292
  type: 'test'
  ...
# Subtest: offline startup restores matrix without normal model, usage, repo or IDB access
ok 361 - offline startup restores matrix without normal model, usage, repo or IDB access
  ---
  duration_ms: 1.328625
  type: 'test'
  ...
# Subtest: offline startup preserves intentionally empty canvas membership and discards invalid focus
ok 362 - offline startup preserves intentionally empty canvas membership and discards invalid focus
  ---
  duration_ms: 0.9605
  type: 'test'
  ...
# Subtest: switching snapshot Domains and Tables retains each viewport and domain expansion positions
ok 363 - switching snapshot Domains and Tables retains each viewport and domain expansion positions
  ---
  duration_ms: 1.254834
  type: 'test'
  ...
# Subtest: an invalid embedded snapshot reports failure instead of falling back to fetch or repositories
ok 364 - an invalid embedded snapshot reports failure instead of falling back to fetch or repositories
  ---
  duration_ms: 0.950417
  type: 'test'
  ...
# Subtest: snapshot export reports progress, prevents duplicate saves and permits retry after failure
ok 365 - snapshot export reports progress, prevents duplicate saves and permits retry after failure
  ---
  duration_ms: 1.548
  type: 'test'
  ...
# Subtest: recipient UI keeps four analysis modes and Save snapshot but has no model switcher, import or PNG
ok 366 - recipient UI keeps four analysis modes and Save snapshot but has no model switcher, import or PNG
  ---
  duration_ms: 23.561042
  type: 'test'
  ...
# Subtest: Domains then Measures preserves table focus, expanded display, positions and camera for export
ok 367 - Domains then Measures preserves table focus, expanded display, positions and camera for export
  ---
  duration_ms: 1.516333
  type: 'test'
  ...
# Subtest: new table changes after returning from Domains replace the previously cached table view
ok 368 - new table changes after returning from Domains replace the previously cached table view
  ---
  duration_ms: 0.9
  type: 'test'
  ...
# Subtest: Matrix snapshot restores both scroll axes and caches them before leaving the view
ok 369 - Matrix snapshot restores both scroll axes and caches them before leaving the view
  ---
  duration_ms: 1.07
  type: 'test'
  ...
# Subtest: malformed Matrix scroll values are sanitized without affecting table state
ok 370 - malformed Matrix scroll values are sanitized without affecting table state
  ---
  duration_ms: 0.675959
  type: 'test'
  ...
# Subtest: direct measure navigation captures the latest table changes before changing modes
ok 371 - direct measure navigation captures the latest table changes before changing modes
  ---
  duration_ms: 0.726416
  type: 'test'
  ...
# Subtest: model serialization preserves analytical schema and exact DAX while excluding source secrets and unknown fields
ok 372 - model serialization preserves analytical schema and exact DAX while excluding source secrets and unknown fields
  ---
  duration_ms: 0.758208
  type: 'test'
  ...
# Subtest: blank workspace exports every table and measure, independent of visible membership and search
ok 373 - blank workspace exports every table and measure, independent of visible membership and search
  ---
  duration_ms: 1.357875
  type: 'test'
  ...
# Subtest: HTML embeds hostile DAX and Unicode losslessly without creating executable data scripts
ok 374 - HTML embeds hostile DAX and Unicode losslessly without creating executable data scripts
  ---
  duration_ms: 15.447
  type: 'test'
  ...
# Subtest: dollar replacement sequences remain literal in names, DAX, and the saved template
ok 375 - dollar replacement sequences remain literal in names, DAX, and the saved template
  ---
  duration_ms: 3.444209
  type: 'test'
  ...
# Subtest: HTML is self-contained and denies network requests through its content security policy
ok 376 - HTML is self-contained and denies network requests through its content security policy
  ---
  duration_ms: 2.566125
  type: 'test'
  ...
# Subtest: an exported snapshot can package its inline assets again without fetch or local asset paths
ok 377 - an exported snapshot can package its inline assets again without fetch or local asset paths
  ---
  duration_ms: 4.940125
  type: 'test'
  ...
# Subtest: unsupported versions and malformed embedded model data are rejected explicitly
ok 378 - unsupported versions and malformed embedded model data are rejected explicitly
  ---
  duration_ms: 0.526583
  type: 'test'
  ...
# Subtest: missing runtime assets abort export rather than creating an incomplete HTML file
ok 379 - missing runtime assets abort export rather than creating an incomplete HTML file
  ---
  duration_ms: 1.636417
  type: 'test'
  ...
# Subtest: memory storage never touches native storage and replaces all preferences between snapshots
ok 380 - memory storage never touches native storage and replaces all preferences between snapshots
  ---
  duration_ms: 0.636209
  type: 'test'
  ...
# Subtest: embedded payload switches to memory before application constructors read preferences
ok 381 - embedded payload switches to memory before application constructors read preferences
  ---
  duration_ms: 0.933958
  type: 'test'
  ...
# Subtest: invalid embedded payload remains isolated instead of falling back to recipient storage
ok 382 - invalid embedded payload remains isolated instead of falling back to recipient storage
  ---
  duration_ms: 0.685917
  type: 'test'
  ...
# Subtest: a bare `database` line (no inline name) does not read its own compatibilityLevel property as the name
ok 383 - a bare `database` line (no inline name) does not read its own compatibilityLevel property as the name
  ---
  duration_ms: 2.944834
  type: 'test'
  ...
# Subtest: an inline `database <Name>` line still parses correctly (older/common TMDL style)
ok 384 - an inline `database <Name>` line still parses correctly (older/common TMDL style)
  ---
  duration_ms: 0.936708
  type: 'test'
  ...
# Subtest: the repo fixture (inline database name) still parses to its real name
ok 385 - the repo fixture (inline database name) still parses to its real name
  ---
  duration_ms: 4.483375
  type: 'test'
  ...
# Subtest: names with an escaped apostrophe keep their measures and columns
ok 386 - names with an escaped apostrophe keep their measures and columns
  ---
  duration_ms: 0.825708
  type: 'test'
  ...
# Subtest: calculated columns, calculated tables and calculation items keep their DAX (TMDL)
ok 387 - calculated columns, calculated tables and calculation items keep their DAX (TMDL)
  ---
  duration_ms: 1.149958
  type: 'test'
  ...
# Subtest: calculated columns, calculated tables and calculation items keep their DAX (BIM)
ok 388 - calculated columns, calculated tables and calculation items keep their DAX (BIM)
  ---
  duration_ms: 0.823166
  type: 'test'
  ...
# Subtest: ``` fences around a multi-line measure are not part of its DAX
ok 389 - ``` fences around a multi-line measure are not part of its DAX
  ---
  duration_ms: 0.404917
  type: 'test'
  ...
# Subtest: unfence drops ``` fences that an older import left in a stored measure
ok 390 - unfence drops ``` fences that an older import left in a stored measure
  ---
  duration_ms: 0.329917
  type: 'test'
  ...
# usage-adapter.test.js: ok
# Subtest: ../tests/usage-adapter.test.js
ok 29 - ../tests/usage-adapter.test.js
  ---
  duration_ms: 23.35525
  type: 'test'
  ...
# Subtest: matrix updates immediately when table roles change without a model or count change
ok 392 - matrix updates immediately when table roles change without a model or count change
  ---
  duration_ms: 7.58675
  type: 'test'
  ...
# Subtest: a model with no fact tables has a covering empty state and working next actions
ok 393 - a model with no fact tables has a covering empty state and working next actions
  ---
  duration_ms: 0.84975
  type: 'test'
  ...
# Subtest: matrix is a semantic table and empty relationships are not focusable controls
ok 394 - matrix is a semantic table and empty relationships are not focusable controls
  ---
  duration_ms: 1.463292
  type: 'test'
  ...
# Subtest: table relationship tooltip escapes all model-supplied names
ok 395 - table relationship tooltip escapes all model-supplied names
  ---
  duration_ms: 1.033375
  type: 'test'
  ...
# Subtest: aggregated domain relationship tooltip escapes model-supplied names on hover
ok 396 - aggregated domain relationship tooltip escapes model-supplied names on hover
  ---
  duration_ms: 0.964417
  type: 'test'
  ...
# Subtest: switching away from Tables closes the inspector, and coming back reopens it on the same table
ok 397 - switching away from Tables closes the inspector, and coming back reopens it on the same table
  ---
  duration_ms: 0.624708
  type: 'test'
  ...
# Subtest: layered date-to-fact connection uses facing row edges and clears the item card
ok 398 - layered date-to-fact connection uses facing row edges and clears the item card
  ---
  duration_ms: 1.403084
  type: 'test'
  ...
# Subtest: expanded cards preserve column anchors while horizontal approaches avoid obstacles
ok 399 - expanded cards preserve column anchors while horizontal approaches avoid obstacles
  ---
  duration_ms: 0.950875
  type: 'test'
  ...
# Subtest: vertical obstacle detours retain endpoints and labels follow the routed segments
ok 400 - vertical obstacle detours retain endpoints and labels follow the routed segments
  ---
  duration_ms: 0.87675
  type: 'test'
  ...
# Subtest: fact ports are distinct and ordered by the other endpoint, regardless of metadata order
ok 401 - fact ports are distinct and ordered by the other endpoint, regardless of metadata order
  ---
  duration_ms: 0.753625
  type: 'test'
  ...
# Subtest: curved row connections leave and enter vertically with the correct label direction
ok 402 - curved row connections leave and enter vertically with the correct label direction
  ---
  duration_ms: 0.652125
  type: 'test'
  ...
# Subtest: each endpoint chooses its side independently for a diagonal layout
ok 403 - each endpoint chooses its side independently for a diagonal layout
  ---
  duration_ms: 3.920875
  type: 'test'
  ...
# Subtest: one table uses different sides for neighbors above, below, left and right
ok 404 - one table uses different sides for neighbors above, below, left and right
  ---
  duration_ms: 1.376333
  type: 'test'
  ...
# Subtest: a tiny relationship still provides a fallback arrow seat at the zoom floor
ok 405 - a tiny relationship still provides a fallback arrow seat at the zoom floor
  ---
  duration_ms: 1.062584
  type: 'test'
  ...
1..405
# tests 405
# suites 0
# pass 405
# fail 0
# cancelled 0
# skipped 0
# todo 0
# duration_ms 14381.28125
