TAP version 13
# Subtest: exact catalog Table.TransformColumnTypes cannot emit model reference
ok 1 - exact catalog Table.TransformColumnTypes cannot emit model reference
  ---
  duration_ms: 4.601875
  type: 'test'
  ...
# Subtest: model collision wins for Table.TransformColumnTypes
ok 2 - model collision wins for Table.TransformColumnTypes
  ---
  duration_ms: 0.387917
  type: 'test'
  ...
# Subtest: local and parameter shadow win for Table.TransformColumnTypes
ok 3 - local and parameter shadow win for Table.TransformColumnTypes
  ---
  duration_ms: 5.284042
  type: 'test'
  ...
# Subtest: exact catalog Int64.Type cannot emit model reference
ok 4 - exact catalog Int64.Type cannot emit model reference
  ---
  duration_ms: 0.331417
  type: 'test'
  ...
# Subtest: model collision wins for Int64.Type
ok 5 - model collision wins for Int64.Type
  ---
  duration_ms: 0.305625
  type: 'test'
  ...
# Subtest: local and parameter shadow win for Int64.Type
ok 6 - local and parameter shadow win for Int64.Type
  ---
  duration_ms: 0.82575
  type: 'test'
  ...
# Subtest: exact catalog Byte.Type cannot emit model reference
ok 7 - exact catalog Byte.Type cannot emit model reference
  ---
  duration_ms: 0.274792
  type: 'test'
  ...
# Subtest: model collision wins for Byte.Type
ok 8 - model collision wins for Byte.Type
  ---
  duration_ms: 0.252666
  type: 'test'
  ...
# Subtest: local and parameter shadow win for Byte.Type
ok 9 - local and parameter shadow win for Byte.Type
  ---
  duration_ms: 1.067792
  type: 'test'
  ...
# Subtest: exact catalog Int8.Type cannot emit model reference
ok 10 - exact catalog Int8.Type cannot emit model reference
  ---
  duration_ms: 0.462334
  type: 'test'
  ...
# Subtest: model collision wins for Int8.Type
ok 11 - model collision wins for Int8.Type
  ---
  duration_ms: 0.286584
  type: 'test'
  ...
# Subtest: local and parameter shadow win for Int8.Type
ok 12 - local and parameter shadow win for Int8.Type
  ---
  duration_ms: 0.79075
  type: 'test'
  ...
# Subtest: exact catalog Int16.Type cannot emit model reference
ok 13 - exact catalog Int16.Type cannot emit model reference
  ---
  duration_ms: 0.264291
  type: 'test'
  ...
# Subtest: model collision wins for Int16.Type
ok 14 - model collision wins for Int16.Type
  ---
  duration_ms: 0.2465
  type: 'test'
  ...
# Subtest: local and parameter shadow win for Int16.Type
ok 15 - local and parameter shadow win for Int16.Type
  ---
  duration_ms: 0.724833
  type: 'test'
  ...
# Subtest: exact catalog Int32.Type cannot emit model reference
ok 16 - exact catalog Int32.Type cannot emit model reference
  ---
  duration_ms: 0.226125
  type: 'test'
  ...
# Subtest: model collision wins for Int32.Type
ok 17 - model collision wins for Int32.Type
  ---
  duration_ms: 0.213208
  type: 'test'
  ...
# Subtest: local and parameter shadow win for Int32.Type
ok 18 - local and parameter shadow win for Int32.Type
  ---
  duration_ms: 0.633667
  type: 'test'
  ...
# Subtest: exact catalog Single.Type cannot emit model reference
ok 19 - exact catalog Single.Type cannot emit model reference
  ---
  duration_ms: 0.210875
  type: 'test'
  ...
# Subtest: model collision wins for Single.Type
ok 20 - model collision wins for Single.Type
  ---
  duration_ms: 0.212041
  type: 'test'
  ...
# Subtest: local and parameter shadow win for Single.Type
ok 21 - local and parameter shadow win for Single.Type
  ---
  duration_ms: 0.944834
  type: 'test'
  ...
# Subtest: exact catalog Double.Type cannot emit model reference
ok 22 - exact catalog Double.Type cannot emit model reference
  ---
  duration_ms: 0.246
  type: 'test'
  ...
# Subtest: model collision wins for Double.Type
ok 23 - model collision wins for Double.Type
  ---
  duration_ms: 0.228583
  type: 'test'
  ...
# Subtest: local and parameter shadow win for Double.Type
ok 24 - local and parameter shadow win for Double.Type
  ---
  duration_ms: 0.636625
  type: 'test'
  ...
# Subtest: exact catalog Decimal.Type cannot emit model reference
ok 25 - exact catalog Decimal.Type cannot emit model reference
  ---
  duration_ms: 0.217292
  type: 'test'
  ...
# Subtest: model collision wins for Decimal.Type
ok 26 - model collision wins for Decimal.Type
  ---
  duration_ms: 0.249958
  type: 'test'
  ...
# Subtest: local and parameter shadow win for Decimal.Type
ok 27 - local and parameter shadow win for Decimal.Type
  ---
  duration_ms: 0.912792
  type: 'test'
  ...
# Subtest: exact catalog Currency.Type cannot emit model reference
ok 28 - exact catalog Currency.Type cannot emit model reference
  ---
  duration_ms: 0.267125
  type: 'test'
  ...
# Subtest: model collision wins for Currency.Type
ok 29 - model collision wins for Currency.Type
  ---
  duration_ms: 0.246083
  type: 'test'
  ...
# Subtest: local and parameter shadow win for Currency.Type
ok 30 - local and parameter shadow win for Currency.Type
  ---
  duration_ms: 0.660333
  type: 'test'
  ...
# Subtest: exact catalog Percentage.Type cannot emit model reference
ok 31 - exact catalog Percentage.Type cannot emit model reference
  ---
  duration_ms: 0.222458
  type: 'test'
  ...
# Subtest: model collision wins for Percentage.Type
ok 32 - model collision wins for Percentage.Type
  ---
  duration_ms: 0.46075
  type: 'test'
  ...
# Subtest: local and parameter shadow win for Percentage.Type
ok 33 - local and parameter shadow win for Percentage.Type
  ---
  duration_ms: 0.6525
  type: 'test'
  ...
# Subtest: exact catalog Guid.Type cannot emit model reference
ok 34 - exact catalog Guid.Type cannot emit model reference
  ---
  duration_ms: 0.224791
  type: 'test'
  ...
# Subtest: model collision wins for Guid.Type
ok 35 - model collision wins for Guid.Type
  ---
  duration_ms: 0.217375
  type: 'test'
  ...
# Subtest: local and parameter shadow win for Guid.Type
ok 36 - local and parameter shadow win for Guid.Type
  ---
  duration_ms: 0.612667
  type: 'test'
  ...
# Subtest: uncatalogued exact spelling remains uncertainty table.TransformColumnTypes
ok 37 - uncatalogued exact spelling remains uncertainty table.TransformColumnTypes
  ---
  duration_ms: 0.289
  type: 'test'
  ...
# Subtest: uncatalogued exact spelling remains uncertainty Table.TransformColumnTypesX
ok 38 - uncatalogued exact spelling remains uncertainty Table.TransformColumnTypesX
  ---
  duration_ms: 0.203292
  type: 'test'
  ...
# Subtest: uncatalogued exact spelling remains uncertainty Int64.TypeX
ok 39 - uncatalogued exact spelling remains uncertainty Int64.TypeX
  ---
  duration_ms: 0.207
  type: 'test'
  ...
# Subtest: uncatalogued exact spelling remains uncertainty int64.Type
ok 40 - uncatalogued exact spelling remains uncertainty int64.Type
  ---
  duration_ms: 0.202708
  type: 'test'
  ...
# Subtest: uncatalogued exact spelling remains uncertainty Table.SelectRows
ok 41 - uncatalogued exact spelling remains uncertainty Table.SelectRows
  ---
  duration_ms: 0.202292
  type: 'test'
  ...
# Subtest: uncatalogued exact spelling remains uncertainty Unknown.Library
ok 42 - uncatalogued exact spelling remains uncertainty Unknown.Library
  ---
  duration_ms: 0.205166
  type: 'test'
  ...
# Subtest: uncatalogued exact spelling remains uncertainty Number.Type
ok 43 - uncatalogued exact spelling remains uncertainty Number.Type
  ---
  duration_ms: 0.19375
  type: 'test'
  ...
# Subtest: quoted repeated CRLF UTF16 references resolve twice, function shadow does not
not ok 44 - quoted repeated CRLF UTF16 references resolve twice, function shadow does not
  ---
  duration_ms: 1.8725
  type: 'test'
  location: '/Users/przemek.harazny/.t3/worktrees/Semantic-Model-Viewer/test-pq-redesign-independent-20261008/tests/pq-redesign-independent-round9-analysis.test.cjs:12:1'
  failureType: 'testCodeFailure'
  error: |-
    Expected values to be strictly deep-equal:
    + actual - expected
    
      [
        {
          at: 22,
    +     end: 35,
    -     end: 34,
          id: '["expression","","Int64.Type"]',
          name: 'Int64.Type'
        },
        {
          at: 41,
    +     end: 54,
    -     end: 53,
          id: '["expression","","Int64.Type"]',
          name: 'Int64.Type'
        }
      ]
    
  code: 'ERR_ASSERTION'
  name: 'AssertionError'
  expected:
    0:
      id: '["expression","","Int64.Type"]'
      name: 'Int64.Type'
      at: 22
      end: 34
    1:
      id: '["expression","","Int64.Type"]'
      name: 'Int64.Type'
      at: 41
      end: 53
  actual:
    0:
      id: '["expression","","Int64.Type"]'
      name: 'Int64.Type'
      at: 22
      end: 35
    1:
      id: '["expression","","Int64.Type"]'
      name: 'Int64.Type'
      at: 41
      end: 54
  operator: 'deepStrictEqual'
  stack: |-
    TestContext.<anonymous> (/Users/przemek.harazny/.t3/worktrees/Semantic-Model-Viewer/test-pq-redesign-independent-20261008/tests/pq-redesign-independent-round9-analysis.test.cjs:12:262)
    Test.runInAsyncScope (node:async_hooks:214:14)
    Test.run (node:internal/test_runner/test:1047:25)
    Test.processPendingSubtests (node:internal/test_runner/test:744:18)
    Test.postRun (node:internal/test_runner/test:1173:19)
    Test.run (node:internal/test_runner/test:1101:12)
    async Test.processPendingSubtests (node:internal/test_runner/test:744:7)
  ...
# Subtest: duplicate model names, identities and table partitions never fall through to catalog
ok 45 - duplicate model names, identities and table partitions never fall through to catalog
  ---
  duration_ms: 0.978375
  type: 'test'
  ...
# Subtest: one model partition wins over language name
ok 46 - one model partition wins over language name
  ---
  duration_ms: 0.246959
  type: 'test'
  ...
# Subtest: exclusive initialization and duplicate local bindings remain uncertainty
ok 47 - exclusive initialization and duplicate local bindings remain uncertainty
  ---
  duration_ms: 0.489625
  type: 'test'
  ...
# Subtest: mixed standard, dynamic and unknown remain separately classified without guessed edges
ok 48 - mixed standard, dynamic and unknown remain separately classified without guessed edges
  ---
  duration_ms: 0.32625
  type: 'test'
  ...
# Subtest: incomplete/non-M/missing never leak successful catalog classification
ok 49 - incomplete/non-M/missing never leak successful catalog classification
  ---
  duration_ms: 1.381167
  type: 'test'
  ...
# Subtest: graph forwards opaque uncertainty strings, with no text-based classification
ok 50 - graph forwards opaque uncertainty strings, with no text-based classification
  ---
  duration_ms: 0.378875
  type: 'test'
  ...
# Subtest: model graph IDs, edges and every exact occurrence equal prior runtime despite informational issue change
ok 51 - model graph IDs, edges and every exact occurrence equal prior runtime despite informational issue change
  ---
  duration_ms: 2.999375
  type: 'test'
  ...
1..51
# tests 51
# suites 0
# pass 50
# fail 1
# cancelled 0
# skipped 0
# todo 0
# duration_ms 82.8
