TAP version 13
# Subtest: entire registry is initially laid out including disconnected/status/duplicate display IDs
ok 1 - entire registry is initially laid out including disconnected/status/duplicate display IDs
  ---
  duration_ms: 4.1545
  type: 'test'
  ...
# Subtest: zero-edge model is complete and supplied cycle components are grouped
ok 2 - zero-edge model is complete and supplied cycle components are grouped
  ---
  duration_ms: 1.493
  type: 'test'
  ...
# Subtest: visibility is silent induced-edge projection; matches only dim; hidden selection/minimap remain explicit
ok 3 - visibility is silent induced-edge projection; matches only dim; hidden selection/minimap remain explicit
  ---
  duration_ms: 2.106167
  type: 'test'
  ...
# Subtest: empty projection does not discard complete model or auto-fit
ok 4 - empty projection does not discard complete model or auto-fit
  ---
  duration_ms: 0.851375
  type: 'test'
  ...
# Subtest: pan threshold distinguishes blank click from drag; node drag is layout only
ok 5 - pan threshold distinguishes blank click from drag; node drag is layout only
  ---
  duration_ms: 1.32725
  type: 'test'
  ...
# Subtest: wheel/pinch keep gesture anchor fixed and have finite positive scale
ok 6 - wheel/pinch keep gesture anchor fixed and have finite positive scale
  ---
  duration_ms: 1.192
  type: 'test'
  ...
# Subtest: provided-host keyboard fallback pans; node arrows rove/Enter selects; input shortcuts ignored
ok 7 - provided-host keyboard fallback pans; node arrows rove/Enter selects; input shortcuts ignored
  ---
  duration_ms: 1.014375
  type: 'test'
  ...
# Subtest: queued resize after explicit Back viewport restore cannot translate or notify
ok 8 - queued resize after explicit Back viewport restore cannot translate or notify
  ---
  duration_ms: 1.259333
  type: 'test'
  ...
# Subtest: edge callback uses host CSS anchor and full stable edge ID
ok 9 - edge callback uses host CSS anchor and full stable edge ID
  ---
  duration_ms: 1.852292
  type: 'test'
  ...
# Subtest: layout captures cannot restore into another generation with coincident IDs
ok 10 - layout captures cannot restore into another generation with coincident IDs
  ---
  duration_ms: 1.115458
  type: 'test'
  ...
# Subtest: same-generation updates/layout restores preserve view; generation/null clears filters and old gestures
ok 11 - same-generation updates/layout restores preserve view; generation/null clears filters and old gestures
  ---
  duration_ms: 1.895416
  type: 'test'
  ...
# Subtest: 300/301/350/1000 registries and parameter fanout retain last object without caps
ok 12 - 300/301/350/1000 registries and parameter fanout retain last object without caps
  ---
  duration_ms: 72.453917
  type: 'test'
  ...
# Subtest: search and focus dim independently without hiding membership or mutating registry
ok 13 - search and focus dim independently without hiding membership or mutating registry
  ---
  duration_ms: 1.28025
  type: 'test'
  ...
# Subtest: explicit Arrange touches only visible requested positions and is silent, registry preserving and undoable
ok 14 - explicit Arrange touches only visible requested positions and is silent, registry preserving and undoable
  ---
  duration_ms: 0.78975
  type: 'test'
  ...
# Subtest: minimap nodes, induced edges and bounds use only rendered IDs; empty stays honest and registry survives
ok 15 - minimap nodes, induced edges and bounds use only rendered IDs; empty stays honest and registry survives
  ---
  duration_ms: 0.769125
  type: 'test'
  ...
# Subtest: Center genuinely centers already-visible nodes at pan/zoom and side/below/resized host bounds
ok 16 - Center genuinely centers already-visible nodes at pan/zoom and side/below/resized host bounds
  ---
  duration_ms: 0.823667
  type: 'test'
  ...
# Subtest: blank/add repositions far-away new members near current view collision-free, preserves other manual positions and Undo
ok 17 - blank/add repositions far-away new members near current view collision-free, preserves other manual positions and Undo
  ---
  duration_ms: 0.84675
  type: 'test'
  ...
# Subtest: narrow side canvas prefers a visible vertical neighbor; collisions preserve the manual anchor
ok 18 - narrow side canvas prefers a visible vertical neighbor; collisions preserve the manual anchor
  ---
  duration_ms: 0.676708
  type: 'test'
  ...
# Subtest: straight routes retain input-to-consumer endpoints after reversal, stacking and self cycles; hit path follows geometry
ok 19 - straight routes retain input-to-consumer endpoints after reversal, stacking and self cycles; hit path follows geometry
  ---
  duration_ms: 0.9635
  type: 'test'
  ...
# Subtest: straight long links detour around visible intervening cards and simplify when the obstacle is hidden
ok 20 - straight long links detour around visible intervening cards and simplify when the obstacle is hidden
  ---
  duration_ms: 0.631875
  type: 'test'
  ...
# Subtest: reciprocal edges have independent 14px hit corridors in every orientation and after the reported drag
ok 21 - reciprocal edges have independent 14px hit corridors in every orientation and after the reported drag
  ---
  duration_ms: 1.905417
  type: 'test'
  ...
# Subtest: flow target and inspected branch are independent of selection and never mutate routes or positions
ok 22 - flow target and inspected branch are independent of selection and never mutate routes or positions
  ---
  duration_ms: 0.904416
  type: 'test'
  ...
# Subtest: opening and resizing either inspector dock preserves numeric pan/zoom and every node position
ok 23 - opening and resizing either inspector dock preserves numeric pan/zoom and every node position
  ---
  duration_ms: 0.583833
  type: 'test'
  ...
# Subtest: explicit center is repeatable in the clipped visible canvas frame
ok 24 - explicit center is repeatable in the clipped visible canvas frame
  ---
  duration_ms: 1.155917
  type: 'test'
  ...
# Subtest: quoted identifiers decode escapes; strings and comments never create edges
ok 25 - quoted identifiers decode escapes; strings and comments never create edges
  ---
  duration_ms: 4.40375
  type: 'test'
  ...
# Subtest: let forward references, nested sibling scopes and quoted shadowing
ok 26 - let forward references, nested sibling scopes and quoted shadowing
  ---
  duration_ms: 0.908125
  type: 'test'
  ...
# Subtest: exclusive initialization is explicit, inclusive recursive references are local
ok 27 - exclusive initialization is explicit, inclusive recursive references are local
  ---
  duration_ms: 2.172833
  type: 'test'
  ...
# Subtest: typed functions and each do not shadow sibling arguments or branches
ok 28 - typed functions and each do not shadow sibling arguments or branches
  ---
  duration_ms: 1.486125
  type: 'test'
  ...
# Subtest: record generalized fields, projection, item access and type names
ok 29 - record generalized fields, projection, item access and type names
  ---
  duration_ms: 1.012833
  type: 'test'
  ...
# Subtest: dynamic, unresolved, library and malformed inputs remain explicit
ok 30 - dynamic, unresolved, library and malformed inputs remain explicit
  ---
  duration_ms: 2.541667
  type: 'test'
  ...
# Subtest: table names resolve rather than partition names; ambiguous identities never resolve
ok 31 - table names resolve rather than partition names; ambiguous identities never resolve
  ---
  duration_ms: 0.3715
  type: 'test'
  ...
# Subtest: graph exposes direct edges, cycle components and disconnected nodes without mutation
ok 32 - graph exposes direct edges, cycle components and disconnected nodes without mutation
  ---
  duration_ms: 0.681709
  type: 'test'
  ...
# Subtest: depth limits are explicit and do not throw to consumers
ok 33 - depth limits are explicit and do not throw to consumers
  ---
  duration_ms: 0.667542
  type: 'test'
  ...
# Subtest: render provides safe clickable code navigation and visible uncertainty in its host
ok 34 - render provides safe clickable code navigation and visible uncertainty in its host
  ---
  duration_ms: 0.693209
  type: 'test'
  ...
# Subtest: missing/non-M targets remain navigable and every result retains partial status
ok 35 - missing/non-M targets remain navigable and every result retains partial status
  ---
  duration_ms: 0.347334
  type: 'test'
  ...
# Subtest: render exposes cycles and replaces the old host contents on navigation
ok 36 - render exposes cycles and replaces the old host contents on navigation
  ---
  duration_ms: 0.368584
  type: 'test'
  ...
# Subtest: documented M names do not masquerade as missing queries; unknown model names remain explicit
ok 37 - documented M names do not masquerade as missing queries; unknown model names remain explicit
  ---
  duration_ms: 2.94075
  type: 'test'
  ...
# Subtest: complete inventory includes disconnected objects, explicit partitions and status-only tables
ok 38 - complete inventory includes disconnected objects, explicit partitions and status-only tables
  ---
  duration_ms: 4.338
  type: 'test'
  ...
# Subtest: merge/append static inputs reverse legacy direction exactly once with all occurrences
ok 39 - merge/append static inputs reverse legacy direction exactly once with all occurrences
  ---
  duration_ms: 0.968292
  type: 'test'
  ...
# Subtest: SQL source literals, semantic relationships and partition ownership never create edges
ok 40 - SQL source literals, semantic relationships and partition ownership never create edges
  ---
  duration_ms: 1.0385
  type: 'test'
  ...
# Subtest: complete parameter fanout and final disconnected object survive all requested thresholds
ok 41 - complete parameter fanout and final disconnected object survive all requested thresholds
  ---
  duration_ms: 188.715292
  type: 'test'
  ...
# Subtest: duplicate IDs retain every row with stable collision-safe UI identity and no guessed edges
ok 42 - duplicate IDs retain every row with stable collision-safe UI identity and no guessed edges
  ---
  duration_ms: 1.174959
  type: 'test'
  ...
# Subtest: duplicate names, multipartition names and same-named expression/table remain ambiguous
ok 43 - duplicate names, multipartition names and same-named expression/table remain ambiguous
  ---
  duration_ms: 0.81675
  type: 'test'
  ...
# Subtest: local shadowing, malformed code and placeholders never invent edges; legacy synthetic _ is reported
ok 44 - local shadowing, malformed code and placeholders never invent edges; legacy synthetic _ is reported
  ---
  duration_ms: 0.523
  type: 'test'
  ...
# Subtest: missing/non-M referenced metadata keeps valid static name edges, but contributes no outgoing analysis
ok 45 - missing/non-M referenced metadata keeps valid static name edges, but contributes no outgoing analysis
  ---
  duration_ms: 0.549917
  type: 'test'
  ...
# Subtest: stable cycles use only emitted edges and handle long whole-model paths without legacy cycle cap
ok 46 - stable cycles use only emitted edges and handle long whole-model paths without legacy cycle cap
  ---
  duration_ms: 140.681417
  type: 'test'
  ...
# Subtest: unavailable model metadata produces status inventory without retaining earlier model state
ok 47 - unavailable model metadata produces status inventory without retaining earlier model state
  ---
  duration_ms: 0.757416
  type: 'test'
  ...
# Subtest: cancellation and model-switch/destroy generation gate suppress progress and result publication
ok 48 - cancellation and model-switch/destroy generation gate suppress progress and result publication
  ---
  duration_ms: 0.640833
  type: 'test'
  ...
# Subtest: cancellation from final progress callback still prevents completed graph return
ok 49 - cancellation from final progress callback still prevents completed graph return
  ---
  duration_ms: 0.325208
  type: 'test'
  ...
# Subtest: same-model metadata replacement during progress cancels the old graph
ok 50 - same-model metadata replacement during progress cancels the old graph
  ---
  duration_ms: 0.469583
  type: 'test'
  ...
# Subtest: exact CRLF/quoted/repeated/non-BMP source slices are separate from numbered gutter; Copy original source
ok 51 - exact CRLF/quoted/repeated/non-BMP source slices are separate from numbered gutter; Copy original source
  ---
  duration_ms: 6.430667
  type: 'test'
  ...
# Subtest: invalid/overlapping/missing-target spans never create guessed links
ok 52 - invalid/overlapping/missing-target spans never create guessed links
  ---
  duration_ms: 2.996292
  type: 'test'
  ...
# Subtest: opaque uncertainty is neutral disclosure; presentation diagnostics are review; no regex classification
ok 53 - opaque uncertainty is neutral disclosure; presentation diagnostics are review; no regex classification
  ---
  duration_ms: 0.616958
  type: 'test'
  ...
# Subtest: duplicate graph IDs select exactly supplied rows; status rows have no invented M
ok 54 - duplicate graph IDs select exactly supplied rows; status rows have no invented M
  ---
  duration_ms: 1.09525
  type: 'test'
  ...
# Subtest: capture/restore contains both scroll axes, wrap and stable occurrence descriptor
ok 55 - capture/restore contains both scroll axes, wrap and stable occurrence descriptor
  ---
  duration_ms: 0.960708
  type: 'test'
  ...
# Subtest: new selection, same-ID select, close, suspend, reset and destroy cancel queued restores
ok 56 - new selection, same-ID select, close, suspend, reset and destroy cancel queued restores
  ---
  duration_ms: 4.059041
  type: 'test'
  ...
# Subtest: newer restore/direct focus wins within same generation
ok 57 - newer restore/direct focus wins within same generation
  ---
  duration_ms: 1.163458
  type: 'test'
  ...
# Subtest: same-generation context and hide/reopen preserve view; generation reset clears hidden source and callbacks
ok 58 - same-generation context and hide/reopen preserve view; generation reset clears hidden source and callbacks
  ---
  duration_ms: 0.6875
  type: 'test'
  ...
# Subtest: clipboard completion after close/reopen or reset cannot repaint code/status
ok 59 - clipboard completion after close/reopen or reset cannot repaint code/status
  ---
  duration_ms: 0.704875
  type: 'test'
  ...
# Subtest: focus controls emit only generation/selected-ID actions; Infinity serializes without changing source/view
ok 60 - focus controls emit only generation/selected-ID actions; Infinity serializes without changing source/view
  ---
  duration_ms: 1.276667
  type: 'test'
  ...
# Subtest: history restores focused controls by descriptor and never keeps old control DOM
ok 61 - history restores focused controls by descriptor and never keeps old control DOM
  ---
  duration_ms: 0.60925
  type: 'test'
  ...
# Subtest: Back retains strict 325px scroll with always-visible options; unrelated disclosures stay closed
ok 62 - Back retains strict 325px scroll with always-visible options; unrelated disclosures stay closed
  ---
  duration_ms: 1.160625
  type: 'test'
  ...
# Subtest: all four optional disclosure combinations restore exact scroll and booleans across source selection
ok 63 - all four optional disclosure combinations restore exact scroll and booleans across source selection
  ---
  duration_ms: 3.849583
  type: 'test'
  ...
# Subtest: legacy and partial disclosure state leave absent, invalid and unknown sections untouched
ok 64 - legacy and partial disclosure state leave absent, invalid and unknown sections untouched
  ---
  duration_ms: 1.180083
  type: 'test'
  ...
# Subtest: restored primary focus preserves scroll, and focus-triggered navigation cannot receive old scroll
ok 65 - restored primary focus preserves scroll, and focus-triggered navigation cannot receive old scroll
  ---
  duration_ms: 0.660083
  type: 'test'
  ...
# Subtest: stale disclosure restores cannot reopen prior or current source after any lifecycle cancellation
ok 66 - stale disclosure restores cannot reopen prior or current source after any lifecycle cancellation
  ---
  duration_ms: 3.528042
  type: 'test'
  ...
# Subtest: primary neighborhood controls stay visible, default wrap is true and explicit saved false survives history
ok 67 - primary neighborhood controls stay visible, default wrap is true and explicit saved false survives history
  ---
  duration_ms: 0.796583
  type: 'test'
  ...
# Subtest: expanded reader moves exact code DOM, copies original CRLF/UTF16 source, Escape closes reader first and returns focus
ok 68 - expanded reader moves exact code DOM, copies original CRLF/UTF16 source, Escape closes reader first and returns focus
  ---
  duration_ms: 0.750792
  type: 'test'
  ...
# Subtest: expanded history restores source focus/scroll and cannot reopen after stale lifecycle work
ok 69 - expanded history restores source focus/scroll and cannot reopen after stale lifecycle work
  ---
  duration_ms: 2.809625
  type: 'test'
  ...
# Subtest: reader keyboard boundary stays inside, and native-dialog autofocus navigation cancels old view restore
ok 70 - reader keyboard boundary stays inside, and native-dialog autofocus navigation cancels old view restore
  ---
  duration_ms: 1.328125
  type: 'test'
  ...
# Subtest: full-query entry precedes all focus controls and source without duplicating or reformatting code
ok 71 - full-query entry precedes all focus controls and source without duplicating or reformatting code
  ---
  duration_ms: 1.67375
  type: 'test'
  ...
# Subtest: direct input and consumer buttons emit supplied IDs without requiring or inventing source ranges
ok 72 - direct input and consumer buttons emit supplied IDs without requiring or inventing source ranges
  ---
  duration_ms: 0.571542
  type: 'test'
  ...
# Subtest: declined restoration ownership preserves newer focus, scroll and disclosures
ok 73 - declined restoration ownership preserves newer focus, scroll and disclosures
  ---
  duration_ms: 0.446083
  type: 'test'
  ...
# Subtest: every repeated occurrence retains exact quoted spelling and UTF-16 end-exclusive range
ok 74 - every repeated occurrence retains exact quoted spelling and UTF-16 end-exclusive range
  ---
  duration_ms: 4.764709
  type: 'test'
  ...
# Subtest: scope walk excludes locals, parameters, fields, comments and strings while retaining sibling refs
ok 75 - scope walk excludes locals, parameters, fields, comments and strings while retaining sibling refs
  ---
  duration_ms: 1.580125
  type: 'test'
  ...
# Subtest: explicit inclusive global token range excludes the @ punctuation
ok 76 - explicit inclusive global token range excludes the @ punctuation
  ---
  duration_ms: 0.35625
  type: 'test'
  ...
# Subtest: ambiguous names, duplicate IDs and multipartition tables do not produce ranges
ok 77 - ambiguous names, duplicate IDs and multipartition tables do not produce ranges
  ---
  duration_ms: 0.389458
  type: 'test'
  ...
# Subtest: malformed and unavailable expressions clear both outputs
ok 78 - malformed and unavailable expressions clear both outputs
  ---
  duration_ms: 3.552
  type: 'test'
  ...
# Subtest: synthetic implicit _ remains legacy-only; real _ still has a source range
ok 79 - synthetic implicit _ remains legacy-only; real _ still has a source range
  ---
  duration_ms: 0.736042
  type: 'test'
  ...
# Subtest: legacy graph edge schema, direction and dedup remain unchanged
ok 80 - legacy graph edge schema, direction and dedup remain unchanged
  ---
  duration_ms: 0.743583
  type: 'test'
  ...
# Subtest: positional mapping keeps duplicate rows distinct; no metadata ID overwrite
ok 81 - positional mapping keeps duplicate rows distinct; no metadata ID overwrite
  ---
  duration_ms: 4.1635
  type: 'test'
  ...
# Subtest: connectivity uses complete resolved incident edges, including parameter/status rows without relations
ok 82 - connectivity uses complete resolved incident edges, including parameter/status rows without relations
  ---
  duration_ms: 1.813417
  type: 'test'
  ...
# Subtest: ranges are authoritative UTF16 slices and invalid/overlapping spans never become links
ok 83 - ranges are authoritative UTF16 slices and invalid/overlapping spans never become links
  ---
  duration_ms: 0.682667
  type: 'test'
  ...
# Subtest: identity gates reject model/metadata replacement, revision changes and duplicate reorder
ok 84 - identity gates reject model/metadata replacement, revision changes and duplicate reorder
  ---
  duration_ms: 0.717875
  type: 'test'
  ...
# Subtest: worker executes canonical build in isolated context, emits atomic graph and job-bound progress
ok 85 - worker executes canonical build in isolated context, emits atomic graph and job-bound progress
  ---
  duration_ms: 2.257417
  type: 'test'
  ...
# Subtest: excluded reference clears filters; Back restores filters/view/scroll without Fit/reveal
ok 86 - excluded reference clears filters; Back restores filters/view/scroll without Fit/reveal
  ---
  duration_ms: 0.86575
  type: 'test'
  ...
# Subtest: matching library selection retains search; Show all preserves selected object and does not Fit
ok 87 - matching library selection retains search; Show all preserves selected object and does not Fit
  ---
  duration_ms: 0.549292
  type: 'test'
  ...
# Subtest: late navigation callbacks fail generation and source identity gates
ok 88 - late navigation callbacks fail generation and source identity gates
  ---
  duration_ms: 0.442041
  type: 'test'
  ...
# Subtest: real scheduler cancellation terminates worker and rejects queued old-generation graph messages
ok 89 - real scheduler cancellation terminates worker and rejects queued old-generation graph messages
  ---
  duration_ms: 17.963916
  type: 'test'
  ...
# Subtest: worker unavailable produces explicit error with no synchronous analysis fallback
ok 90 - worker unavailable produces explicit error with no synchronous analysis fallback
  ---
  duration_ms: 16.247458
  type: 'test'
  ...
# Subtest: model replaced while runtime assets load cannot launch or publish an old worker
ok 91 - model replaced while runtime assets load cannot launch or publish an old worker
  ---
  duration_ms: 32.002792
  type: 'test'
  ...
# Subtest: Back deferred focus cannot override a newer same-generation navigation
ok 92 - Back deferred focus cannot override a newer same-generation navigation
  ---
  duration_ms: 0.847666
  type: 'test'
  ...
# Subtest: terminal worker error invalidates queued ready publication and retained lookup
ok 93 - terminal worker error invalidates queued ready publication and retained lookup
  ---
  duration_ms: 16.075083
  type: 'test'
  ...
# Subtest: peer tab suspension happens only on transitions and preserves same-model context
ok 94 - peer tab suspension happens only on transitions and preserves same-model context
  ---
  duration_ms: 0.6055
  type: 'test'
  ...
# Subtest: Reset filters restores exact viewport after banner layout, preserving selection inspector and history
ok 95 - Reset filters restores exact viewport after banner layout, preserving selection inspector and history
  ---
  duration_ms: 0.824833
  type: 'test'
  ...
# Subtest: Reset filters does not restore an old viewport after replacement or newer navigation
ok 96 - Reset filters does not restore an old viewport after replacement or newer navigation
  ---
  duration_ms: 0.941208
  type: 'test'
  ...
# Subtest: inspector resize changes independent orientation dimensions and clamps practical bounds
ok 97 - inspector resize changes independent orientation dimensions and clamps practical bounds
  ---
  duration_ms: 0.540916
  type: 'test'
  ...
# Subtest: membership/category/focus/search stay distinct and traversals bound cycles
ok 98 - membership/category/focus/search stay distinct and traversals bound cycles
  ---
  duration_ms: 0.565875
  type: 'test'
  ...
# Subtest: remove and blank affect layout only; Undo and Back restore separate state without source mutation
ok 99 - remove and blank affect layout only; Undo and Back restore separate state without source mutation
  ---
  duration_ms: 0.59625
  type: 'test'
  ...
# Subtest: layout Undo is bounded and model replacement invalidates either restoration
ok 100 - layout Undo is bounded and model replacement invalidates either restoration
  ---
  duration_ms: 0.507875
  type: 'test'
  ...
# Subtest: table entry uses exact association and never chooses a multipartition default
ok 101 - table entry uses exact association and never chooses a multipartition default
  ---
  duration_ms: 0.749042
  type: 'test'
  ...
# Subtest: Back restores viewport after the final hidden-selection banner layout
ok 102 - Back restores viewport after the final hidden-selection banner layout
  ---
  duration_ms: 0.502042
  type: 'test'
  ...
# Subtest: Back finalizes controls before restoring disclosure and scroll state
ok 103 - Back finalizes controls before restoring disclosure and scroll state
  ---
  duration_ms: 0.443666
  type: 'test'
  ...
# Subtest: group filtering uses exact metadata and persists opaquely through Back and reset
ok 104 - group filtering uses exact metadata and persists opaquely through Back and reset
  ---
  duration_ms: 0.449167
  type: 'test'
  ...
# Subtest: new membership requests placement once, preserves other members and explicit drop coordinates
ok 105 - new membership requests placement once, preserves other members and explicit drop coordinates
  ---
  duration_ms: 0.463
  type: 'test'
  ...
# Subtest: Center selected dispatches genuine center only for a current visible selection
ok 106 - Center selected dispatches genuine center only for a current visible selection
  ---
  duration_ms: 0.464208
  type: 'test'
  ...
# Subtest: group-only metadata changes invalidate captured workspace identity
ok 107 - group-only metadata changes invalidate captured workspace identity
  ---
  duration_ms: 0.356667
  type: 'test'
  ...
# Subtest: flow branch follows only directed resolved paths, excludes merge siblings and terminates cycles
ok 108 - flow branch follows only directed resolved paths, excludes merge siblings and terminates cycles
  ---
  duration_ms: 1.143167
  type: 'test'
  ...
# Subtest: inspecting a reference retains flow root and direction; Back and layout Undo restore root independently
ok 109 - inspecting a reference retains flow root and direction; Back and layout Undo restore root independently
  ---
  duration_ms: 0.739375
  type: 'test'
  ...
# Subtest: first query establishes an all-depth flow and new generation clears it
ok 110 - first query establishes an all-depth flow and new generation clears it
  ---
  duration_ms: 0.785791
  type: 'test'
  ...
# Subtest: Arrange enables Undo immediately even when it was previously disabled
ok 111 - Arrange enables Undo immediately even when it was previously disabled
  ---
  duration_ms: 0.466459
  type: 'test'
  ...
# Subtest: adding the first object to a blank layout establishes its flow target
ok 112 - adding the first object to a blank layout establishes its flow target
  ---
  duration_ms: 0.445041
  type: 'test'
  ...
# Subtest: silent restoration refreshes displayed zoom from accepted canvas state, for every shell restore path
ok 113 - silent restoration refreshes displayed zoom from accepted canvas state, for every shell restore path
  ---
  duration_ms: 0.849584
  type: 'test'
  ...
# Subtest: late Undo restoration cannot replace a newer navigation zoom or label
ok 114 - late Undo restoration cannot replace a newer navigation zoom or label
  ---
  duration_ms: 0.608625
  type: 'test'
  ...
# Subtest: long flow auto framing keeps all membership/positions and centers the selected or supplied terminal node
ok 115 - long flow auto framing keeps all membership/positions and centers the selected or supplied terminal node
  ---
  duration_ms: 0.511167
  type: 'test'
  ...
# Subtest: automatic framing exposes the title inside actual zoomed viewport without changing canvas coordinates
ok 116 - automatic framing exposes the title inside actual zoomed viewport without changing canvas coordinates
  ---
  duration_ms: 0.501459
  type: 'test'
  ...
# Subtest: pending Back and Undo yield inspector focus and late viewport writes to newer input
ok 117 - pending Back and Undo yield inspector focus and late viewport writes to newer input
  ---
  duration_ms: 3.72525
  type: 'test'
  ...
# Subtest: uninterrupted Back retains full restore and exact below-dock scroll; ownership listeners are released
ok 118 - uninterrupted Back retains full restore and exact below-dock scroll; ownership listeners are released
  ---
  duration_ms: 0.563125
  type: 'test'
  ...
# Subtest: ordinary inspection preserves pan/zoom and scroll while deliberate follow still reveals; Back restores root
ok 119 - ordinary inspection preserves pan/zoom and scroll while deliberate follow still reveals; Back restores root
  ---
  duration_ms: 0.508
  type: 'test'
  ...
# Subtest: dock preference persists source-free geometry and survives model invalidation
ok 120 - dock preference persists source-free geometry and survives model invalidation
  ---
  duration_ms: 0.6785
  type: 'test'
  ...
1..120
# tests 120
# suites 0
# pass 120
# fail 0
# cancelled 0
# skipped 0
# todo 0
# duration_ms 380.646917
