TAP version 13
# Subtest: entire registry is initially laid out including disconnected/status/duplicate display IDs
ok 1 - entire registry is initially laid out including disconnected/status/duplicate display IDs
  ---
  duration_ms: 5.184417
  type: 'test'
  ...
# Subtest: zero-edge model is complete and supplied cycle components are grouped
ok 2 - zero-edge model is complete and supplied cycle components are grouped
  ---
  duration_ms: 1.556375
  type: 'test'
  ...
# Subtest: visibility is silent induced-edge projection; matches only dim; hidden selection/minimap remain explicit
ok 3 - visibility is silent induced-edge projection; matches only dim; hidden selection/minimap remain explicit
  ---
  duration_ms: 1.576208
  type: 'test'
  ...
# Subtest: empty projection does not discard complete model or auto-fit
ok 4 - empty projection does not discard complete model or auto-fit
  ---
  duration_ms: 0.854875
  type: 'test'
  ...
# Subtest: pan threshold distinguishes blank click from drag; node drag is layout only
ok 5 - pan threshold distinguishes blank click from drag; node drag is layout only
  ---
  duration_ms: 1.651167
  type: 'test'
  ...
# Subtest: wheel/pinch keep gesture anchor fixed and have finite positive scale
ok 6 - wheel/pinch keep gesture anchor fixed and have finite positive scale
  ---
  duration_ms: 1.219458
  type: 'test'
  ...
# Subtest: provided-host keyboard fallback pans; node arrows rove/Enter selects; input shortcuts ignored
ok 7 - provided-host keyboard fallback pans; node arrows rove/Enter selects; input shortcuts ignored
  ---
  duration_ms: 1.245125
  type: 'test'
  ...
# Subtest: queued resize after explicit Back viewport restore cannot translate or notify
ok 8 - queued resize after explicit Back viewport restore cannot translate or notify
  ---
  duration_ms: 1.358
  type: 'test'
  ...
# Subtest: edge callback uses host CSS anchor and full stable edge ID
ok 9 - edge callback uses host CSS anchor and full stable edge ID
  ---
  duration_ms: 1.358958
  type: 'test'
  ...
# Subtest: layout captures cannot restore into another generation with coincident IDs
ok 10 - layout captures cannot restore into another generation with coincident IDs
  ---
  duration_ms: 1.17225
  type: 'test'
  ...
# Subtest: same-generation updates/layout restores preserve view; generation/null clears filters and old gestures
ok 11 - same-generation updates/layout restores preserve view; generation/null clears filters and old gestures
  ---
  duration_ms: 1.651125
  type: 'test'
  ...
# Subtest: 300/301/350/1000 registries and parameter fanout retain last object without caps
ok 12 - 300/301/350/1000 registries and parameter fanout retain last object without caps
  ---
  duration_ms: 70.0525
  type: 'test'
  ...
# Subtest: search and focus dim independently without hiding membership or mutating registry
ok 13 - search and focus dim independently without hiding membership or mutating registry
  ---
  duration_ms: 1.082
  type: 'test'
  ...
# Subtest: explicit Arrange touches only visible requested positions and is silent, registry preserving and undoable
ok 14 - explicit Arrange touches only visible requested positions and is silent, registry preserving and undoable
  ---
  duration_ms: 0.630667
  type: 'test'
  ...
# Subtest: minimap nodes, induced edges and bounds use only rendered IDs; empty stays honest and registry survives
ok 15 - minimap nodes, induced edges and bounds use only rendered IDs; empty stays honest and registry survives
  ---
  duration_ms: 0.711583
  type: 'test'
  ...
# Subtest: Center genuinely centers already-visible nodes at pan/zoom and side/below/resized host bounds
ok 16 - Center genuinely centers already-visible nodes at pan/zoom and side/below/resized host bounds
  ---
  duration_ms: 0.741958
  type: 'test'
  ...
# Subtest: blank/add repositions far-away new members near current view collision-free, preserves other manual positions and Undo
ok 17 - blank/add repositions far-away new members near current view collision-free, preserves other manual positions and Undo
  ---
  duration_ms: 0.74
  type: 'test'
  ...
# Subtest: narrow side canvas prefers a visible vertical neighbor; collisions preserve the manual anchor
ok 18 - narrow side canvas prefers a visible vertical neighbor; collisions preserve the manual anchor
  ---
  duration_ms: 0.599459
  type: 'test'
  ...
# Subtest: straight routes retain input-to-consumer endpoints after reversal, stacking and self cycles; hit path follows geometry
ok 19 - straight routes retain input-to-consumer endpoints after reversal, stacking and self cycles; hit path follows geometry
  ---
  duration_ms: 0.862167
  type: 'test'
  ...
# Subtest: straight long links detour around visible intervening cards and simplify when the obstacle is hidden
ok 20 - straight long links detour around visible intervening cards and simplify when the obstacle is hidden
  ---
  duration_ms: 0.584083
  type: 'test'
  ...
# Subtest: reciprocal edges have independent 14px hit corridors in every orientation and after the reported drag
ok 21 - reciprocal edges have independent 14px hit corridors in every orientation and after the reported drag
  ---
  duration_ms: 1.94425
  type: 'test'
  ...
# Subtest: exact CRLF/quoted/repeated/non-BMP source slices are separate from numbered gutter; Copy original source
ok 22 - exact CRLF/quoted/repeated/non-BMP source slices are separate from numbered gutter; Copy original source
  ---
  duration_ms: 7.754917
  type: 'test'
  ...
# Subtest: invalid/overlapping/missing-target spans never create guessed links
ok 23 - invalid/overlapping/missing-target spans never create guessed links
  ---
  duration_ms: 2.347709
  type: 'test'
  ...
# Subtest: opaque uncertainty is neutral disclosure; presentation diagnostics are review; no regex classification
ok 24 - opaque uncertainty is neutral disclosure; presentation diagnostics are review; no regex classification
  ---
  duration_ms: 0.658542
  type: 'test'
  ...
# Subtest: duplicate graph IDs select exactly supplied rows; status rows have no invented M
ok 25 - duplicate graph IDs select exactly supplied rows; status rows have no invented M
  ---
  duration_ms: 0.909916
  type: 'test'
  ...
# Subtest: capture/restore contains both scroll axes, wrap and stable occurrence descriptor
ok 26 - capture/restore contains both scroll axes, wrap and stable occurrence descriptor
  ---
  duration_ms: 1.229416
  type: 'test'
  ...
# Subtest: new selection, same-ID select, close, suspend, reset and destroy cancel queued restores
ok 27 - new selection, same-ID select, close, suspend, reset and destroy cancel queued restores
  ---
  duration_ms: 4.453167
  type: 'test'
  ...
# Subtest: newer restore/direct focus wins within same generation
ok 28 - newer restore/direct focus wins within same generation
  ---
  duration_ms: 0.681459
  type: 'test'
  ...
# Subtest: same-generation context and hide/reopen preserve view; generation reset clears hidden source and callbacks
ok 29 - same-generation context and hide/reopen preserve view; generation reset clears hidden source and callbacks
  ---
  duration_ms: 1.041708
  type: 'test'
  ...
# Subtest: clipboard completion after close/reopen or reset cannot repaint code/status
ok 30 - clipboard completion after close/reopen or reset cannot repaint code/status
  ---
  duration_ms: 0.835625
  type: 'test'
  ...
# Subtest: focus controls emit only generation/selected-ID actions; Infinity serializes without changing source/view
ok 31 - focus controls emit only generation/selected-ID actions; Infinity serializes without changing source/view
  ---
  duration_ms: 1.445875
  type: 'test'
  ...
# Subtest: history restores focused controls by descriptor and never keeps old control DOM
ok 32 - history restores focused controls by descriptor and never keeps old control DOM
  ---
  duration_ms: 0.661416
  type: 'test'
  ...
# Subtest: Back retains strict 325px scroll with always-visible options; unrelated disclosures stay closed
ok 33 - Back retains strict 325px scroll with always-visible options; unrelated disclosures stay closed
  ---
  duration_ms: 1.501708
  type: 'test'
  ...
# Subtest: all four optional disclosure combinations restore exact scroll and booleans across source selection
ok 34 - all four optional disclosure combinations restore exact scroll and booleans across source selection
  ---
  duration_ms: 4.110125
  type: 'test'
  ...
# Subtest: legacy and partial disclosure state leave absent, invalid and unknown sections untouched
ok 35 - legacy and partial disclosure state leave absent, invalid and unknown sections untouched
  ---
  duration_ms: 1.25875
  type: 'test'
  ...
# Subtest: restored primary focus preserves scroll, and focus-triggered navigation cannot receive old scroll
ok 36 - restored primary focus preserves scroll, and focus-triggered navigation cannot receive old scroll
  ---
  duration_ms: 0.717584
  type: 'test'
  ...
# Subtest: stale disclosure restores cannot reopen prior or current source after any lifecycle cancellation
ok 37 - stale disclosure restores cannot reopen prior or current source after any lifecycle cancellation
  ---
  duration_ms: 3.44475
  type: 'test'
  ...
# Subtest: primary neighborhood controls stay visible, default wrap is true and explicit saved false survives history
ok 38 - primary neighborhood controls stay visible, default wrap is true and explicit saved false survives history
  ---
  duration_ms: 0.825833
  type: 'test'
  ...
# Subtest: expanded reader moves exact code DOM, copies original CRLF/UTF16 source, Escape closes reader first and returns focus
ok 39 - expanded reader moves exact code DOM, copies original CRLF/UTF16 source, Escape closes reader first and returns focus
  ---
  duration_ms: 0.663375
  type: 'test'
  ...
# Subtest: expanded history restores source focus/scroll and cannot reopen after stale lifecycle work
ok 40 - expanded history restores source focus/scroll and cannot reopen after stale lifecycle work
  ---
  duration_ms: 2.561542
  type: 'test'
  ...
# Subtest: reader keyboard boundary stays inside, and native-dialog autofocus navigation cancels old view restore
ok 41 - reader keyboard boundary stays inside, and native-dialog autofocus navigation cancels old view restore
  ---
  duration_ms: 1.858333
  type: 'test'
  ...
# Subtest: full-query entry precedes all focus controls and source without duplicating or reformatting code
ok 42 - full-query entry precedes all focus controls and source without duplicating or reformatting code
  ---
  duration_ms: 0.801541
  type: 'test'
  ...
# Subtest: positional mapping keeps duplicate rows distinct; no metadata ID overwrite
ok 43 - positional mapping keeps duplicate rows distinct; no metadata ID overwrite
  ---
  duration_ms: 4.5105
  type: 'test'
  ...
# Subtest: connectivity uses complete resolved incident edges, including parameter/status rows without relations
ok 44 - connectivity uses complete resolved incident edges, including parameter/status rows without relations
  ---
  duration_ms: 1.869416
  type: 'test'
  ...
# Subtest: ranges are authoritative UTF16 slices and invalid/overlapping spans never become links
ok 45 - ranges are authoritative UTF16 slices and invalid/overlapping spans never become links
  ---
  duration_ms: 0.852458
  type: 'test'
  ...
# Subtest: identity gates reject model/metadata replacement, revision changes and duplicate reorder
ok 46 - identity gates reject model/metadata replacement, revision changes and duplicate reorder
  ---
  duration_ms: 0.658541
  type: 'test'
  ...
# Subtest: worker executes canonical build in isolated context, emits atomic graph and job-bound progress
ok 47 - worker executes canonical build in isolated context, emits atomic graph and job-bound progress
  ---
  duration_ms: 2.093542
  type: 'test'
  ...
# Subtest: excluded reference clears filters; Back restores filters/view/scroll without Fit/reveal
ok 48 - excluded reference clears filters; Back restores filters/view/scroll without Fit/reveal
  ---
  duration_ms: 1.3185
  type: 'test'
  ...
# Subtest: matching library selection retains search; Show all preserves selected object and does not Fit
ok 49 - matching library selection retains search; Show all preserves selected object and does not Fit
  ---
  duration_ms: 0.610834
  type: 'test'
  ...
# Subtest: late navigation callbacks fail generation and source identity gates
ok 50 - late navigation callbacks fail generation and source identity gates
  ---
  duration_ms: 0.4965
  type: 'test'
  ...
# Subtest: real scheduler cancellation terminates worker and rejects queued old-generation graph messages
ok 51 - real scheduler cancellation terminates worker and rejects queued old-generation graph messages
  ---
  duration_ms: 17.964583
  type: 'test'
  ...
# Subtest: worker unavailable produces explicit error with no synchronous analysis fallback
ok 52 - worker unavailable produces explicit error with no synchronous analysis fallback
  ---
  duration_ms: 16.495
  type: 'test'
  ...
# Subtest: model replaced while runtime assets load cannot launch or publish an old worker
ok 53 - model replaced while runtime assets load cannot launch or publish an old worker
  ---
  duration_ms: 31.981959
  type: 'test'
  ...
# Subtest: Back deferred focus cannot override a newer same-generation navigation
ok 54 - Back deferred focus cannot override a newer same-generation navigation
  ---
  duration_ms: 0.859917
  type: 'test'
  ...
# Subtest: terminal worker error invalidates queued ready publication and retained lookup
ok 55 - terminal worker error invalidates queued ready publication and retained lookup
  ---
  duration_ms: 16.102583
  type: 'test'
  ...
# Subtest: peer tab suspension happens only on transitions and preserves same-model context
ok 56 - peer tab suspension happens only on transitions and preserves same-model context
  ---
  duration_ms: 0.700959
  type: 'test'
  ...
# Subtest: Reset filters restores exact viewport after banner layout, preserving selection inspector and history
ok 57 - Reset filters restores exact viewport after banner layout, preserving selection inspector and history
  ---
  duration_ms: 0.530042
  type: 'test'
  ...
# Subtest: Reset filters does not restore an old viewport after replacement or newer navigation
ok 58 - Reset filters does not restore an old viewport after replacement or newer navigation
  ---
  duration_ms: 1.166791
  type: 'test'
  ...
# Subtest: inspector resize changes independent orientation dimensions and clamps practical bounds
ok 59 - inspector resize changes independent orientation dimensions and clamps practical bounds
  ---
  duration_ms: 0.538375
  type: 'test'
  ...
# Subtest: membership/category/focus/search stay distinct and traversals bound cycles
ok 60 - membership/category/focus/search stay distinct and traversals bound cycles
  ---
  duration_ms: 0.602208
  type: 'test'
  ...
# Subtest: remove and blank affect layout only; Undo and Back restore separate state without source mutation
ok 61 - remove and blank affect layout only; Undo and Back restore separate state without source mutation
  ---
  duration_ms: 0.635208
  type: 'test'
  ...
# Subtest: layout Undo is bounded and model replacement invalidates either restoration
ok 62 - layout Undo is bounded and model replacement invalidates either restoration
  ---
  duration_ms: 0.543167
  type: 'test'
  ...
# Subtest: table entry uses exact association and never chooses a multipartition default
ok 63 - table entry uses exact association and never chooses a multipartition default
  ---
  duration_ms: 0.445667
  type: 'test'
  ...
# Subtest: Back restores viewport after the final hidden-selection banner layout
ok 64 - Back restores viewport after the final hidden-selection banner layout
  ---
  duration_ms: 0.464042
  type: 'test'
  ...
# Subtest: Back finalizes controls before restoring disclosure and scroll state
ok 65 - Back finalizes controls before restoring disclosure and scroll state
  ---
  duration_ms: 0.751666
  type: 'test'
  ...
# Subtest: group filtering uses exact metadata and persists opaquely through Back and reset
ok 66 - group filtering uses exact metadata and persists opaquely through Back and reset
  ---
  duration_ms: 0.504459
  type: 'test'
  ...
# Subtest: new membership requests placement once, preserves other members and explicit drop coordinates
ok 67 - new membership requests placement once, preserves other members and explicit drop coordinates
  ---
  duration_ms: 0.449625
  type: 'test'
  ...
# Subtest: Center selected dispatches genuine center only for a current visible selection
ok 68 - Center selected dispatches genuine center only for a current visible selection
  ---
  duration_ms: 0.397584
  type: 'test'
  ...
# Subtest: group-only metadata changes invalidate captured workspace identity
ok 69 - group-only metadata changes invalidate captured workspace identity
  ---
  duration_ms: 0.267459
  type: 'test'
  ...
1..69
# tests 69
# suites 0
# pass 69
# fail 0
# cancelled 0
# skipped 0
# todo 0
# duration_ms 152.064333
