TAP version 13
# Subtest: blank canvas and table membership persist separately for each model
ok 1 - blank canvas and table membership persist separately for each model
  ---
  duration_ms: 5.707833
  type: 'test'
  ...
# Subtest: Explore all keeps laying the model out until the reader actually arranges it
ok 2 - Explore all keeps laying the model out until the reader actually arranges it
  ---
  duration_ms: 1.113875
  type: 'test'
  ...
# Subtest: saved membership ignores deleted table names
ok 3 - saved membership ignores deleted table names
  ---
  duration_ms: 0.554625
  type: 'test'
  ...
# Subtest: remove clears focus and membership and undo restores the table
ok 4 - remove clears focus and membership and undo restores the table
  ---
  duration_ms: 0.619417
  type: 'test'
  ...
# Subtest: removeMany drops several tables, their marks and focus in one undoable step
ok 5 - removeMany drops several tables, their marks and focus in one undoable step
  ---
  duration_ms: 0.593875
  type: 'test'
  ...
# Subtest: removeMany with nothing on the canvas is a no-op that leaves undo untouched
ok 6 - removeMany with nothing on the canvas is a no-op that leaves undo untouched
  ---
  duration_ms: 0.521459
  type: 'test'
  ...
# Subtest: blank layout can be undone with positions and viewport restored
ok 7 - blank layout can be undone with positions and viewport restored
  ---
  duration_ms: 0.866833
  type: 'test'
  ...
# Subtest: dragging a table converts screen coordinates and persists the placement
ok 8 - dragging a table converts screen coordinates and persists the placement
  ---
  duration_ms: 0.560834
  type: 'test'
  ...
# Subtest: dragging over the empty-state sibling bubbles to main and adds the first table
ok 9 - dragging over the empty-state sibling bubbles to main and adds the first table
  ---
  duration_ms: 0.63275
  type: 'test'
  ...
# Subtest: table drops outside every edge of the canvas are rejected
ok 10 - table drops outside every edge of the canvas are rejected
  ---
  duration_ms: 2.307834
  type: 'test'
  ...
# Subtest: table drops in other views are rejected even inside the canvas rectangle
ok 11 - table drops in other views are rejected even inside the canvas rectangle
  ---
  duration_ms: 1.367708
  type: 'test'
  ...
# Subtest: file drags remain available to model import without changing canvas membership
ok 12 - file drags remain available to model import without changing canvas membership
  ---
  duration_ms: 0.448125
  type: 'test'
  ...
# Subtest: undo persists restored positions so reload cannot resurrect an undone arrangement
ok 13 - undo persists restored positions so reload cannot resurrect an undone arrangement
  ---
  duration_ms: 1.218083
  type: 'test'
  ...
# Subtest: adding another table preserves positions already arranged by the user
ok 14 - adding another table preserves positions already arranged by the user
  ---
  duration_ms: 0.544292
  type: 'test'
  ...
# Subtest: a no-op add leaves undo history unchanged
ok 15 - a no-op add leaves undo history unchanged
  ---
  duration_ms: 0.524541
  type: 'test'
  ...
# Subtest: restoring membership clears selected, locked and pinned tables outside that layout
ok 16 - restoring membership clears selected, locked and pinned tables outside that layout
  ---
  duration_ms: 0.472792
  type: 'test'
  ...
# Subtest: blank layout closes a previously selected relationship popover
ok 17 - blank layout closes a previously selected relationship popover
  ---
  duration_ms: 0.476708
  type: 'test'
  ...
# Subtest: removing a relationship endpoint closes its popover
ok 18 - removing a relationship endpoint closes its popover
  ---
  duration_ms: 0.834042
  type: 'test'
  ...
# Subtest: relationship expansion respects direct/incoming/all settings
ok 19 - relationship expansion respects direct/incoming/all settings
  ---
  duration_ms: 0.65625
  type: 'test'
  ...
# Subtest: minimap navigation centers its chosen world point without changing zoom
ok 20 - minimap navigation centers its chosen world point without changing zoom
  ---
  duration_ms: 0.490875
  type: 'test'
  ...
# Subtest: canvas visibility honors blank and partial membership even for connected tables
ok 21 - canvas visibility honors blank and partial membership even for connected tables
  ---
  duration_ms: 0.475375
  type: 'test'
  ...
# Subtest: named presets restore membership, positions and viewport, including an empty canvas
ok 22 - named presets restore membership, positions and viewport, including an empty canvas
  ---
  duration_ms: 0.8515
  type: 'test'
  ...
# Subtest: named views restore focus and hide unrelated without losing hidden table membership
ok 23 - named views restore focus and hide unrelated without losing hidden table membership
  ---
  duration_ms: 1.589375
  type: 'test'
  ...
# Subtest: hide unrelated follows distance but never adds related tables outside membership
ok 24 - hide unrelated follows distance but never adds related tables outside membership
  ---
  duration_ms: 0.790708
  type: 'test'
  ...
# Subtest: legacy presets clear prior focus even if the formerly selected table remains a member
ok 25 - legacy presets clear prior focus even if the formerly selected table remains a member
  ---
  duration_ms: 0.636167
  type: 'test'
  ...
# Subtest: undo after restoring a named view restores the prior focus, hidden state and viewport
ok 26 - undo after restoring a named view restores the prior focus, hidden state and viewport
  ---
  duration_ms: 0.680042
  type: 'test'
  ...
# Subtest: restoring an empty named view clears focus and leaves every card hidden
ok 27 - restoring an empty named view clears focus and leaves every card hidden
  ---
  duration_ms: 0.680792
  type: 'test'
  ...
# Subtest: restore ignores removed tables and malformed geometry while keeping valid positions
ok 28 - restore ignores removed tables and malformed geometry while keeping valid positions
  ---
  duration_ms: 0.678708
  type: 'test'
  ...
# Subtest: saved views preserve the minimum zoom produced by fitView for large diagrams
ok 29 - saved views preserve the minimum zoom produced by fitView for large diagrams
  ---
  duration_ms: 1.403375
  type: 'test'
  ...
# Subtest: save and delete report storage failure without replacing previously saved views
ok 30 - save and delete report storage failure without replacing previously saved views
  ---
  duration_ms: 0.660708
  type: 'test'
  ...
# Subtest: generated default view names fill gaps without overwriting another saved view
ok 31 - generated default view names fill gaps without overwriting another saved view
  ---
  duration_ms: 0.61225
  type: 'test'
  ...
# Subtest: dropping a library table preserves selection and pins the new table to keep it visible in focus
ok 32 - dropping a library table preserves selection and pins the new table to keep it visible in focus
  ---
  duration_ms: 0.699125
  type: 'test'
  ...
# Subtest: restoring and undoing a named view restores display settings and expansion controls
ok 33 - restoring and undoing a named view restores display settings and expansion controls
  ---
  duration_ms: 0.961917
  type: 'test'
  ...
# Subtest: dropping a connected table does not expand direct focus through an unnecessary pin
ok 34 - dropping a connected table does not expand direct focus through an unnecessary pin
  ---
  duration_ms: 0.748375
  type: 'test'
  ...
# Subtest: arranging focused tables leaves hidden table positions and membership unchanged
ok 35 - arranging focused tables leaves hidden table positions and membership unchanged
  ---
  duration_ms: 1.478584
  type: 'test'
  ...
# Subtest: filter paths drive canvas highlighting and hiding in the selected direction
ok 36 - filter paths drive canvas highlighting and hiding in the selected direction
  ---
  duration_ms: 1.039917
  type: 'test'
  ...
# Subtest: canvas paths honor indirect, inactive and bidirectional relationships
ok 37 - canvas paths honor indirect, inactive and bidirectional relationships
  ---
  duration_ms: 0.714417
  type: 'test'
  ...
# Subtest: saved views restore filter path direction, distance and inactive setting
ok 38 - saved views restore filter path direction, distance and inactive setting
  ---
  duration_ms: 0.693834
  type: 'test'
  ...
# Subtest: the table library filters by domain and by source, alongside search and the canvas filter
ok 39 - the table library filters by domain and by source, alongside search and the canvas filter
  ---
  duration_ms: 0.634959
  type: 'test'
  ...
# Subtest: incoming and outgoing preserve TOM direction and direct/transitive distances
ok 40 - incoming and outgoing preserve TOM direction and direct/transitive distances
  ---
  duration_ms: 0.628584
  type: 'test'
  ...
# Subtest: a common fact table does not make one dimension filter another
ok 41 - a common fact table does not make one dimension filter another
  ---
  duration_ms: 0.12125
  type: 'test'
  ...
# Subtest: bidirectional relationships add the reverse filter arc only on that edge
ok 42 - bidirectional relationships add the reverse filter arc only on that edge
  ---
  duration_ms: 0.087875
  type: 'test'
  ...
# Subtest: inactive relationships are opt-in for every traversal direction
ok 43 - inactive relationships are opt-in for every traversal direction
  ---
  duration_ms: 0.100625
  type: 'test'
  ...
# Subtest: single-direction many-to-many is still to -> from
ok 44 - single-direction many-to-many is still to -> from
  ---
  duration_ms: 0.10975
  type: 'test'
  ...
# Subtest: cycles and parallel relationships terminate with unique shortest distances
ok 45 - cycles and parallel relationships terminate with unique shortest distances
  ---
  duration_ms: 0.049667
  type: 'test'
  ...
# Subtest: disconnected, absent and dangling tables are safe
ok 46 - disconnected, absent and dangling tables are safe
  ---
  duration_ms: 0.079375
  type: 'test'
  ...
# Subtest: multiple roots keep zero distance and find the nearest root
ok 47 - multiple roots keep zero distance and find the nearest root
  ---
  duration_ms: 0.036333
  type: 'test'
  ...
# Subtest: zero depth returns roots and rejects invalid depth or direction
ok 48 - zero depth returns roots and rejects invalid depth or direction
  ---
  duration_ms: 0.28875
  type: 'test'
  ...
# Subtest: prototype names, Unicode and apostrophes are ordinary identifiers
ok 49 - prototype names, Unicode and apostrophes are ordinary identifiers
  ---
  duration_ms: 0.191125
  type: 'test'
  ...
# Subtest: path evidence references original edges without mutating model data
ok 50 - path evidence references original edges without mutating model data
  ---
  duration_ms: 0.102375
  type: 'test'
  ...
# Subtest: raw crossFilteringBehavior is honored and automatic direction stays unresolved
ok 51 - raw crossFilteringBehavior is honored and automatic direction stays unresolved
  ---
  duration_ms: 0.047458
  type: 'test'
  ...
# Subtest: dependency index resolves qualified measures and preserves real column references
ok 52 - dependency index resolves qualified measures and preserves real column references
  ---
  duration_ms: 4.049417
  type: 'test'
  ...
# Subtest: strings, comments, escaped identifiers and case-insensitive names do not lose or invent edges
ok 53 - strings, comments, escaped identifiers and case-insensitive names do not lose or invent edges
  ---
  duration_ms: 1.295459
  type: 'test'
  ...
# Subtest: late built-in report usage cannot leak into a subsequently selected imported model
ok 54 - late built-in report usage cannot leak into a subsequently selected imported model
  ---
  duration_ms: 3.181875
  type: 'test'
  ...
# Subtest: report usage still loads for the active built-in model
ok 55 - report usage still loads for the active built-in model
  ---
  duration_ms: 1.031166
  type: 'test'
  ...
# Subtest: a late model fetch cannot replace a newer model selection
ok 56 - a late model fetch cannot replace a newer model selection
  ---
  duration_ms: 0.877458
  type: 'test'
  ...
# Subtest: storage failure preserves the import preview and current model, then allows retry
ok 57 - storage failure preserves the import preview and current model, then allows retry
  ---
  duration_ms: 0.876333
  type: 'test'
  ...
# Subtest: multi-model import failure does not close the dialog or open a fallback model
ok 58 - multi-model import failure does not close the dialog or open a fallback model
  ---
  duration_ms: 1.609959
  type: 'test'
  ...
# Subtest: repo cache storage failure does not silently reopen the stale cached model
ok 59 - repo cache storage failure does not silently reopen the stale cached model
  ---
  duration_ms: 0.829417
  type: 'test'
  ...
# Subtest: repo refresh cannot reopen an old selection after the user switches model
ok 60 - repo refresh cannot reopen an old selection after the user switches model
  ---
  duration_ms: 0.862167
  type: 'test'
  ...
# Subtest: a drop handled by the import modal stops bubbling to the root import listener
ok 61 - a drop handled by the import modal stops bubbling to the root import listener
  ---
  duration_ms: 0.864417
  type: 'test'
  ...
# Subtest: root import listener ignores internal table drags and text-only drops
ok 62 - root import listener ignores internal table drags and text-only drops
  ---
  duration_ms: 1.095625
  type: 'test'
  ...
# Subtest: switching models after expanding cards cannot restore the previous model positions
ok 63 - switching models after expanding cards cannot restore the previous model positions
  ---
  duration_ms: 0.922042
  type: 'test'
  ...
# Subtest: forced render refreshes an already-open layout list after saving and deleting a preset
ok 64 - forced render refreshes an already-open layout list after saving and deleting a preset
  ---
  duration_ms: 0.853125
  type: 'test'
  ...
# Subtest: a genuinely fresh browser boots with no model selected, not the bundled sample
ok 65 - a genuinely fresh browser boots with no model selected, not the bundled sample
  ---
  duration_ms: 1.088083
  type: 'test'
  ...
# Subtest: a fresh boot never persists a current-model choice the user did not make
ok 66 - a fresh boot never persists a current-model choice the user did not make
  ---
  duration_ms: 0.721417
  type: 'test'
  ...
# Subtest: a returning user (smv_current_v1 already set) still boots straight into their model
ok 67 - a returning user (smv_current_v1 already set) still boots straight into their model
  ---
  duration_ms: 0.660959
  type: 'test'
  ...
# Subtest: model switches restore lane zoom with positions and discard the previous model size cache
ok 68 - model switches restore lane zoom with positions and discard the previous model size cache
  ---
  duration_ms: 1.121375
  type: 'test'
  ...
# Subtest: invalid saved lane zoom falls back to a finite supported value
ok 69 - invalid saved lane zoom falls back to a finite supported value
  ---
  duration_ms: 0.653166
  type: 'test'
  ...
# Subtest: role annotation patch preserves DAX, child annotations, and CRLF; Auto removes only table annotation
ok 70 - role annotation patch preserves DAX, child annotations, and CRLF; Auto removes only table annotation
  ---
  duration_ms: 0.864667
  type: 'test'
  ...
# Subtest: repo role writes TMDL and is visible in a fresh parser without browser overrides
ok 71 - repo role writes TMDL and is visible in a fresh parser without browser overrides
  ---
  duration_ms: 2.357625
  type: 'test'
  ...
# Subtest: denied or failed repo writes leave classification and file unchanged
ok 72 - denied or failed repo writes leave classification and file unchanged
  ---
  duration_ms: 1.5645
  type: 'test'
  ...
# Subtest: cached disconnected repo does not silently save a browser-only override
ok 73 - cached disconnected repo does not silently save a browser-only override
  ---
  duration_ms: 0.671125
  type: 'test'
  ...
# Subtest: importing a model with an existing name updates it in place and keeps its id
ok 74 - importing a model with an existing name updates it in place and keeps its id
  ---
  duration_ms: 0.665459
  type: 'test'
  ...
# Subtest: refresh re-reads the open model, reports new tables, and remembers the folder
ok 75 - refresh re-reads the open model, reports new tables, and remembers the folder
  ---
  duration_ms: 1.3405
  type: 'test'
  ...
# Subtest: a folder import remembers its folder, so refresh never shows the picker
ok 76 - a folder import remembers its folder, so refresh never shows the picker
  ---
  duration_ms: 2.639041
  type: 'test'
  ...
# Subtest: refresh with an unchanged source makes no change
ok 77 - refresh with an unchanged source makes no change
  ---
  duration_ms: 0.883417
  type: 'test'
  ...
# Subtest: refresh cancelled at the folder picker or failing to read changes nothing
ok 78 - refresh cancelled at the folder picker or failing to read changes nothing
  ---
  duration_ms: 0.749583
  type: 'test'
  ...
# Subtest: refresh is unavailable for the built-in model, hosts, and browsers without folder access
ok 79 - refresh is unavailable for the built-in model, hosts, and browsers without folder access
  ---
  duration_ms: 0.639583
  type: 'test'
  ...
# Subtest: local app: the folder chooser resolves to the chosen folder and remembers it
ok 80 - local app: the folder chooser resolves to the chosen folder and remembers it
  ---
  duration_ms: 1.232875
  type: 'test'
  ...
# Subtest: local app: connecting a repo scans through the server and opens its single model, no browser picker
ok 81 - local app: connecting a repo scans through the server and opens its single model, no browser picker
  ---
  duration_ms: 2.845958
  type: 'test'
  ...
# Subtest: local app: Refresh re-reads a repo model and an imported model without any prompt
ok 82 - local app: Refresh re-reads a repo model and an imported model without any prompt
  ---
  duration_ms: 1.160709
  type: 'test'
  ...
# Subtest: local app: the hosted page is the demo and opens the sample; the local app does not
ok 83 - local app: the hosted page is the demo and opens the sample; the local app does not
  ---
  duration_ms: 0.776167
  type: 'test'
  ...
# Subtest: Tables to Power Query and back preserves viewport; other normal return routes still fit
ok 84 - Tables to Power Query and back preserves viewport; other normal return routes still fit
  ---
  duration_ms: 0.781916
  type: 'test'
  ...
# Subtest: an explicit focus keeps the viewport it aimed at; an ordinary selection still refits
ok 85 - an explicit focus keeps the viewport it aimed at; an ordinary selection still refits
  ---
  duration_ms: 2.12875
  type: 'test'
  ...
# Subtest: panning preserves selected table, pins, lock, relationship and isolate visibility
ok 86 - panning preserves selected table, pins, lock, relationship and isolate visibility
  ---
  duration_ms: 0.831583
  type: 'test'
  ...
# Subtest: an out-and-back pan remains a drag when released at its starting point
ok 87 - an out-and-back pan remains a drag when released at its starting point
  ---
  duration_ms: 0.436875
  type: 'test'
  ...
# Subtest: a background click clears selection and pins only after release while retaining its lock
ok 88 - a background click clears selection and pins only after release while retaining its lock
  ---
  duration_ms: 0.4285
  type: 'test'
  ...
# Subtest: pointer jitter stays a click and never moves the viewport
ok 89 - pointer jitter stays a click and never moves the viewport
  ---
  duration_ms: 0.395709
  type: 'test'
  ...
# Subtest: pan threshold uses screen pixels at every zoom
ok 90 - pan threshold uses screen pixels at every zoom
  ---
  duration_ms: 1.434625
  type: 'test'
  ...
# Subtest: right and middle gestures cannot pan or clear selection
ok 91 - right and middle gestures cannot pan or clear selection
  ---
  duration_ms: 1.011375
  type: 'test'
  ...
# Subtest: moving another card preserves existing selection, pins and locked roots
ok 92 - moving another card preserves existing selection, pins and locked roots
  ---
  duration_ms: 0.448416
  type: 'test'
  ...
# Subtest: a card click selects that card without becoming a background click
ok 93 - a card click selects that card without becoming a background click
  ---
  duration_ms: 0.475708
  type: 'test'
  ...
# Subtest: right and middle gestures cannot move or select a card
ok 94 - right and middle gestures cannot move or select a card
  ---
  duration_ms: 0.85875
  type: 'test'
  ...
# Subtest: canvas controls and their descendants cannot initiate a pan
ok 95 - canvas controls and their descendants cannot initiate a pan
  ---
  duration_ms: 1.373
  type: 'test'
  ...
# Subtest: blur cancels a pending background click without clearing selection
ok 96 - blur cancels a pending background click without clearing selection
  ---
  duration_ms: 0.546833
  type: 'test'
  ...
# Subtest: blur ends a pan until a fresh gesture starts
ok 97 - blur ends a pan until a fresh gesture starts
  ---
  duration_ms: 0.321041
  type: 'test'
  ...
# Subtest: blur ends a card drag, persists its position once and ignores later pointer movement
ok 98 - blur ends a card drag, persists its position once and ignores later pointer movement
  ---
  duration_ms: 0.330125
  type: 'test'
  ...
# Subtest: shift+drag on the background marks the tables the box touches without panning or clearing focus
ok 99 - shift+drag on the background marks the tables the box touches without panning or clearing focus
  ---
  duration_ms: 0.441375
  type: 'test'
  ...
# Subtest: alt+click toggles a table in the marked set and a background click clears it
ok 100 - alt+click toggles a table in the marked set and a background click clears it
  ---
  duration_ms: 0.331834
  type: 'test'
  ...
# Subtest: snapshot command works outside the repo and keeps the whole model behind a focused canvas
ok 101 - snapshot command works outside the repo and keeps the whole model behind a focused canvas
  ---
  duration_ms: 55.497667
  type: 'test'
  ...
# Subtest: measure snapshots preserve DAX, select the measure and fit its graph
ok 102 - measure snapshots preserve DAX, select the measure and fit its graph
  ---
  duration_ms: 66.413083
  type: 'test'
  ...
# Subtest: TMDL special characters remain data and source queries are excluded
ok 103 - TMDL special characters remain data and source queries are excluded
  ---
  duration_ms: 37.109417
  type: 'test'
  ...
# Subtest: invalid input and removed commands fail without writing or overwriting files
ok 104 - invalid input and removed commands fail without writing or overwriting files
  ---
  duration_ms: 361.101917
  type: 'test'
  ...
# Subtest: TMDL relationship validation preserves parallel edges and rejects incomplete endpoints
ok 105 - TMDL relationship validation preserves parallel edges and rejects incomplete endpoints
  ---
  duration_ms: 97.041333
  type: 'test'
  ...
# Subtest: long style keeps short calls on one line and splits long ones
ok 106 - long style keeps short calls on one line and splits long ones
  ---
  duration_ms: 1.341958
  type: 'test'
  ...
# Subtest: short style puts every argument of a multi-argument call on its own line
ok 107 - short style puts every argument of a multi-argument call on its own line
  ---
  duration_ms: 0.164667
  type: 'test'
  ...
# Subtest: operators, unary signs, comments and strings survive formatting
ok 108 - operators, unary signs, comments and strings survive formatting
  ---
  duration_ms: 0.114208
  type: 'test'
  ...
# Subtest: formatting never changes the tokens of the formula
ok 109 - formatting never changes the tokens of the formula
  ---
  duration_ms: 0.542375
  type: 'test'
  ...
# Subtest: inlining splices measure bodies in parentheses, with fold regions and ghost labels
ok 110 - inlining splices measure bodies in parentheses, with fold regions and ghost labels
  ---
  duration_ms: 0.615
  type: 'test'
  ...
# Subtest: a measure that loops back stays a reference, and empty measures are not inlined
ok 111 - a measure that loops back stays a reference, and empty measures are not inlined
  ---
  duration_ms: 0.08825
  type: 'test'
  ...
# Subtest: a diamond of measures hits the size cap instead of exploding
ok 112 - a diamond of measures hits the size cap instead of exploding
  ---
  duration_ms: 14.939292
  type: 'test'
  ...
# Subtest: malformed DAX does not throw
ok 113 - malformed DAX does not throw
  ---
  duration_ms: 0.347167
  type: 'test'
  ...
# Subtest: an inlined measure puts its label on one line and the "(" on the next, and each level has its own depth
ok 114 - an inlined measure puts its label on one line and the "(" on the next, and each level has its own depth
  ---
  duration_ms: 0.373667
  type: 'test'
  ...
# Subtest: a block comment that spans lines is printed one line per source line
ok 115 - a block comment that spans lines is printed one line per source line
  ---
  duration_ms: 0.344667
  type: 'test'
  ...
# Subtest: deep nesting does not push short calls onto many lines
ok 116 - deep nesting does not push short calls onto many lines
  ---
  duration_ms: 1.603375
  type: 'test'
  ...
# Subtest: webview packages canonical CSS and hashed scripts with a fresh nonce and adapter first
ok 117 - webview packages canonical CSS and hashed scripts with a fresh nonce and adapter first
  ---
  duration_ms: 11.83925
  type: 'test'
  ...
# Subtest: snapshotAssets returns complete portable assets and pristine template without the host adapter
ok 118 - snapshotAssets returns complete portable assets and pristine template without the host adapter
  ---
  duration_ms: 3.65375
  type: 'test'
  ...
# Subtest: saveSnapshot uses the user-selected destination, preserves UTF-8, and strips paths from the suggested name
ok 119 - saveSnapshot uses the user-selected destination, preserves UTF-8, and strips paths from the suggested name
  ---
  duration_ms: 2.343167
  type: 'test'
  ...
# Subtest: snapshot cancellation writes nothing and failures return a request error
ok 120 - snapshot cancellation writes nothing and failures return a request error
  ---
  duration_ms: 1.897
  type: 'test'
  ...
# Subtest: malformed messages, unsupported requests and storage keys cannot call privileged APIs
ok 121 - malformed messages, unsupported requests and storage keys cannot call privileged APIs
  ---
  duration_ms: 1.617375
  type: 'test'
  ...
# Subtest: openFile accepts model source paths and blocks traversal, absolute paths, and outside symlinks
ok 122 - openFile accepts model source paths and blocks traversal, absolute paths, and outside symlinks
  ---
  duration_ms: 2.569209
  type: 'test'
  ...
# Subtest: a standalone BIM only permits opening the selected model file
ok 123 - a standalone BIM only permits opening the selected model file
  ---
  duration_ms: 0.923291
  type: 'test'
  ...
# Subtest: untrusted workspaces may browse and load analysis files but never execute the cleaner
ok 124 - untrusted workspaces may browse and load analysis files but never execute the cleaner
  ---
  duration_ms: 2.043959
  type: 'test'
  ...
# Subtest: cleaner uses an executable and argument array without a shell, unique outputs and cleanup on every outcome
ok 125 - cleaner uses an executable and argument array without a shell, unique outputs and cleanup on every outcome
  ---
  duration_ms: 1.596208
  type: 'test'
  ...
# Subtest: ready initialization follows the latest requested model while an older read is pending
ok 126 - ready initialization follows the latest requested model while an older read is pending
  ---
  duration_ms: 4.811417
  type: 'test'
  ...
# Subtest: a slower openModel request cannot replace the newer model or watcher
ok 127 - a slower openModel request cannot replace the newer model or watcher
  ---
  duration_ms: 2.350959
  type: 'test'
  ...
# Subtest: a refresh cannot push stale data after switching models and refreshModel acknowledges its push
ok 128 - a refresh cannot push stale data after switching models and refreshModel acknowledges its push
  ---
  duration_ms: 1.736916
  type: 'test'
  ...
# Subtest: analysis picked for a previous model is cancelled and cannot be pushed by the command
ok 129 - analysis picked for a previous model is cancelled and cannot be pushed by the command
  ---
  duration_ms: 2.018875
  type: 'test'
  ...
# Subtest: automatic cleaner usage is tied to the model revision and includes the model identity
ok 130 - automatic cleaner usage is tied to the model revision and includes the model identity
  ---
  duration_ms: 2.096291
  type: 'test'
  ...
# Subtest: disposing the panel clears pending watcher refresh and prevents old reads reaching a new panel
ok 131 - disposing the panel clears pending watcher refresh and prevents old reads reaching a new panel
  ---
  duration_ms: 454.962083
  type: 'test'
  ...
# Subtest: VS Code boot seeds shared preferences before constructing and has an actionable empty model picker
ok 132 - VS Code boot seeds shared preferences before constructing and has an actionable empty model picker
  ---
  duration_ms: 9.779625
  type: 'test'
  ...
# Subtest: host default model retains the shared parser, dependency graph, table canvas and all four views
ok 133 - host default model retains the shared parser, dependency graph, table canvas and all four views
  ---
  duration_ms: 5.840208
  type: 'test'
  ...
# Subtest: choosing models uses host requests and keeps table membership, coordinates and usage isolated
ok 134 - choosing models uses host requests and keeps table membership, coordinates and usage isolated
  ---
  duration_ms: 5.128875
  type: 'test'
  ...
# Subtest: late open and analysis responses cannot replace a more recently selected model
ok 135 - late open and analysis responses cannot replace a more recently selected model
  ---
  duration_ms: 5.889
  type: 'test'
  ...
# Subtest: same-model refresh preserves selected measures and the existing table workspace and viewport
ok 136 - same-model refresh preserves selected measures and the existing table workspace and viewport
  ---
  duration_ms: 3.861125
  type: 'test'
  ...
# Subtest: host request errors remain actionable and file drops do not enter browser import
ok 137 - host request errors remain actionable and file drops do not enter browser import
  ---
  duration_ms: 2.15375
  type: 'test'
  ...
# Subtest: VS Code snapshot save uses host assets and save bridge, yields ordinary offline HTML, and supports cancellation
ok 138 - VS Code snapshot save uses host assets and save bridge, yields ordinary offline HTML, and supports cancellation
  ---
  duration_ms: 14.559375
  type: 'test'
  ...
# Subtest: optional Cleaner status pills render in library, selected measure, comparison DAX and table columns
ok 139 - optional Cleaner status pills render in library, selected measure, comparison DAX and table columns
  ---
  duration_ms: 5.028667
  type: 'test'
  ...
# Subtest: analysis mismatch is rejected and status maps are cleared when selecting a different model
ok 140 - analysis mismatch is rejected and status maps are cleared when selecting a different model
  ---
  duration_ms: 3.9185
  type: 'test'
  ...
# Subtest: host initialization errors produce an accessible failure instead of a blank or sample viewer
ok 141 - host initialization errors produce an accessible failure instead of a blank or sample viewer
  ---
  duration_ms: 1.58025
  type: 'test'
  ...
# Subtest: host model switching restores each model lane zoom before layout and fit
ok 142 - host model switching restores each model lane zoom before layout and fit
  ---
  duration_ms: 5.461042
  type: 'test'
  ...
# extension.test.js: ok
# Subtest: tests/extension.test.js
ok 9 - tests/extension.test.js
  ---
  duration_ms: 44.911958
  type: 'test'
  ...
# Subtest: star, constellation and layered place every card clear of the others (bundled model)
ok 144 - star, constellation and layered place every card clear of the others (bundled model)
  ---
  duration_ms: 157.478667
  type: 'test'
  ...
# Subtest: a single-hub subset keeps the per-hub ring (bundled model)
ok 145 - a single-hub subset keeps the per-hub ring (bundled model)
  ---
  duration_ms: 5.067041
  type: 'test'
  ...
# Subtest: the whole model star puts the conformed dims inside the ring of facts (bundled model)
ok 146 - the whole model star puts the conformed dims inside the ring of facts (bundled model)
  ---
  duration_ms: 17.896083
  type: 'test'
  ...
# Subtest: the tray of relationship-free tables sits under the picture (bundled model)
ok 147 - the tray of relationship-free tables sits under the picture (bundled model)
  ---
  duration_ms: 17.367834
  type: 'test'
  ...
# Subtest: layered puts every fact below every dimension (bundled model)
ok 148 - layered puts every fact below every dimension (bundled model)
  ---
  duration_ms: 28.523625
  type: 'test'
  ...
# Subtest: layouts are deterministic (bundled model)
ok 149 - layouts are deterministic (bundled model)
  ---
  duration_ms: 112.779833
  type: 'test'
  ...
# Subtest: star, constellation and layered place every card clear of the others (synthetic star)
ok 150 - star, constellation and layered place every card clear of the others (synthetic star)
  ---
  duration_ms: 6.1575
  type: 'test'
  ...
# Subtest: a single-hub subset keeps the per-hub ring (synthetic star)
ok 151 - a single-hub subset keeps the per-hub ring (synthetic star)
  ---
  duration_ms: 0.920958
  type: 'test'
  ...
# Subtest: the whole model star puts the conformed dims inside the ring of facts (synthetic star)
ok 152 - the whole model star puts the conformed dims inside the ring of facts (synthetic star)
  ---
  duration_ms: 1.00325
  type: 'test'
  ...
# Subtest: the tray of relationship-free tables sits under the picture (synthetic star)
ok 153 - the tray of relationship-free tables sits under the picture (synthetic star)
  ---
  duration_ms: 1.018083
  type: 'test'
  ...
# Subtest: layered puts every fact below every dimension (synthetic star)
ok 154 - layered puts every fact below every dimension (synthetic star)
  ---
  duration_ms: 1.027709
  type: 'test'
  ...
# Subtest: layouts are deterministic (synthetic star)
ok 155 - layouts are deterministic (synthetic star)
  ---
  duration_ms: 4.315125
  type: 'test'
  ...
# Subtest: star beats the galaxy rows on edge crossings for the bundled model
ok 156 - star beats the galaxy rows on edge crossings for the bundled model
  ---
  duration_ms: 63.140834
  type: 'test'
  ...
# Subtest: the converging arrange lands the whole model at or above the floor with nothing stacked
ok 157 - the converging arrange lands the whole model at or above the floor with nothing stacked
  ---
  duration_ms: 276.921916
  type: 'test'
  ...
# Subtest: chip titles scale with the zoom so a table name is never smaller than 11px on screen
ok 158 - chip titles scale with the zoom so a table name is never smaller than 11px on screen
  ---
  duration_ms: 1.006042
  type: 'test'
  ...
# Subtest: cellFor(k) always clears the chip drawn at k
ok 159 - cellFor(k) always clears the chip drawn at k
  ---
  duration_ms: 0.774083
  type: 'test'
  ...
# Subtest: full-card lanes leave room for the relationship pill, chip lanes keep the 12px gutter
ok 160 - full-card lanes leave room for the relationship pill, chip lanes keep the 12px gutter
  ---
  duration_ms: 0.763792
  type: 'test'
  ...
# Subtest: an arrange whose fit lands on full cards lays out again for that zoom
ok 161 - an arrange whose fit lands on full cards lays out again for that zoom
  ---
  duration_ms: 0.725792
  type: 'test'
  ...
# Subtest: a focused star at card zoom seats its cards a pill apart
ok 162 - a focused star at card zoom seats its cards a pill apart
  ---
  duration_ms: 1.1205
  type: 'test'
  ...
# Subtest: detail mode decides the chip treatment, zoom only decides it on Auto
ok 163 - detail mode decides the chip treatment, zoom only decides it on Auto
  ---
  duration_ms: 1.853292
  type: 'test'
  ...
# Subtest: the filter arrow is a fixed size on screen and doubles up for bidirectional edges
ok 164 - the filter arrow is a fixed size on screen and doubles up for bidirectional edges
  ---
  duration_ms: 0.728666
  type: 'test'
  ...
# Subtest: the combined pill puts each cardinality on the side its table lies, arrow in between
ok 165 - the combined pill puts each cardinality on the side its table lies, arrow in between
  ---
  duration_ms: 1.054208
  type: 'test'
  ...
# Subtest: the pill is a fixed size on screen and its seat box follows it
ok 166 - the pill is a fixed size on screen and its seat box follows it
  ---
  duration_ms: 0.710292
  type: 'test'
  ...
# Subtest: a label that would land on a card or on another label takes the next free seat
ok 167 - a label that would land on a card or on another label takes the next free seat
  ---
  duration_ms: 1.027917
  type: 'test'
  ...
# Subtest: a subset arrange never moves a table that is not on the canvas
ok 168 - a subset arrange never moves a table that is not on the canvas
  ---
  duration_ms: 12.212709
  type: 'test'
  ...
# Subtest: Arrange applies the layout chosen in Display, not a hard-coded grid
ok 169 - Arrange applies the layout chosen in Display, not a hard-coded grid
  ---
  duration_ms: 10.919042
  type: 'test'
  ...
# Subtest: Arrange leaves the tables that are hidden by focus where they were
ok 170 - Arrange leaves the tables that are hidden by focus where they were
  ---
  duration_ms: 49.5315
  type: 'test'
  ...
# Subtest: the grid option lays tables out in plain rows, on the same lanes as every other layout
ok 171 - the grid option lays tables out in plain rows, on the same lanes as every other layout
  ---
  duration_ms: 1.321375
  type: 'test'
  ...
# Subtest: the grid option seats the selected table ahead of the tables it connects to
ok 172 - the grid option seats the selected table ahead of the tables it connects to
  ---
  duration_ms: 0.95325
  type: 'test'
  ...
# Subtest: a big model arranges in well under a second instead of grinding on the refinement pass
ok 173 - a big model arranges in well under a second instead of grinding on the refinement pass
  ---
  duration_ms: 55.845666
  type: 'test'
  ...
# Subtest: a table related only to something off the canvas keeps its place beside the picture
ok 174 - a table related only to something off the canvas keeps its place beside the picture
  ---
  duration_ms: 1.03625
  type: 'test'
  ...
# Subtest: an arrange over tables with no relationships between them falls back to the grid
ok 175 - an arrange over tables with no relationships between them falls back to the grid
  ---
  duration_ms: 0.679792
  type: 'test'
  ...
# Subtest: fit aims at the unobstructed canvas: the drawer and the overview map are cut away, with 24px of padding
ok 176 - fit aims at the unobstructed canvas: the drawer and the overview map are cut away, with 24px of padding
  ---
  duration_ms: 0.564083
  type: 'test'
  ...
# Subtest: an obstruction that misses the canvas costs nothing, and one that swallows it falls back to the padded host
ok 177 - an obstruction that misses the canvas costs nothing, and one that swallows it falls back to the padded host
  ---
  duration_ms: 0.495042
  type: 'test'
  ...
# Subtest: Escape closes the Display popover first, then Saved views, and returns focus to the button
ok 178 - Escape closes the Display popover first, then Saved views, and returns focus to the button
  ---
  duration_ms: 0.59225
  type: 'test'
  ...
# Subtest: a press outside closes every open toolbar popover without stealing focus
ok 179 - a press outside closes every open toolbar popover without stealing focus
  ---
  duration_ms: 0.513709
  type: 'test'
  ...
# Subtest: Mac launcher reopens Google Chrome when its profile process survives without a viewer window
ok 180 - Mac launcher reopens Google Chrome when its profile process survives without a viewer window
  ---
  duration_ms: 9.613042
  type: 'test'
  ...
# Subtest: Mac launcher reopens Microsoft Edge when its profile process survives without a viewer window
ok 181 - Mac launcher reopens Microsoft Edge when its profile process survives without a viewer window
  ---
  duration_ms: 9.166125
  type: 'test'
  ...
# Subtest: Mac launcher cold start uses the same dedicated-profile window launch as reopening
ok 182 - Mac launcher cold start uses the same dedicated-profile window launch as reopening
  ---
  duration_ms: 17.009958
  type: 'test'
  ...
# Subtest: Mac launcher retains the default-browser fallback without Chrome or Edge
ok 183 - Mac launcher retains the default-browser fallback without Chrome or Edge
  ---
  duration_ms: 8.362
  type: 'test'
  ...
# Subtest: library search finds names, folders, home tables and DAX, expanding matching folders
ok 184 - library search finds names, folders, home tables and DAX, expanding matching folders
  ---
  duration_ms: 2.201584
  type: 'test'
  ...
# Subtest: visibility and home-table filters combine and stale table filters recover after model switching
ok 185 - visibility and home-table filters combine and stale table filters recover after model switching
  ---
  duration_ms: 0.467458
  type: 'test'
  ...
# Subtest: folder paths do not inflate the matching-measure count
ok 186 - folder paths do not inflate the matching-measure count
  ---
  duration_ms: 3.876375
  type: 'test'
  ...
# Subtest: DAX highlighting preserves source spelling and resolves qualified references and escaped identifiers
ok 187 - DAX highlighting preserves source spelling and resolves qualified references and escaped identifiers
  ---
  duration_ms: 0.783625
  type: 'test'
  ...
# Subtest: DAX render cache is invalidated whenever the selected main panel is rebuilt
ok 188 - DAX render cache is invalidated whenever the selected main panel is rebuilt
  ---
  duration_ms: 0.6855
  type: 'test'
  ...
# Subtest: Fit contains a large graph and Center uses scaled node coordinates
ok 189 - Fit contains a large graph and Center uses scaled node coordinates
  ---
  duration_ms: 0.41475
  type: 'test'
  ...
# Subtest: graph orientation preserves dependencies and reflects vertical layers without rotating labels
ok 190 - graph orientation preserves dependencies and reflects vertical layers without rotating labels
  ---
  duration_ms: 1.152959
  type: 'test'
  ...
# Subtest: branching and cyclic graphs stay inside bounds in every orientation
ok 191 - branching and cyclic graphs stay inside bounds in every orientation
  ---
  duration_ms: 0.986625
  type: 'test'
  ...
# Subtest: workspace preferences round-trip and invalid stored values receive safe defaults
ok 192 - workspace preferences round-trip and invalid stored values receive safe defaults
  ---
  duration_ms: 1.396125
  type: 'test'
  ...
# Subtest: zoom preserves the viewport center when moving between a fitted stage and scrolling
ok 193 - zoom preserves the viewport center when moving between a fitted stage and scrolling
  ---
  duration_ms: 0.478875
  type: 'test'
  ...
# Subtest: measure snapshot is JSON-safe and preserves comparison, library state, preferences and viewport
ok 194 - measure snapshot is JSON-safe and preserves comparison, library state, preferences and viewport
  ---
  duration_ms: 0.535417
  type: 'test'
  ...
# Subtest: snapshot restore sanitizes model references and numeric values without changing the app view or saved preferences
ok 195 - snapshot restore sanitizes model references and numeric values without changing the app view or saved preferences
  ---
  duration_ms: 0.452333
  type: 'test'
  ...
# Subtest: viewport restoration waits for visible layout and ignores superseded model state
ok 196 - viewport restoration waits for visible layout and ignores superseded model state
  ---
  duration_ms: 0.5225
  type: 'test'
  ...
# Subtest: invalid selections clear comparison and expansions, and auto-fit restores responsively
ok 197 - invalid selections clear comparison and expansions, and auto-fit restores responsively
  ---
  duration_ms: 0.351958
  type: 'test'
  ...
# Subtest: a hidden graph viewport is not reused for a different expansion context
ok 198 - a hidden graph viewport is not reused for a different expansion context
  ---
  duration_ms: 0.340791
  type: 'test'
  ...
# Subtest: dependents are grouped by home table then display folder, and the grouping is deterministic
ok 199 - dependents are grouped by home table then display folder, and the grouping is deterministic
  ---
  duration_ms: 1.239875
  type: 'test'
  ...
# Subtest: the group expander reveals every member and collapsing puts them back
ok 200 - the group expander reveals every member and collapsing puts them back
  ---
  duration_ms: 1.259875
  type: 'test'
  ...
# Subtest: group expansion is remembered per analyzed measure and never leaks between them
ok 201 - group expansion is remembered per analyzed measure and never leaks between them
  ---
  duration_ms: 1.122458
  type: 'test'
  ...
# Subtest: the graph opens on the analyzed measure at a readable zoom, in every orientation
ok 202 - the graph opens on the analyzed measure at a readable zoom, in every orientation
  ---
  duration_ms: 1.183708
  type: 'test'
  ...
# Subtest: a small dependency graph is not grouped
ok 203 - a small dependency graph is not grouped
  ---
  duration_ms: 0.393625
  type: 'test'
  ...
# Subtest: collapsed measures retain semantic roles and Expand all draws every included path
ok 204 - collapsed measures retain semantic roles and Expand all draws every included path
  ---
  duration_ms: 1.279209
  type: 'test'
  ...
# Subtest: plus six reveals six downstream neighbours and minus removes exactly those six
ok 205 - plus six reveals six downstream neighbours and minus removes exactly those six
  ---
  duration_ms: 1.857458
  type: 'test'
  ...
# Subtest: legacy extras cannot offer to remove mandatory upstream or downstream measures
ok 206 - legacy extras cannot offer to remove mandatory upstream or downstream measures
  ---
  duration_ms: 0.603709
  type: 'test'
  ...
# Subtest: Expand all reports the display limit and does not hide additional groups at the cap
ok 207 - Expand all reports the display limit and does not hide additional groups at the cap
  ---
  duration_ms: 23.551417
  type: 'test'
  ...
# Subtest: library search lists name matches before measures that only mention the text in DAX
ok 208 - library search lists name matches before measures that only mention the text in DAX
  ---
  duration_ms: 0.653
  type: 'test'
  ...
# Subtest: DAX code block resets the host <code> styling so tokens stay readable in VS Code themes
ok 209 - DAX code block resets the host <code> styling so tokens stay readable in VS Code themes
  ---
  duration_ms: 0.159292
  type: 'test'
  ...
# Subtest: entire registry is initially laid out including disconnected/status/duplicate display IDs
ok 210 - entire registry is initially laid out including disconnected/status/duplicate display IDs
  ---
  duration_ms: 3.227083
  type: 'test'
  ...
# Subtest: zero-edge model is complete and supplied cycle components are grouped
ok 211 - zero-edge model is complete and supplied cycle components are grouped
  ---
  duration_ms: 1.179416
  type: 'test'
  ...
# Subtest: visibility is silent induced-edge projection; matches only dim; hidden selection/minimap remain explicit
ok 212 - visibility is silent induced-edge projection; matches only dim; hidden selection/minimap remain explicit
  ---
  duration_ms: 1.338625
  type: 'test'
  ...
# Subtest: empty projection does not discard complete model or auto-fit
ok 213 - empty projection does not discard complete model or auto-fit
  ---
  duration_ms: 0.606709
  type: 'test'
  ...
# Subtest: pan threshold distinguishes blank click from drag; node drag is layout only
ok 214 - pan threshold distinguishes blank click from drag; node drag is layout only
  ---
  duration_ms: 1.184167
  type: 'test'
  ...
# Subtest: wheel/pinch keep gesture anchor fixed and have finite positive scale
ok 215 - wheel/pinch keep gesture anchor fixed and have finite positive scale
  ---
  duration_ms: 0.991792
  type: 'test'
  ...
# Subtest: provided-host keyboard fallback pans; node arrows rove/Enter selects; input shortcuts ignored
ok 216 - provided-host keyboard fallback pans; node arrows rove/Enter selects; input shortcuts ignored
  ---
  duration_ms: 0.900042
  type: 'test'
  ...
# Subtest: queued resize after explicit Back viewport restore cannot translate or notify
ok 217 - queued resize after explicit Back viewport restore cannot translate or notify
  ---
  duration_ms: 0.851708
  type: 'test'
  ...
# Subtest: edge callback uses host CSS anchor and full stable edge ID
ok 218 - edge callback uses host CSS anchor and full stable edge ID
  ---
  duration_ms: 0.896042
  type: 'test'
  ...
# Subtest: layout captures cannot restore into another generation with coincident IDs
ok 219 - layout captures cannot restore into another generation with coincident IDs
  ---
  duration_ms: 0.828208
  type: 'test'
  ...
# Subtest: same-generation updates/layout restores preserve view; generation/null clears filters and old gestures
ok 220 - same-generation updates/layout restores preserve view; generation/null clears filters and old gestures
  ---
  duration_ms: 1.104417
  type: 'test'
  ...
# Subtest: 300/301/350/1000 registries and parameter fanout retain last object without caps
ok 221 - 300/301/350/1000 registries and parameter fanout retain last object without caps
  ---
  duration_ms: 63.901041
  type: 'test'
  ...
# Subtest: search and focus dim independently without hiding membership or mutating registry
ok 222 - search and focus dim independently without hiding membership or mutating registry
  ---
  duration_ms: 1.097041
  type: 'test'
  ...
# Subtest: explicit Arrange touches only visible requested positions and is silent, registry preserving and undoable
ok 223 - explicit Arrange touches only visible requested positions and is silent, registry preserving and undoable
  ---
  duration_ms: 0.624958
  type: 'test'
  ...
# Subtest: minimap nodes, induced edges and bounds use only rendered IDs; empty stays honest and registry survives
ok 224 - minimap nodes, induced edges and bounds use only rendered IDs; empty stays honest and registry survives
  ---
  duration_ms: 0.752208
  type: 'test'
  ...
# Subtest: Center genuinely centers already-visible nodes at pan/zoom and side/below/resized host bounds
ok 225 - Center genuinely centers already-visible nodes at pan/zoom and side/below/resized host bounds
  ---
  duration_ms: 0.737791
  type: 'test'
  ...
# Subtest: blank/add repositions far-away new members near current view collision-free, preserves other manual positions and Undo
ok 226 - blank/add repositions far-away new members near current view collision-free, preserves other manual positions and Undo
  ---
  duration_ms: 0.95
  type: 'test'
  ...
# Subtest: narrow side canvas prefers a visible vertical neighbor; collisions preserve the manual anchor
ok 227 - narrow side canvas prefers a visible vertical neighbor; collisions preserve the manual anchor
  ---
  duration_ms: 0.746042
  type: 'test'
  ...
# Subtest: straight routes retain input-to-consumer endpoints after reversal, stacking and self cycles; hit path follows geometry
ok 228 - straight routes retain input-to-consumer endpoints after reversal, stacking and self cycles; hit path follows geometry
  ---
  duration_ms: 0.895459
  type: 'test'
  ...
# Subtest: straight long links detour around visible intervening cards and simplify when the obstacle is hidden
ok 229 - straight long links detour around visible intervening cards and simplify when the obstacle is hidden
  ---
  duration_ms: 0.601667
  type: 'test'
  ...
# Subtest: reciprocal edges have independent 14px hit corridors in every orientation and after the reported drag
ok 230 - reciprocal edges have independent 14px hit corridors in every orientation and after the reported drag
  ---
  duration_ms: 1.945959
  type: 'test'
  ...
# Subtest: flow target and inspected branch are independent of selection and never mutate routes or positions
ok 231 - flow target and inspected branch are independent of selection and never mutate routes or positions
  ---
  duration_ms: 1.008542
  type: 'test'
  ...
# Subtest: quoted identifiers decode escapes; strings and comments never create edges
ok 232 - quoted identifiers decode escapes; strings and comments never create edges
  ---
  duration_ms: 4.275041
  type: 'test'
  ...
# Subtest: let forward references, nested sibling scopes and quoted shadowing
ok 233 - let forward references, nested sibling scopes and quoted shadowing
  ---
  duration_ms: 0.810583
  type: 'test'
  ...
# Subtest: exclusive initialization is explicit, inclusive recursive references are local
ok 234 - exclusive initialization is explicit, inclusive recursive references are local
  ---
  duration_ms: 1.319083
  type: 'test'
  ...
# Subtest: typed functions and each do not shadow sibling arguments or branches
ok 235 - typed functions and each do not shadow sibling arguments or branches
  ---
  duration_ms: 1.306834
  type: 'test'
  ...
# Subtest: record generalized fields, projection, item access and type names
ok 236 - record generalized fields, projection, item access and type names
  ---
  duration_ms: 0.923417
  type: 'test'
  ...
# Subtest: dynamic, unresolved, library and malformed inputs remain explicit
ok 237 - dynamic, unresolved, library and malformed inputs remain explicit
  ---
  duration_ms: 1.840042
  type: 'test'
  ...
# Subtest: table names resolve rather than partition names; ambiguous identities never resolve
ok 238 - table names resolve rather than partition names; ambiguous identities never resolve
  ---
  duration_ms: 0.287958
  type: 'test'
  ...
# Subtest: graph exposes direct edges, cycle components and disconnected nodes without mutation
ok 239 - graph exposes direct edges, cycle components and disconnected nodes without mutation
  ---
  duration_ms: 0.559375
  type: 'test'
  ...
# Subtest: depth limits are explicit and do not throw to consumers
ok 240 - depth limits are explicit and do not throw to consumers
  ---
  duration_ms: 0.56625
  type: 'test'
  ...
# Subtest: render provides safe clickable code navigation and visible uncertainty in its host
ok 241 - render provides safe clickable code navigation and visible uncertainty in its host
  ---
  duration_ms: 0.538833
  type: 'test'
  ...
# Subtest: missing/non-M targets remain navigable and every result retains partial status
ok 242 - missing/non-M targets remain navigable and every result retains partial status
  ---
  duration_ms: 0.27125
  type: 'test'
  ...
# Subtest: render exposes cycles and replaces the old host contents on navigation
ok 243 - render exposes cycles and replaces the old host contents on navigation
  ---
  duration_ms: 0.296667
  type: 'test'
  ...
# Subtest: complete inventory includes disconnected objects, explicit partitions and status-only tables
ok 244 - complete inventory includes disconnected objects, explicit partitions and status-only tables
  ---
  duration_ms: 3.633792
  type: 'test'
  ...
# Subtest: merge/append static inputs reverse legacy direction exactly once with all occurrences
ok 245 - merge/append static inputs reverse legacy direction exactly once with all occurrences
  ---
  duration_ms: 0.97625
  type: 'test'
  ...
# Subtest: SQL source literals, semantic relationships and partition ownership never create edges
ok 246 - SQL source literals, semantic relationships and partition ownership never create edges
  ---
  duration_ms: 0.819958
  type: 'test'
  ...
# Subtest: complete parameter fanout and final disconnected object survive all requested thresholds
ok 247 - complete parameter fanout and final disconnected object survive all requested thresholds
  ---
  duration_ms: 171.352084
  type: 'test'
  ...
# Subtest: duplicate IDs retain every row with stable collision-safe UI identity and no guessed edges
ok 248 - duplicate IDs retain every row with stable collision-safe UI identity and no guessed edges
  ---
  duration_ms: 1.207125
  type: 'test'
  ...
# Subtest: duplicate names, multipartition names and same-named expression/table remain ambiguous
ok 249 - duplicate names, multipartition names and same-named expression/table remain ambiguous
  ---
  duration_ms: 0.865458
  type: 'test'
  ...
# Subtest: local shadowing, malformed code and placeholders never invent edges; legacy synthetic _ is reported
ok 250 - local shadowing, malformed code and placeholders never invent edges; legacy synthetic _ is reported
  ---
  duration_ms: 0.409292
  type: 'test'
  ...
# Subtest: missing/non-M referenced metadata keeps valid static name edges, but contributes no outgoing analysis
ok 251 - missing/non-M referenced metadata keeps valid static name edges, but contributes no outgoing analysis
  ---
  duration_ms: 0.384208
  type: 'test'
  ...
# Subtest: stable cycles use only emitted edges and handle long whole-model paths without legacy cycle cap
ok 252 - stable cycles use only emitted edges and handle long whole-model paths without legacy cycle cap
  ---
  duration_ms: 140.321292
  type: 'test'
  ...
# Subtest: unavailable model metadata produces status inventory without retaining earlier model state
ok 253 - unavailable model metadata produces status inventory without retaining earlier model state
  ---
  duration_ms: 0.734875
  type: 'test'
  ...
# Subtest: cancellation and model-switch/destroy generation gate suppress progress and result publication
ok 254 - cancellation and model-switch/destroy generation gate suppress progress and result publication
  ---
  duration_ms: 0.698417
  type: 'test'
  ...
# Subtest: cancellation from final progress callback still prevents completed graph return
ok 255 - cancellation from final progress callback still prevents completed graph return
  ---
  duration_ms: 0.265209
  type: 'test'
  ...
# Subtest: same-model metadata replacement during progress cancels the old graph
ok 256 - same-model metadata replacement during progress cancels the old graph
  ---
  duration_ms: 0.45125
  type: 'test'
  ...
# Subtest: exact CRLF/quoted/repeated/non-BMP source slices are separate from numbered gutter; Copy original source
ok 257 - exact CRLF/quoted/repeated/non-BMP source slices are separate from numbered gutter; Copy original source
  ---
  duration_ms: 5.231916
  type: 'test'
  ...
# Subtest: invalid/overlapping/missing-target spans never create guessed links
ok 258 - invalid/overlapping/missing-target spans never create guessed links
  ---
  duration_ms: 2.121791
  type: 'test'
  ...
# Subtest: opaque uncertainty is neutral disclosure; presentation diagnostics are review; no regex classification
ok 259 - opaque uncertainty is neutral disclosure; presentation diagnostics are review; no regex classification
  ---
  duration_ms: 0.596583
  type: 'test'
  ...
# Subtest: duplicate graph IDs select exactly supplied rows; status rows have no invented M
ok 260 - duplicate graph IDs select exactly supplied rows; status rows have no invented M
  ---
  duration_ms: 0.798709
  type: 'test'
  ...
# Subtest: capture/restore contains both scroll axes, wrap and stable occurrence descriptor
ok 261 - capture/restore contains both scroll axes, wrap and stable occurrence descriptor
  ---
  duration_ms: 0.78
  type: 'test'
  ...
# Subtest: new selection, same-ID select, close, suspend, reset and destroy cancel queued restores
ok 262 - new selection, same-ID select, close, suspend, reset and destroy cancel queued restores
  ---
  duration_ms: 2.849083
  type: 'test'
  ...
# Subtest: newer restore/direct focus wins within same generation
ok 263 - newer restore/direct focus wins within same generation
  ---
  duration_ms: 0.507958
  type: 'test'
  ...
# Subtest: same-generation context and hide/reopen preserve view; generation reset clears hidden source and callbacks
ok 264 - same-generation context and hide/reopen preserve view; generation reset clears hidden source and callbacks
  ---
  duration_ms: 0.760125
  type: 'test'
  ...
# Subtest: clipboard completion after close/reopen or reset cannot repaint code/status
ok 265 - clipboard completion after close/reopen or reset cannot repaint code/status
  ---
  duration_ms: 0.723792
  type: 'test'
  ...
# Subtest: focus controls emit only generation/selected-ID actions; Infinity serializes without changing source/view
ok 266 - focus controls emit only generation/selected-ID actions; Infinity serializes without changing source/view
  ---
  duration_ms: 1.156542
  type: 'test'
  ...
# Subtest: history restores focused controls by descriptor and never keeps old control DOM
ok 267 - history restores focused controls by descriptor and never keeps old control DOM
  ---
  duration_ms: 0.503583
  type: 'test'
  ...
# Subtest: Back retains strict 325px scroll with always-visible options; unrelated disclosures stay closed
ok 268 - Back retains strict 325px scroll with always-visible options; unrelated disclosures stay closed
  ---
  duration_ms: 0.979791
  type: 'test'
  ...
# Subtest: all four optional disclosure combinations restore exact scroll and booleans across source selection
ok 269 - all four optional disclosure combinations restore exact scroll and booleans across source selection
  ---
  duration_ms: 3.131875
  type: 'test'
  ...
# Subtest: legacy and partial disclosure state leave absent, invalid and unknown sections untouched
ok 270 - legacy and partial disclosure state leave absent, invalid and unknown sections untouched
  ---
  duration_ms: 0.994208
  type: 'test'
  ...
# Subtest: restored primary focus preserves scroll, and focus-triggered navigation cannot receive old scroll
ok 271 - restored primary focus preserves scroll, and focus-triggered navigation cannot receive old scroll
  ---
  duration_ms: 0.579416
  type: 'test'
  ...
# Subtest: stale disclosure restores cannot reopen prior or current source after any lifecycle cancellation
ok 272 - stale disclosure restores cannot reopen prior or current source after any lifecycle cancellation
  ---
  duration_ms: 2.931958
  type: 'test'
  ...
# Subtest: primary neighborhood controls stay visible, default wrap is true and explicit saved false survives history
ok 273 - primary neighborhood controls stay visible, default wrap is true and explicit saved false survives history
  ---
  duration_ms: 0.452083
  type: 'test'
  ...
# Subtest: expanded reader moves exact code DOM, copies original CRLF/UTF16 source, Escape closes reader first and returns focus
ok 274 - expanded reader moves exact code DOM, copies original CRLF/UTF16 source, Escape closes reader first and returns focus
  ---
  duration_ms: 0.514167
  type: 'test'
  ...
# Subtest: expanded history restores source focus/scroll and cannot reopen after stale lifecycle work
ok 275 - expanded history restores source focus/scroll and cannot reopen after stale lifecycle work
  ---
  duration_ms: 2.182167
  type: 'test'
  ...
# Subtest: reader keyboard boundary stays inside, and native-dialog autofocus navigation cancels old view restore
ok 276 - reader keyboard boundary stays inside, and native-dialog autofocus navigation cancels old view restore
  ---
  duration_ms: 1.103958
  type: 'test'
  ...
# Subtest: full-query entry precedes all focus controls and source without duplicating or reformatting code
ok 277 - full-query entry precedes all focus controls and source without duplicating or reformatting code
  ---
  duration_ms: 1.4095
  type: 'test'
  ...
# Subtest: direct input and consumer buttons emit supplied IDs without requiring or inventing source ranges
ok 278 - direct input and consumer buttons emit supplied IDs without requiring or inventing source ranges
  ---
  duration_ms: 0.467625
  type: 'test'
  ...
# Subtest: progressive expansion and exact code navigation preserve partition root, expansion and scroll
ok 279 - progressive expansion and exact code navigation preserve partition root, expansion and scroll
  ---
  duration_ms: 3.787708
  type: 'test'
  ...
# Subtest: partition state is isolated and app model/metadata replacement clears expansion
ok 280 - partition state is isolated and app model/metadata replacement clears expansion
  ---
  duration_ms: 1.075459
  type: 'test'
  ...
# Subtest: SCC and self cycles terminate; dynamic/missing references stay visible as uncertainty
ok 281 - SCC and self cycles terminate; dynamic/missing references stay visible as uncertainty
  ---
  duration_ms: 0.546
  type: 'test'
  ...
# Subtest: duplicate, missing, wrong-table, non-M and no-root states never open arbitrary code
ok 282 - duplicate, missing, wrong-table, non-M and no-root states never open arbitrary code
  ---
  duration_ms: 2.053833
  type: 'test'
  ...
# Subtest: optional analyzer unavailable is explicit
ok 283 - optional analyzer unavailable is explicit
  ---
  duration_ms: 0.417792
  type: 'test'
  ...
# Subtest: hostile labels are text, keyboard navigation moves focus and edge navigation targets upstream code
ok 284 - hostile labels are text, keyboard navigation moves focus and edge navigation targets upstream code
  ---
  duration_ms: 0.4265
  type: 'test'
  ...
# Subtest: large graph uses complete metadata resolution but caps visible nodes with explicit limits
ok 285 - large graph uses complete metadata resolution but caps visible nodes with explicit limits
  ---
  duration_ms: 4.517166
  type: 'test'
  ...
# Subtest: large-model duplicate names never become resolved edges
ok 286 - large-model duplicate names never become resolved edges
  ---
  duration_ms: 0.5035
  type: 'test'
  ...
# Subtest: branch expansion caps nodes and reset restores first page
ok 287 - branch expansion caps nodes and reset restores first page
  ---
  duration_ms: 2.636875
  type: 'test'
  ...
# Subtest: model replacement without a valid root still invalidates previous state
ok 288 - model replacement without a valid root still invalidates previous state
  ---
  duration_ms: 0.706125
  type: 'test'
  ...
# Subtest: bounded large-model cycle findings include only expanded visible edges
ok 289 - bounded large-model cycle findings include only expanded visible edges
  ---
  duration_ms: 0.623084
  type: 'test'
  ...
# Subtest: every repeated occurrence retains exact quoted spelling and UTF-16 end-exclusive range
ok 290 - every repeated occurrence retains exact quoted spelling and UTF-16 end-exclusive range
  ---
  duration_ms: 4.138459
  type: 'test'
  ...
# Subtest: scope walk excludes locals, parameters, fields, comments and strings while retaining sibling refs
ok 291 - scope walk excludes locals, parameters, fields, comments and strings while retaining sibling refs
  ---
  duration_ms: 1.501
  type: 'test'
  ...
# Subtest: explicit inclusive global token range excludes the @ punctuation
ok 292 - explicit inclusive global token range excludes the @ punctuation
  ---
  duration_ms: 0.325084
  type: 'test'
  ...
# Subtest: ambiguous names, duplicate IDs and multipartition tables do not produce ranges
ok 293 - ambiguous names, duplicate IDs and multipartition tables do not produce ranges
  ---
  duration_ms: 0.358125
  type: 'test'
  ...
# Subtest: malformed and unavailable expressions clear both outputs
ok 294 - malformed and unavailable expressions clear both outputs
  ---
  duration_ms: 2.265709
  type: 'test'
  ...
# Subtest: synthetic implicit _ remains legacy-only; real _ still has a source range
ok 295 - synthetic implicit _ remains legacy-only; real _ still has a source range
  ---
  duration_ms: 0.421
  type: 'test'
  ...
# Subtest: legacy graph edge schema, direction and dedup remain unchanged
ok 296 - legacy graph edge schema, direction and dedup remain unchanged
  ---
  duration_ms: 0.643208
  type: 'test'
  ...
# Subtest: shared chrome is source-free text presentation with caller-owned identity and interactions
ok 297 - shared chrome is source-free text presentation with caller-owned identity and interactions
  ---
  duration_ms: 1.01525
  type: 'test'
  ...
# Subtest: positional mapping keeps duplicate rows distinct; no metadata ID overwrite
ok 298 - positional mapping keeps duplicate rows distinct; no metadata ID overwrite
  ---
  duration_ms: 3.588542
  type: 'test'
  ...
# Subtest: connectivity uses complete resolved incident edges, including parameter/status rows without relations
ok 299 - connectivity uses complete resolved incident edges, including parameter/status rows without relations
  ---
  duration_ms: 1.524
  type: 'test'
  ...
# Subtest: ranges are authoritative UTF16 slices and invalid/overlapping spans never become links
ok 300 - ranges are authoritative UTF16 slices and invalid/overlapping spans never become links
  ---
  duration_ms: 0.463417
  type: 'test'
  ...
# Subtest: identity gates reject model/metadata replacement, revision changes and duplicate reorder
ok 301 - identity gates reject model/metadata replacement, revision changes and duplicate reorder
  ---
  duration_ms: 0.401416
  type: 'test'
  ...
# Subtest: worker executes canonical build in isolated context, emits atomic graph and job-bound progress
ok 302 - worker executes canonical build in isolated context, emits atomic graph and job-bound progress
  ---
  duration_ms: 1.731708
  type: 'test'
  ...
# Subtest: excluded reference clears filters; Back restores filters/view/scroll without Fit/reveal
ok 303 - excluded reference clears filters; Back restores filters/view/scroll without Fit/reveal
  ---
  duration_ms: 0.873292
  type: 'test'
  ...
# Subtest: matching library selection retains search; Show all preserves selected object and does not Fit
ok 304 - matching library selection retains search; Show all preserves selected object and does not Fit
  ---
  duration_ms: 0.49025
  type: 'test'
  ...
# Subtest: late navigation callbacks fail generation and source identity gates
ok 305 - late navigation callbacks fail generation and source identity gates
  ---
  duration_ms: 0.385042
  type: 'test'
  ...
# Subtest: real scheduler cancellation terminates worker and rejects queued old-generation graph messages
ok 306 - real scheduler cancellation terminates worker and rejects queued old-generation graph messages
  ---
  duration_ms: 17.116542
  type: 'test'
  ...
# Subtest: worker unavailable produces explicit error with no synchronous analysis fallback
ok 307 - worker unavailable produces explicit error with no synchronous analysis fallback
  ---
  duration_ms: 17.137583
  type: 'test'
  ...
# Subtest: model replaced while runtime assets load cannot launch or publish an old worker
ok 308 - model replaced while runtime assets load cannot launch or publish an old worker
  ---
  duration_ms: 32.022542
  type: 'test'
  ...
# Subtest: Back deferred focus cannot override a newer same-generation navigation
ok 309 - Back deferred focus cannot override a newer same-generation navigation
  ---
  duration_ms: 0.716833
  type: 'test'
  ...
# Subtest: terminal worker error invalidates queued ready publication and retained lookup
ok 310 - terminal worker error invalidates queued ready publication and retained lookup
  ---
  duration_ms: 16.618125
  type: 'test'
  ...
# Subtest: peer tab suspension happens only on transitions and preserves same-model context
ok 311 - peer tab suspension happens only on transitions and preserves same-model context
  ---
  duration_ms: 0.671333
  type: 'test'
  ...
# Subtest: Reset filters restores exact viewport after banner layout, preserving selection inspector and history
ok 312 - Reset filters restores exact viewport after banner layout, preserving selection inspector and history
  ---
  duration_ms: 0.596083
  type: 'test'
  ...
# Subtest: Reset filters does not restore an old viewport after replacement or newer navigation
ok 313 - Reset filters does not restore an old viewport after replacement or newer navigation
  ---
  duration_ms: 1.279458
  type: 'test'
  ...
# Subtest: inspector resize changes independent orientation dimensions and clamps practical bounds
ok 314 - inspector resize changes independent orientation dimensions and clamps practical bounds
  ---
  duration_ms: 0.581458
  type: 'test'
  ...
# Subtest: membership/category/focus/search stay distinct and traversals bound cycles
ok 315 - membership/category/focus/search stay distinct and traversals bound cycles
  ---
  duration_ms: 0.680417
  type: 'test'
  ...
# Subtest: remove and blank affect layout only; Undo and Back restore separate state without source mutation
ok 316 - remove and blank affect layout only; Undo and Back restore separate state without source mutation
  ---
  duration_ms: 0.714875
  type: 'test'
  ...
# Subtest: layout Undo is bounded and model replacement invalidates either restoration
ok 317 - layout Undo is bounded and model replacement invalidates either restoration
  ---
  duration_ms: 0.590458
  type: 'test'
  ...
# Subtest: table entry uses exact association and never chooses a multipartition default
ok 318 - table entry uses exact association and never chooses a multipartition default
  ---
  duration_ms: 0.485125
  type: 'test'
  ...
# Subtest: Back restores viewport after the final hidden-selection banner layout
ok 319 - Back restores viewport after the final hidden-selection banner layout
  ---
  duration_ms: 0.54925
  type: 'test'
  ...
# Subtest: Back finalizes controls before restoring disclosure and scroll state
ok 320 - Back finalizes controls before restoring disclosure and scroll state
  ---
  duration_ms: 0.870583
  type: 'test'
  ...
# Subtest: group filtering uses exact metadata and persists opaquely through Back and reset
ok 321 - group filtering uses exact metadata and persists opaquely through Back and reset
  ---
  duration_ms: 0.64725
  type: 'test'
  ...
# Subtest: new membership requests placement once, preserves other members and explicit drop coordinates
ok 322 - new membership requests placement once, preserves other members and explicit drop coordinates
  ---
  duration_ms: 0.632083
  type: 'test'
  ...
# Subtest: Center selected dispatches genuine center only for a current visible selection
ok 323 - Center selected dispatches genuine center only for a current visible selection
  ---
  duration_ms: 0.528875
  type: 'test'
  ...
# Subtest: group-only metadata changes invalidate captured workspace identity
ok 324 - group-only metadata changes invalidate captured workspace identity
  ---
  duration_ms: 0.341792
  type: 'test'
  ...
# Subtest: flow branch follows only directed resolved paths, excludes merge siblings and terminates cycles
ok 325 - flow branch follows only directed resolved paths, excludes merge siblings and terminates cycles
  ---
  duration_ms: 0.889875
  type: 'test'
  ...
# Subtest: inspecting a reference retains flow root and direction; Back and layout Undo restore root independently
ok 326 - inspecting a reference retains flow root and direction; Back and layout Undo restore root independently
  ---
  duration_ms: 0.6645
  type: 'test'
  ...
# Subtest: first query establishes an all-depth flow and new generation clears it
ok 327 - first query establishes an all-depth flow and new generation clears it
  ---
  duration_ms: 1.245667
  type: 'test'
  ...
# Subtest: Arrange enables Undo immediately even when it was previously disabled
ok 328 - Arrange enables Undo immediately even when it was previously disabled
  ---
  duration_ms: 0.564459
  type: 'test'
  ...
# Subtest: adding the first object to a blank layout establishes its flow target
ok 329 - adding the first object to a blank layout establishes its flow target
  ---
  duration_ms: 0.525583
  type: 'test'
  ...
# Subtest: BIM preserves exact string / array code, partitions, stable identities, kinds and missing states
ok 330 - BIM preserves exact string / array code, partitions, stable identities, kinds and missing states
  ---
  duration_ms: 3.113208
  type: 'test'
  ...
# Subtest: TMDL keeps decoded M indentation, quoted names, multiple partitions and shared expressions
ok 331 - TMDL keeps decoded M indentation, quoted names, multiple partitions and shared expressions
  ---
  duration_ms: 1.9275
  type: 'test'
  ...
# Subtest: TMDL fenced code preserves trailing whitespace, blank lines and CRLF
ok 332 - TMDL fenced code preserves trailing whitespace, blank lines and CRLF
  ---
  duration_ms: 1.196417
  type: 'test'
  ...
# Subtest: identities survive file order and no metadata does not invent code
ok 333 - identities survive file order and no metadata does not invent code
  ---
  duration_ms: 0.974084
  type: 'test'
  ...
# Subtest: snapshot export allowlist excludes raw M and metadata (including hostile markers)
ok 334 - snapshot export allowlist excludes raw M and metadata (including hostile markers)
  ---
  duration_ms: 0.615791
  type: 'test'
  ...
# Subtest: stale hook code navigation cannot close or change a newer model inspector
ok 335 - stale hook code navigation cannot close or change a newer model inspector
  ---
  duration_ms: 1.1145
  type: 'test'
  ...
# Subtest: explicit BIM query group references resolve declared nested folders without name inference or snapshot exposure
ok 336 - explicit BIM query group references resolve declared nested folders without name inference or snapshot exposure
  ---
  duration_ms: 0.548125
  type: 'test'
  ...
# Subtest: TMDL group properties before/after exact fenced expressions and partition sources stay metadata
ok 337 - TMDL group properties before/after exact fenced expressions and partition sources stay metadata
  ---
  duration_ms: 0.541792
  type: 'test'
  ...
# Subtest: filter addendum artifacts are reproducible and preserve explicit expected incidence sets
ok 338 - filter addendum artifacts are reproducible and preserve explicit expected incidence sets
  ---
  duration_ms: 2.586834
  type: 'test'
  ...
# Subtest: all-disconnected same SQL and semantic relationship is All6 Connected0 Disconnected6
ok 339 - all-disconnected same SQL and semantic relationship is All6 Connected0 Disconnected6
  ---
  duration_ms: 0.431084
  type: 'test'
  ...
# Subtest: parameter fanout counts unique incident objects, not arrow count or inbound-only dependencies
ok 340 - parameter fanout counts unique incident objects, not arrow count or inbound-only dependencies
  ---
  duration_ms: 1.165792
  type: 'test'
  ...
# Subtest: cycles, duplicate rows, unavailable inputs, status objects and unused parameter have deliberate categories
ok 341 - cycles, duplicate rows, unavailable inputs, status objects and unused parameter have deliberate categories
  ---
  duration_ms: 0.128917
  type: 'test'
  ...
# Subtest: 300/301/350/1000 category totals do not truncate; same-ID replacement changes category membership
ok 342 - 300/301/350/1000 category totals do not truncate; same-ID replacement changes category membership
  ---
  duration_ms: 0.05675
  type: 'test'
  ...
# Subtest: state oracle rejects search-derived graph, category counts after search, stale filter/search and invented independence
ok 343 - state oracle rejects search-derived graph, category counts after search, stale filter/search and invented independence
  ---
  duration_ms: 1.50275
  type: 'test'
  ...
# Subtest: hidden methods and explicit empty category are separate from empty model
ok 344 - hidden methods and explicit empty category are separate from empty model
  ---
  duration_ms: 0.243667
  type: 'test'
  ...
# Subtest: combined hidden-selection, Show all, reference/library navigation, Back and Reset workflows reject violations
ok 345 - combined hidden-selection, Show all, reference/library navigation, Back and Reset workflows reject violations
  ---
  duration_ms: 12.180042
  type: 'test'
  ...
# Subtest: atomic ready oracle accepts pending links without progressive edges, rejects early category finalization
ok 346 - atomic ready oracle accepts pending links without progressive edges, rejects early category finalization
  ---
  duration_ms: 3.001042
  type: 'test'
  ...
# Subtest: generation reset invalidates same-ID membership, filter/search/selection/code/history and late messages
ok 347 - generation reset invalidates same-ID membership, filter/search/selection/code/history and late messages
  ---
  duration_ms: 1.153625
  type: 'test'
  ...
# Subtest: new filter browser validator requires supplied exact candidate and rejects synthetic evidence before execution
ok 348 - new filter browser validator requires supplied exact candidate and rejects synthetic evidence before execution
  ---
  duration_ms: 1.655042
  type: 'test'
  ...
# Subtest: new corpus is reproducible without any production imports
ok 349 - new corpus is reproducible without any production imports
  ---
  duration_ms: 3.874083
  type: 'test'
  ...
# Subtest: every authored dependency has an exact occurrence oracle; no expected edge is inferred by scanning names
ok 350 - every authored dependency has an exact occurrence oracle; no expected edge is inferred by scanning names
  ---
  duration_ms: 1.663625
  type: 'test'
  ...
# Subtest: A1 independently has six same-source queries, a semantic relationship and zero expected edges
ok 351 - A1 independently has six same-source queries, a semantic relationship and zero expected edges
  ---
  duration_ms: 0.084916
  type: 'test'
  ...
# Subtest: A2 five parameter arrows; A3 four result arrows; A6 exact boundary totals and >200 fanout
ok 352 - A2 five parameter arrows; A3 four result arrows; A6 exact boundary totals and >200 fanout
  ---
  duration_ms: 0.333625
  type: 'test'
  ...
# Subtest: A4 literal UTF-16 oracle protects repeated/escaped refs and CRLF bytes
ok 353 - A4 literal UTF-16 oracle protects repeated/escaped refs and CRLF bytes
  ---
  duration_ms: 0.859125
  type: 'test'
  ...
# Subtest: A7 contains intentional duplicate IDs, ambiguity, cycles, unavailable metadata; A8 reuses identities
ok 354 - A7 contains intentional duplicate IDs, ambiguity, cycles, unavailable metadata; A8 reuses identities
  ---
  duration_ms: 0.092834
  type: 'test'
  ...
# Subtest: graph oracle rejects invented SQL/relationship edges, reversal, missing inventory and duplicate UI IDs
ok 355 - graph oracle rejects invented SQL/relationship edges, reversal, missing inventory and duplicate UI IDs
  ---
  duration_ms: 0.516667
  type: 'test'
  ...
# Subtest: A4/A5/A6/A8 evidence oracles fail closed on missing or stale observations
ok 356 - A4/A5/A6/A8 evidence oracles fail closed on missing or stale observations
  ---
  duration_ms: 0.388125
  type: 'test'
  ...
# Subtest: A9 privacy oracle rejects exports of M, altered raw text, XSS and source requests
ok 357 - A9 privacy oracle rejects exports of M, altered raw text, XSS and source requests
  ---
  duration_ms: 0.283958
  type: 'test'
  ...
# Subtest: candidate gate rejects absent/short/exact rejected baseline SHA
ok 358 - candidate gate rejects absent/short/exact rejected baseline SHA
  ---
  duration_ms: 0.262792
  type: 'test'
  ...
# Subtest: browser receipt validator rejects synthetic/absent provenance before any acceptance
ok 359 - browser receipt validator rejects synthetic/absent provenance before any acceptance
  ---
  duration_ms: 1.094167
  type: 'test'
  ...
# Subtest: BIM independently authored inventory, exact text and states
ok 360 - BIM independently authored inventory, exact text and states
  ---
  duration_ms: 1.612458
  type: 'test'
  ...
# Subtest: TMDL independently authored inventory, exact text and states
ok 361 - TMDL independently authored inventory, exact text and states
  ---
  duration_ms: 2.947875
  type: 'test'
  ...
# Subtest: independent scope/lexical/dynamic oracle and cycles
ok 362 - independent scope/lexical/dynamic oracle and cycles
  ---
  duration_ms: 3.34875
  type: 'test'
  ...
# Subtest: snapshot analytical allowlist excludes all acceptance raw-code sentinels
ok 363 - snapshot analytical allowlist excludes all acceptance raw-code sentinels
  ---
  duration_ms: 0.236542
  type: 'test'
  ...
# Subtest: replacement metadata contains no previous query identities
ok 364 - replacement metadata contains no previous query identities
  ---
  duration_ms: 0.444042
  type: 'test'
  ...
# Subtest: serve.py answers the page: ping, browse, find, model, static files
ok 365 - serve.py answers the page: ping, browse, find, model, static files
  ---
  duration_ms: 84.31025
  type: 'test'
  ...
# Subtest: serve.py preserves raw fenced TMDL newlines and whitespace through metadata parsing
ok 366 - serve.py preserves raw fenced TMDL newlines and whitespace through metadata parsing
  ---
  duration_ms: 52.48975
  type: 'test'
  ...
# Subtest: serve.py refuses requests from other websites and never writes
ok 367 - serve.py refuses requests from other websites and never writes
  ---
  duration_ms: 55.063833
  type: 'test'
  ...
# Subtest: serve.py starts again on the same port right after it stopped
ok 368 - serve.py starts again on the same port right after it stopped
  ---
  duration_ms: 209.004917
  type: 'test'
  ...
# Subtest: offline startup restores graph without normal model, usage, repo or IDB access
ok 369 - offline startup restores graph without normal model, usage, repo or IDB access
  ---
  duration_ms: 6.780958
  type: 'test'
  ...
# Subtest: offline startup restores measures without normal model, usage, repo or IDB access
ok 370 - offline startup restores measures without normal model, usage, repo or IDB access
  ---
  duration_ms: 1.434625
  type: 'test'
  ...
# Subtest: offline startup restores clusters without normal model, usage, repo or IDB access
ok 371 - offline startup restores clusters without normal model, usage, repo or IDB access
  ---
  duration_ms: 1.242834
  type: 'test'
  ...
# Subtest: offline startup restores matrix without normal model, usage, repo or IDB access
ok 372 - offline startup restores matrix without normal model, usage, repo or IDB access
  ---
  duration_ms: 1.406834
  type: 'test'
  ...
# Subtest: offline startup preserves intentionally empty canvas membership and discards invalid focus
ok 373 - offline startup preserves intentionally empty canvas membership and discards invalid focus
  ---
  duration_ms: 1.086458
  type: 'test'
  ...
# Subtest: switching snapshot Domains and Tables retains each viewport and domain expansion positions
ok 374 - switching snapshot Domains and Tables retains each viewport and domain expansion positions
  ---
  duration_ms: 1.208083
  type: 'test'
  ...
# Subtest: an invalid embedded snapshot reports failure instead of falling back to fetch or repositories
ok 375 - an invalid embedded snapshot reports failure instead of falling back to fetch or repositories
  ---
  duration_ms: 0.896625
  type: 'test'
  ...
# Subtest: snapshot export reports progress, prevents duplicate saves and permits retry after failure
ok 376 - snapshot export reports progress, prevents duplicate saves and permits retry after failure
  ---
  duration_ms: 1.047167
  type: 'test'
  ...
# Subtest: recipient UI keeps four analysis modes and Save snapshot but has no model switcher, import or PNG
ok 377 - recipient UI keeps four analysis modes and Save snapshot but has no model switcher, import or PNG
  ---
  duration_ms: 20.893334
  type: 'test'
  ...
# Subtest: Domains then Measures preserves table focus, expanded display, positions and camera for export
ok 378 - Domains then Measures preserves table focus, expanded display, positions and camera for export
  ---
  duration_ms: 1.229625
  type: 'test'
  ...
# Subtest: new table changes after returning from Domains replace the previously cached table view
ok 379 - new table changes after returning from Domains replace the previously cached table view
  ---
  duration_ms: 0.978125
  type: 'test'
  ...
# Subtest: Matrix snapshot restores both scroll axes and caches them before leaving the view
ok 380 - Matrix snapshot restores both scroll axes and caches them before leaving the view
  ---
  duration_ms: 1.09925
  type: 'test'
  ...
# Subtest: malformed Matrix scroll values are sanitized without affecting table state
ok 381 - malformed Matrix scroll values are sanitized without affecting table state
  ---
  duration_ms: 0.727166
  type: 'test'
  ...
# Subtest: direct measure navigation captures the latest table changes before changing modes
ok 382 - direct measure navigation captures the latest table changes before changing modes
  ---
  duration_ms: 0.74475
  type: 'test'
  ...
# Subtest: model serialization preserves analytical schema and exact DAX while excluding source secrets and unknown fields
ok 383 - model serialization preserves analytical schema and exact DAX while excluding source secrets and unknown fields
  ---
  duration_ms: 0.632167
  type: 'test'
  ...
# Subtest: blank workspace exports every table and measure, independent of visible membership and search
ok 384 - blank workspace exports every table and measure, independent of visible membership and search
  ---
  duration_ms: 1.042375
  type: 'test'
  ...
# Subtest: HTML embeds hostile DAX and Unicode losslessly without creating executable data scripts
ok 385 - HTML embeds hostile DAX and Unicode losslessly without creating executable data scripts
  ---
  duration_ms: 11.226458
  type: 'test'
  ...
# Subtest: dollar replacement sequences remain literal in names, DAX, and the saved template
ok 386 - dollar replacement sequences remain literal in names, DAX, and the saved template
  ---
  duration_ms: 2.975625
  type: 'test'
  ...
# Subtest: HTML is self-contained and denies network requests through its content security policy
ok 387 - HTML is self-contained and denies network requests through its content security policy
  ---
  duration_ms: 2.424708
  type: 'test'
  ...
# Subtest: an exported snapshot can package its inline assets again without fetch or local asset paths
ok 388 - an exported snapshot can package its inline assets again without fetch or local asset paths
  ---
  duration_ms: 4.21325
  type: 'test'
  ...
# Subtest: unsupported versions and malformed embedded model data are rejected explicitly
ok 389 - unsupported versions and malformed embedded model data are rejected explicitly
  ---
  duration_ms: 0.39575
  type: 'test'
  ...
# Subtest: missing runtime assets abort export rather than creating an incomplete HTML file
ok 390 - missing runtime assets abort export rather than creating an incomplete HTML file
  ---
  duration_ms: 1.047875
  type: 'test'
  ...
# Subtest: memory storage never touches native storage and replaces all preferences between snapshots
ok 391 - memory storage never touches native storage and replaces all preferences between snapshots
  ---
  duration_ms: 0.533583
  type: 'test'
  ...
# Subtest: embedded payload switches to memory before application constructors read preferences
ok 392 - embedded payload switches to memory before application constructors read preferences
  ---
  duration_ms: 0.569375
  type: 'test'
  ...
# Subtest: invalid embedded payload remains isolated instead of falling back to recipient storage
ok 393 - invalid embedded payload remains isolated instead of falling back to recipient storage
  ---
  duration_ms: 0.304375
  type: 'test'
  ...
# Subtest: a bare `database` line (no inline name) does not read its own compatibilityLevel property as the name
ok 394 - a bare `database` line (no inline name) does not read its own compatibilityLevel property as the name
  ---
  duration_ms: 2.635667
  type: 'test'
  ...
# Subtest: an inline `database <Name>` line still parses correctly (older/common TMDL style)
ok 395 - an inline `database <Name>` line still parses correctly (older/common TMDL style)
  ---
  duration_ms: 0.644542
  type: 'test'
  ...
# Subtest: the repo fixture (inline database name) still parses to its real name
ok 396 - the repo fixture (inline database name) still parses to its real name
  ---
  duration_ms: 3.993917
  type: 'test'
  ...
# Subtest: names with an escaped apostrophe keep their measures and columns
ok 397 - names with an escaped apostrophe keep their measures and columns
  ---
  duration_ms: 0.634541
  type: 'test'
  ...
# Subtest: calculated columns, calculated tables and calculation items keep their DAX (TMDL)
ok 398 - calculated columns, calculated tables and calculation items keep their DAX (TMDL)
  ---
  duration_ms: 1.026541
  type: 'test'
  ...
# Subtest: calculated columns, calculated tables and calculation items keep their DAX (BIM)
ok 399 - calculated columns, calculated tables and calculation items keep their DAX (BIM)
  ---
  duration_ms: 0.921666
  type: 'test'
  ...
# Subtest: ``` fences around a multi-line measure are not part of its DAX
ok 400 - ``` fences around a multi-line measure are not part of its DAX
  ---
  duration_ms: 0.426292
  type: 'test'
  ...
# Subtest: unfence drops ``` fences that an older import left in a stored measure
ok 401 - unfence drops ``` fences that an older import left in a stored measure
  ---
  duration_ms: 0.348541
  type: 'test'
  ...
# usage-adapter.test.js: ok
# Subtest: tests/usage-adapter.test.js
ok 29 - tests/usage-adapter.test.js
  ---
  duration_ms: 21.353958
  type: 'test'
  ...
# Subtest: matrix updates immediately when table roles change without a model or count change
ok 403 - matrix updates immediately when table roles change without a model or count change
  ---
  duration_ms: 6.455792
  type: 'test'
  ...
# Subtest: a model with no fact tables has a covering empty state and working next actions
ok 404 - a model with no fact tables has a covering empty state and working next actions
  ---
  duration_ms: 0.696167
  type: 'test'
  ...
# Subtest: matrix is a semantic table and empty relationships are not focusable controls
ok 405 - matrix is a semantic table and empty relationships are not focusable controls
  ---
  duration_ms: 0.99325
  type: 'test'
  ...
# Subtest: table relationship tooltip escapes all model-supplied names
ok 406 - table relationship tooltip escapes all model-supplied names
  ---
  duration_ms: 0.767042
  type: 'test'
  ...
# Subtest: aggregated domain relationship tooltip escapes model-supplied names on hover
ok 407 - aggregated domain relationship tooltip escapes model-supplied names on hover
  ---
  duration_ms: 0.822708
  type: 'test'
  ...
# Subtest: switching away from Tables closes the inspector, and coming back reopens it on the same table
ok 408 - switching away from Tables closes the inspector, and coming back reopens it on the same table
  ---
  duration_ms: 0.588542
  type: 'test'
  ...
# Subtest: layered date-to-fact connection uses facing row edges and clears the item card
ok 409 - layered date-to-fact connection uses facing row edges and clears the item card
  ---
  duration_ms: 1.240875
  type: 'test'
  ...
# Subtest: expanded cards preserve column anchors while horizontal approaches avoid obstacles
ok 410 - expanded cards preserve column anchors while horizontal approaches avoid obstacles
  ---
  duration_ms: 0.841375
  type: 'test'
  ...
# Subtest: vertical obstacle detours retain endpoints and labels follow the routed segments
ok 411 - vertical obstacle detours retain endpoints and labels follow the routed segments
  ---
  duration_ms: 0.860709
  type: 'test'
  ...
# Subtest: fact ports are distinct and ordered by the other endpoint, regardless of metadata order
ok 412 - fact ports are distinct and ordered by the other endpoint, regardless of metadata order
  ---
  duration_ms: 0.742792
  type: 'test'
  ...
# Subtest: curved row connections leave and enter vertically with the correct label direction
ok 413 - curved row connections leave and enter vertically with the correct label direction
  ---
  duration_ms: 0.589833
  type: 'test'
  ...
# Subtest: each endpoint chooses its side independently for a diagonal layout
ok 414 - each endpoint chooses its side independently for a diagonal layout
  ---
  duration_ms: 0.522583
  type: 'test'
  ...
# Subtest: one table uses different sides for neighbors above, below, left and right
ok 415 - one table uses different sides for neighbors above, below, left and right
  ---
  duration_ms: 0.720959
  type: 'test'
  ...
# Subtest: a tiny relationship still provides a fallback arrow seat at the zoom floor
ok 416 - a tiny relationship still provides a fallback arrow seat at the zoom floor
  ---
  duration_ms: 0.534334
  type: 'test'
  ...
1..416
# tests 416
# suites 0
# pass 416
# fail 0
# cancelled 0
# skipped 0
# todo 0
# duration_ms 14035.886667
